******************************************************************************
                  TI ARM Linker PC v16.9.6                     
******************************************************************************
>> Linked Mon Feb 26 11:07:48 2018

OUTPUT FILE NAME:   <blink_TM4C_SWI.out>
ENTRY POINT SYMBOL: "_c_int00"  address: 00004531


MEMORY CONFIGURATION

         name            origin    length      used     unused   attr    fill
----------------------  --------  ---------  --------  --------  ----  --------
  FLASH                 00000000   00040000  0000858a  00037a76  R  X
  SRAM                  20000000   00008000  00002998  00005668  RW X


SEGMENT ALLOCATION MAP

run origin  load origin   length   init length attrs members
----------  ----------- ---------- ----------- ----- -------
00000000    00000000    00008590   00008590    r-x
  00000000    00000000    0000003c   0000003c    r-- .resetVecs
  00000040    00000040    00005bfa   00005bfa    r-x .text
  00005c3c    00005c3c    000026d4   000026d4    r-- .const
  00008310    00008310    00000280   00000280    r-- .cinit
20000000    20000000    00000360   00000000    rw-
  20000000    20000000    00000360   00000000    rw- .vecs
20000380    20000380    00002638   00000000    rw-
  20000380    20000380    00001c30   00000000    rw- .bss
  20001fb0    20001fb0    00000608   00000000    rw- .data
  200025b8    200025b8    00000400   00000000    rw- .stack


SECTION ALLOCATION MAP

 output                                  attributes/
section   page    origin      length       input sections
--------  ----  ----------  ----------   ----------------
.resetVecs 
*          0    00000000    0000003c     
                  00000000    0000003c     empty_pem4f.oem4f (.resetVecs)

.text      0    00000040    00005bfa     
                  00000040    00000430     sysbios.aem4f : BIOS.obj (.text:ti_sysbios_family_arm_m3_Hwi_excDumpRegs__I)
                  00000470    0000034c     ti.targets.arm.rtsarm.aem4f : System.oem4f (.text:xdc_runtime_System_doPrint__I)
                  000007bc    00000004     driverlib.lib : timer.obj (.text:TimerIntClear)
                  000007c0    00000314     sysbios.aem4f : BIOS.obj (.text:ti_sysbios_knl_Semaphore_pend__E)
                  00000ad4    00000004     empty_pem4f.oem4f (.text:malloc)
                  00000ad8    000001fc     sysbios.aem4f : BIOS.obj (.text:ti_sysbios_family_arm_m3_Hwi_excHandlerMax__I)
                  00000cd4    00000004     empty_pem4f.oem4f (.text:ti_sysbios_BIOS_RtsGateProxy_enter__E)
                  00000cd8    0000018c     sysbios.aem4f : BIOS.obj (.text:ti_sysbios_family_arm_lm4_Timer_start__E)
                  00000e64    00000004     empty_pem4f.oem4f (.text:ti_sysbios_BIOS_RtsGateProxy_leave__E)
                  00000e68    0000017c     sysbios.aem4f : BIOS.obj (.text:ti_sysbios_family_arm_lm4_TimestampProvider_get64__E)
                  00000fe4    00000004                   : BIOS.obj (.text:ti_sysbios_family_arm_lm4_Timer_masterEnable__I)
                  00000fe8    00000174                   : BIOS.obj (.text:ti_sysbios_family_arm_m3_Hwi_excBusFault__I)
                  0000115c    00000004     empty_pem4f.oem4f (.text:ti_sysbios_family_arm_m3_TaskSupport_Module__startupDone__S)
                  00001160    00000164     sysbios.aem4f : BIOS.obj (.text:ti_sysbios_family_arm_m3_Hwi_excUsageFault__I)
                  000012c4    00000004     empty_pem4f.oem4f (.text:ti_sysbios_knl_Clock_TimerProxy_getMaxTicks__E)
                  000012c8    00000148     sysbios.aem4f : BIOS.obj (.text:ti_sysbios_family_arm_m3_Hwi_excMemFault__I)
                  00001410    00000144     ti.targets.arm.rtsarm.aem4f : HeapStd.oem4f (.text:xdc_runtime_HeapStd_alloc__E)
                  00001554    00000004     empty_pem4f.oem4f (.text:ti_sysbios_knl_Clock_TimerProxy_getPeriod__E)
                  00001558    00000140     sysbios.aem4f : BIOS.obj (.text:ti_sysbios_knl_Semaphore_post__E)
                  00001698    0000013c                   : BIOS.obj (.text:ti_sysbios_knl_Clock_workFunc__E)
                  000017d4    00000004     empty_pem4f.oem4f (.text:ti_sysbios_knl_Queue_destruct)
                  000017d8    00000138     sysbios.aem4f : BIOS.obj (.text:ti_sysbios_family_arm_m3_Hwi_dispatchC__I)
                  00001910    00000138     empty_pem4f.oem4f (.text:ti_uia_loggers_LoggerStopMode_writeMemoryRange__E)
                  00001a48    00000130     driverlib.lib : gpio.obj (.text:GPIOPadConfigSet)
                  00001b78    0000011c     sysbios.aem4f : BIOS.obj (.text:ti_sysbios_knl_Swi_run__I)
                  00001c94    00000118     ti.targets.arm.rtsarm.aem4f : Error.oem4f (.text:xdc_runtime_Error_policyDefault__E)
                  00001dac    0000010c     driverlib.lib : sysctl.obj (.text:SysCtlClockGet)
                  00001eb8    0000010c     empty_pem4f.oem4f (.text:ti_uia_loggers_LoggerStopMode_write8__E)
                  00001fc4    00000100     Boot.aem4f : Boot_sysctl.oem4f (.text:ti_catalog_arm_cortexm4_tiva_ce_Boot_sysCtlClockSetI__I)
                  000020c4    00000100     ti.targets.arm.rtsarm.aem4f : Core-mem.oem4f (.text:xdc_runtime_Core_createObject__I)
                  000021c4    000000f8                                 : Startup.oem4f (.text:xdc_runtime_Startup_startMods__I)
                  000022bc    000000f8     empty_pem4f.oem4f (.text:xdc_runtime_System_printfExtend__I)
                  000023b4    000000f4     sysbios.aem4f : m3_Hwi_asm.obj (.text:ti_sysbios_family_arm_m3_Hwi_dispatch__I)
                  000024a8    000000f4     empty_pem4f.oem4f (.text:ti_uia_loggers_LoggerStopMode_write4__E)
                  0000259c    000000f0     driverlib.lib : sysctl.obj (.text:SysCtlClockSet)
                  0000268c    000000e8     empty_pem4f.oem4f (.text:ti_uia_loggers_LoggerStopMode_write1__E)
                  00002774    000000e8     empty_pem4f.oem4f (.text:ti_uia_loggers_LoggerStopMode_write2__E)
                  0000285c    000000dc     main.obj (.text:ledToggle)
                  00002938    000000d8     sysbios.aem4f : BIOS.obj (.text:ti_sysbios_family_arm_lm4_TimestampProvider_get32__E)
                  00002a10    000000d8     empty_pem4f.oem4f (.text:ti_uia_loggers_LoggerStopMode_write0__E)
                  00002ae8    000000cc     sysbios.aem4f : BIOS.obj (.text:ti_sysbios_knl_Task_schedule__I)
                  00002bb4    000000cc     ti.targets.arm.rtsarm.aem4f : Core-smem.oem4f (.text:xdc_runtime_Core_constructObject__I)
                  00002c80    000000cc                                 : HeapStd.oem4f (.text:xdc_runtime_HeapStd_Instance_init__E)
                  00002d4c    00000004     empty_pem4f.oem4f (.text:ti_sysbios_knl_Semaphore_destruct)
                  00002d50    000000bc     sysbios.aem4f : BIOS.obj (.text:ti_sysbios_family_arm_m3_Hwi_excDebugMon__I)
                  00002e0c    00000004     ti.uia.loggers.aem4f : LoggerStopMode.oem4f (.text:ti_uia_loggers_LoggerStopMode_getContents__E)
                  00002e10    000000bc     sysbios.aem4f : BIOS.obj (.text:ti_sysbios_family_arm_m3_Hwi_excHardFault__I)
                  00002ecc    00000004     empty_pem4f.oem4f (.text:ti_uia_loggers_LoggerStopMode_getFilterLevel__E)
                  00002ed0    000000bc     sysbios.aem4f : BIOS.obj (.text:ti_sysbios_knl_Task_startCore__E)
                  00002f8c    00000004     ti.uia.loggers.aem4f : LoggerStopMode.oem4f (.text:ti_uia_loggers_LoggerStopMode_getInstanceId__E)
                  00002f90    000000bc     sysbios.aem4f : BIOS.obj (.text:ti_sysbios_utils_Load_updateLoads__E)
                  0000304c    00000004     ti.uia.loggers.aem4f : LoggerStopMode.oem4f (.text:ti_uia_loggers_LoggerStopMode_getMaxLength__E)
                  00003050    000000b4     sysbios.aem4f : BIOS.obj (.text:ti_sysbios_gates_GateMutex_enter__E)
                  00003104    00000004     ti.uia.loggers.aem4f : LoggerStopMode.oem4f (.text:ti_uia_loggers_LoggerStopMode_getPriority__E)
                  00003108    000000b4     sysbios.aem4f : BIOS.obj (.text:ti_sysbios_knl_Task_checkStacks__E)
                  000031bc    00000004     ti.uia.loggers.aem4f : LoggerStopMode.oem4f (.text:ti_uia_loggers_LoggerStopMode_getTransferType__E)
                  000031c0    000000b0     sysbios.aem4f : BIOS.obj (.text:ti_sysbios_utils_Load_idleFxn__E)
                  00003270    000000ac                   : BIOS.obj (.text:ti_sysbios_family_arm_lm4_Timer_enableTiva__I)
                  0000331c    00000004     ti.targets.arm.rtsarm.aem4f : Error.oem4f (.text:xdc_runtime_Error_getSite__E)
                  00003320    000000ac     sysbios.aem4f : BIOS.obj (.text:ti_sysbios_knl_Swi_post__E)
                  000033cc    00000004     ti.targets.arm.rtsarm.aem4f : HeapStd.oem4f (.text:xdc_runtime_HeapStd_isBlocking__E)
                  000033d0    000000a8     sysbios.aem4f : BIOS.obj (.text:ti_sysbios_family_arm_lm4_Timer_enableTimers__I)
                  00003478    000000a8                   : BIOS.obj (.text:ti_sysbios_knl_Task_blockI__E)
                  00003520    000000a8                   : BIOS.obj (.text:ti_sysbios_knl_Task_postInit__I)
                  000035c8    000000a8     ti.targets.arm.rtsarm.aem4f : HeapStd.oem4f (.text:xdc_runtime_HeapStd_free__E)
                  00003670    000000a0     auto_init.aem4f : auto_init.oem4f (.text)
                  00003710    000000a0     ti.targets.arm.rtsarm.aem4f : Text.oem4f (.text:xdc_runtime_Text_putMod__E)
                  000037b0    0000009c     rtsv7M4_T_le_v4SPD16_eabi.lib : memcpy_t2.obj (.text)
                  0000384c    00000004     empty_pem4f.oem4f (.text:xdc_runtime_System_Module_GateProxy_enter__E)
                  00003850    0000009c     sysbios.aem4f : BIOS.obj (.text:ti_sysbios_knl_Semaphore_Instance_init__E)
                  000038ec    0000009a     ti.targets.arm.rtsarm.aem4f : Text.oem4f (.text:xdc_runtime_Text_putSite__E)
                  00003986    00000002     empty_pem4f.oem4f (.text:free)
                  00003988    00000098     Boot.aem4f : Boot.oem4f (.text:ti_catalog_arm_cortexm4_tiva_ce_Boot_sysCtlClockSet__E)
                  00003a20    00000094     sysbios.aem4f : BIOS.obj (.text:ti_sysbios_family_arm_m3_Hwi_initNVIC__E)
                  00003ab4    00000004     empty_pem4f.oem4f (.text:xdc_runtime_System_Module_GateProxy_leave__E)
                  00003ab8    00000094     sysbios.aem4f : BIOS.obj (.text:ti_sysbios_knl_Task_exit__E)
                  00003b4c    00000004     ti.targets.arm.rtsarm.aem4f : System.oem4f (.text:xdc_runtime_System_aprintf_va__F)
                  00003b50    00000090     sysbios.aem4f : BIOS.obj (.text:ti_sysbios_knl_Task_unblockI__E)
                  00003be0    00000090     ti.uia.loggers.aem4f : LoggerStopMode.oem4f (.text:ti_uia_loggers_LoggerStopMode_initQueueDescriptor__E)
                  00003c70    0000008c     sysbios.aem4f : m3_TaskSupport_asm.obj (.text:ti_sysbios_family_arm_m3_TaskSupport_buildTaskStack)
                  00003cfc    00000004     ti.targets.arm.rtsarm.aem4f : System.oem4f (.text:xdc_runtime_System_printf_va__F)
                  00003d00    00000084     sysbios.aem4f : BIOS.obj (.text:ti_sysbios_family_arm_m3_Hwi_postInit__I)
                  00003d84    0000007a     rtsv7M4_T_le_v4SPD16_eabi.lib : memset_t2.obj (.text)
                  00003dfe    00000002                                   : i_div0.obj (.text)
                  00003e00    00000074     ti.uia.runtime.aem4f : QueueDescriptor.oem4f (.text:ti_uia_runtime_QueueDescriptor_addToList__E)
                  00003e74    0000006d     ti.targets.arm.rtsarm.aem4f : System.oem4f (.text:xdc_runtime_System_formatNum__I)
                  00003ee1    00000001     --HOLE-- [fill = 0]
                  00003ee2    00000006     driverlib.lib : gpio.obj (.text:GPIOPinRead)
                  00003ee8    0000006c     sysbios.aem4f : BIOS.obj (.text:ti_sysbios_knl_Swi_restoreHwi__E)
                  00003f54    0000006c     ti.targets.arm.rtsarm.aem4f : Error.oem4f (.text:xdc_runtime_Error_print__E)
                  00003fc0    0000006c                                 : Memory.oem4f (.text:xdc_runtime_Memory_alloc__E)
                  0000402c    00000068     rtsv7M4_T_le_v4SPD16_eabi.lib : copy_decompress_lzss.obj (.text:decompress:lzss)
                  00004094    00000068     main.obj (.text:hardware_init)
                  000040fc    00000068     rtsv7M4_T_le_v4SPD16_eabi.lib : trgmsg.obj (.text)
                  00004164    00000066     ti.uia.loggers.aem4f : LoggerStopMode.oem4f (.text:ti_uia_loggers_LoggerStopMode_flush__E)
                  000041ca    00000066     ti.targets.arm.rtsarm.aem4f : Core-mem.oem4f (.text:xdc_runtime_Core_deleteObject__I)
                  00004230    00000064     sysbios.aem4f : BIOS.obj (.text:ti_sysbios_family_arm_lm4_Timer_Module_startup__E)
                  00004294    00000060     driverlib.lib : timer.obj (.text:TimerConfigure)
                  000042f4    00000002     empty_pem4f.oem4f (.text:ti_sysbios_BIOS_nullFunc__I)
                  000042f6    00000002     empty_pem4f.oem4f (.text:ti_uia_loggers_LoggerStopMode_setFilterLevel__E)
                  000042f8    00000060     sysbios.aem4f : BIOS.obj (.text:ti_sysbios_family_arm_lm4_Timer_isrStub__E)
                  00004358    00000060                   : BIOS.obj (.text:ti_sysbios_knl_Clock_logTick__E)
                  000043b8    00000060                   : BIOS.obj (.text:ti_sysbios_utils_Load_logCPULoad__I)
                  00004418    0000005c                   : BIOS.obj (.text:ti_sysbios_knl_Swi_schedule__I)
                  00004474    00000002     ti.uia.loggers.aem4f : LoggerStopMode.oem4f (.text:ti_uia_loggers_LoggerStopMode_setPriority__E)
                  00004476    00000002     empty_pem4f.oem4f (.text:xdc_runtime_Startup_reset__I)
                  00004478    0000005c     sysbios.aem4f : BIOS.obj (.text:ti_sysbios_knl_Task_Module_startup__E)
                  000044d4    0000005b     ti.targets.arm.rtsarm.aem4f : Text.oem4f (.text:xdc_runtime_Text_putLab__E)
                  0000452f    00000001     --HOLE-- [fill = 0]
                  00004530    00000058     boot.aem4f : boot.oem4f (.text)
                  00004588    00000058     rtsv7M4_T_le_v4SPD16_eabi.lib : hostwrite.obj (.text)
                  000045e0    00000058     sysbios.aem4f : m3_Hwi_asm_switch.obj (.text:ti_sysbios_family_arm_m3_Hwi_initStacks__E)
                  00004638    00000058     empty_pem4f.oem4f (.text:xdc_runtime_HeapStd_Object__create__S)
                  00004690    00000054     rtsv7M4_T_le_v4SPD16_eabi.lib : exit.obj (.text)
                  000046e4    00000054     ti.targets.arm.rtsarm.aem4f : Assert.oem4f (.text:xdc_runtime_Assert_raise__I)
                  00004738    00000050     sysbios.aem4f : BIOS.obj (.text:ti_sysbios_family_arm_m3_Hwi_Module_startup__E)
                  00004788    00000050     ti.targets.arm.rtsarm.aem4f : Startup.oem4f (.text:xdc_runtime_Startup_exec__E)
                  000047d8    00000050                                 : Text.oem4f (.text:xdc_runtime_Text_visitRope2__I)
                  00004828    0000004c     rtsv7M4_T_le_v4SPD16_eabi.lib : cpy_tbl.obj (.text)
                  00004874    00000004     --HOLE-- [fill = 0]
                  00004878    0000004c     sysbios.aem4f : BIOS.obj (.text:ti_sysbios_knl_Swi_runLoop__I)
                  000048c4    00000004     --HOLE-- [fill = 0]
                  000048c8    0000004c                   : BIOS.obj (.text:ti_sysbios_knl_Task_allBlockedFunction__I)
                  00004914    0000004c     ti.uia.loggers.aem4f : LoggerStopMode.oem4f (.text:ti_uia_loggers_LoggerStopMode_Module_startup__E)
                  00004960    00000048     sysbios.aem4f : BIOS.obj (.text:ti_sysbios_family_arm_m3_Hwi_disableInterrupt__E)
                  000049a8    00000048                   : BIOS.obj (.text:ti_sysbios_family_arm_m3_Hwi_enableInterrupt__E)
                  000049f0    00000048                   : BIOS.obj (.text:ti_sysbios_family_arm_m3_Hwi_excReserved__I)
                  00004a38    00000046     ti.targets.arm.rtsarm.aem4f : Core-params.oem4f (.text:xdc_runtime_Core_assignParams__I)
                  00004a7e    00000002     --HOLE-- [fill = 0]
                  00004a80    00000044     sysbios.aem4f : BIOS.obj (.text:ti_sysbios_family_arm_lm4_Timer_stop__E)
                  00004ac4    00000004     --HOLE-- [fill = 0]
                  00004ac8    00000044                   : BIOS.obj (.text:ti_sysbios_family_arm_m3_Hwi_getStackInfo__E)
                  00004b0c    00000044     ti.uia.loggers.aem4f : LoggerStopMode.oem4f (.text:ti_uia_loggers_LoggerStopMode_initBuffer__I)
                  00004b50    00000044     ti.targets.arm.rtsarm.aem4f : Error.oem4f (.text:xdc_runtime_Error_setX__E)
                  00004b94    00000044                                 : SysMin.oem4f (.text:xdc_runtime_SysMin_flush__E)
                  00004bd8    00000044                                 : Text.oem4f (.text:xdc_runtime_Text_xprintf__I)
                  00004c1c    00000040     rtsv7M4_T_le_v4SPD16_eabi.lib : u_divt2.obj (.text)
                  00004c5c    00000004     --HOLE-- [fill = 0]
                  00004c60    00000040     sysbios.aem4f : BIOS.obj (.text:ti_sysbios_family_arm_lm4_Timer_startup__E)
                  00004ca0    0000003c                   : BIOS.obj (.text:ti_sysbios_family_arm_m3_Hwi_excSvCall__I)
                  00004cdc    00000004     --HOLE-- [fill = 0]
                  00004ce0    0000003c                   : BIOS.obj (.text:ti_sysbios_heaps_HeapMem_init__I)
                  00004d1c    00000004     --HOLE-- [fill = 0]
                  00004d20    0000003c                   : BIOS.obj (.text:ti_sysbios_knl_Swi_startup__E)
                  00004d5c    00000004     --HOLE-- [fill = 0]
                  00004d60    00000038                   : BIOS.obj (.text:ti_sysbios_family_arm_m3_Hwi_excNoIsr__I)
                  00004d98    00000038                   : BIOS.obj (.text:ti_sysbios_knl_Task_processVitalTaskFlag__I)
                  00004dd0    00000038     ti.targets.arm.rtsarm.aem4f : SysMin.oem4f (.text:xdc_runtime_SysMin_putch__E)
                  00004e08    00000038                                 : System.oem4f (.text:xdc_runtime_System_atexit__E)
                  00004e40    00000034     driverlib.lib : sysctl.obj (.text:SysCtlPeripheralEnable)
                  00004e74    00000004     --HOLE-- [fill = 0]
                  00004e78    00000034     sysbios.aem4f : BIOS.obj (.text:ti_sysbios_family_arm_m3_Hwi_excNmi__I)
                  00004eac    00000004     --HOLE-- [fill = 0]
                  00004eb0    00000034                   : BIOS.obj (.text:ti_sysbios_hal_Hwi_checkStack)
                  00004ee4    00000034     ti.uia.loggers.aem4f : LoggerStopMode.oem4f (.text:ti_uia_loggers_LoggerStopMode_reset__E)
                  00004f18    00000034     ti.targets.arm.rtsarm.aem4f : Core-label.oem4f (.text:xdc_runtime_Core_assignLabel__I)
                  00004f4c    00000033                                 : Text.oem4f (.text:xdc_runtime_Text_printVisFxn__I)
                  00004f7f    00000001     --HOLE-- [fill = 0]
                  00004f80    00000032     sysbios.aem4f : BIOS.obj (.text:ti_sysbios_hal_Hwi_initStack)
                  00004fb2    00000006     driverlib.lib : gpio.obj (.text:GPIOPinWrite)
                  00004fb8    00000032     sysbios.aem4f : BIOS.obj (.text:ti_sysbios_knl_Semaphore_pendTimeout__I)
                  00004fea    00000002     --HOLE-- [fill = 0]
                  00004fec    00000030     empty_pem4f.oem4f (.text:ti_sysbios_BIOS_atExitFunc__I)
                  0000501c    00000004     --HOLE-- [fill = 0]
                  00005020    00000030     sysbios.aem4f : BIOS.obj (.text:ti_sysbios_family_arm_m3_TaskSupport_start__E)
                  00005050    00000030     empty_pem4f.oem4f (.text:ti_sysbios_gates_GateHwi_Object__create__S)
                  00005080    00000030     empty_pem4f.oem4f (.text:ti_sysbios_gates_GateMutex_Object__create__S)
                  000050b0    00000030     empty_pem4f.oem4f (.text:ti_sysbios_knl_Semaphore_construct)
                  000050e0    00000030     sysbios.aem4f : BIOS.obj (.text:ti_sysbios_utils_Load_updateCurrentThreadTime__E)
                  00005110    00000030     empty_pem4f.oem4f (.text:ti_uia_loggers_LoggerStopMode_Object__create__S)
                  00005140    00000030     ti.targets.arm.rtsarm.aem4f : SysMin.oem4f (.text:xdc_runtime_SysMin_abort__E)
                  00005170    00000030                                 : System.oem4f (.text:xdc_runtime_System_processAtExit__E)
                  000051a0    0000002c     empty_pem4f.oem4f (.text:ti_sysbios_knl_Clock_doTick__I)
                  000051cc    0000002c     empty_pem4f.oem4f (.text:ti_sysbios_knl_Queue_construct)
                  000051f8    0000002c     sysbios.aem4f : BIOS.obj (.text:ti_sysbios_knl_Task_restore__E)
                  00005224    0000002c     ti.targets.arm.rtsarm.aem4f : Text.oem4f (.text:xdc_runtime_Text_cordText__E)
                  00005250    0000002a     driverlib.lib : gpio.obj (.text:GPIODirModeSet)
                  0000527a    0000002a     ti.targets.arm.rtsarm.aem4f : System.oem4f (.text:xdc_runtime_System_putchar__I)
                  000052a4    00000004     --HOLE-- [fill = 0]
                  000052a8    00000028     sysbios.aem4f : BIOS.obj (.text:ti_sysbios_knl_Swi_Module_startup__E)
                  000052d0    00000026                   : m3_Hwi_asm.obj (.text:ti_sysbios_family_arm_m3_Hwi_pendSV__I)
                  000052f6    00000026     ti.targets.arm.rtsarm.aem4f : System.oem4f (.text:xdc_runtime_System_avprintf__E)
                  0000531c    00000024     empty_pem4f.oem4f (.text:ti_sysbios_BIOS_registerRTSLock__I)
                  00005340    00000024     empty_pem4f.oem4f (.text:ti_sysbios_BIOS_removeRTSLock__I)
                  00005364    00000024     empty_pem4f.oem4f (.text:ti_sysbios_BIOS_startFunc__I)
                  00005388    00000024     sysbios.aem4f : BIOS.obj (.text:ti_sysbios_family_arm_m3_Hwi_doTaskRestore__I)
                  000053ac    00000024     empty_pem4f.oem4f (.text:ti_sysbios_gates_GateMutex_Object__delete__S)
                  000053d0    00000024     sysbios.aem4f : BIOS.obj (.text:ti_sysbios_knl_Clock_Module_startup__E)
                  000053f4    00000024     ti.targets.arm.rtsarm.aem4f : System.oem4f (.text:xdc_runtime_System_vprintf__E)
                  00005418    00000022     sysbios.aem4f : BIOS.obj (.text:ti_sysbios_family_arm_lm4_Timer_write__I)
                  0000543a    00000022     empty_pem4f.oem4f (.text:xdc_runtime_SysMin_output__I)
                  0000545c    00000020     empty_pem4f.oem4f (.text:ti_sysbios_BIOS_rtsLock__I)
                  0000547c    00000020     sysbios.aem4f : m3_Hwi_asm.obj (.text:ti_sysbios_family_arm_m3_Hwi_excHandlerAsm__I)
                  0000549c    00000004     --HOLE-- [fill = 0]
                  000054a0    00000020                   : BIOS.obj (.text:ti_sysbios_family_arm_m3_Hwi_excHandler__I)
                  000054c0    00000020     empty_pem4f.oem4f (.text:ti_sysbios_gates_GateHwi_Object__delete__S)
                  000054e0    00000020     sysbios.aem4f : BIOS.obj (.text:ti_sysbios_knl_Idle_run__E)
                  00005500    00000020     empty_pem4f.oem4f (.text:ti_sysbios_knl_Semaphore_Object__destruct__S)
                  00005520    00000020     empty_pem4f.oem4f (.text:ti_uia_loggers_LoggerStopMode_Object__delete__S)
                  00005540    00000020     ti.targets.arm.rtsarm.aem4f : Registry.oem4f (.text:xdc_runtime_Registry_findById__E)
                  00005560    00000020                                 : SysMin.oem4f (.text:xdc_runtime_SysMin_Module_startup__E)
                  00005580    0000001e     empty_pem4f.oem4f (.text:ti_sysbios_BIOS_errorRaiseHook__I)
                  0000559e    0000001e     sysbios.aem4f : m3_Hwi_asm_switch.obj (.text:ti_sysbios_family_xxx_Hwi_switchAndRunFunc)
                  000055bc    0000001c     main.obj (.text:Timer_ISR)
                  000055d8    0000001c     sysbios.aem4f : BIOS.obj (.text:ti_sysbios_gates_GateMutex_Instance_init__E)
                  000055f4    0000001c     empty_pem4f.oem4f (.text:ti_sysbios_knl_Queue_Object__destruct__S)
                  00005610    0000001c     sysbios.aem4f : BIOS.obj (.text:ti_sysbios_knl_Task_enter__I)
                  0000562c    0000001c     ti.uia.loggers.aem4f : LoggerStopMode.oem4f (.text:ti_uia_loggers_LoggerStopMode_Instance_init__E)
                  00005648    0000001c     ti.targets.arm.rtsarm.aem4f : Error.oem4f (.text:xdc_runtime_Error_raiseX__E)
                  00005664    0000001c     empty_pem4f.oem4f (.text:xdc_runtime_HeapStd_Object__delete__S)
                  00005680    0000001c     ti.targets.arm.rtsarm.aem4f : Memory.oem4f (.text:xdc_runtime_Memory_valloc__E)
                  0000569c    0000001c                                 : SysMin.oem4f (.text:xdc_runtime_SysMin_exit__E)
                  000056b8    0000001c                                 : System.oem4f (.text:xdc_runtime_System_abort__E)
                  000056d4    0000001a     empty_pem4f.oem4f (.text:ti_sysbios_family_arm_m3_Hwi_Handle__label__S)
                  000056ee    0000001a     empty_pem4f.oem4f (.text:ti_sysbios_gates_GateHwi_Handle__label__S)
                  00005708    0000001a     empty_pem4f.oem4f (.text:ti_sysbios_gates_GateMutex_Handle__label__S)
                  00005722    0000001a     empty_pem4f.oem4f (.text:ti_sysbios_knl_Swi_Handle__label__S)
                  0000573c    0000001a     empty_pem4f.oem4f (.text:ti_sysbios_knl_Task_Handle__label__S)
                  00005756    0000001a     empty_pem4f.oem4f (.text:ti_uia_loggers_LoggerStopMode_Handle__label__S)
                  00005770    0000001a     empty_pem4f.oem4f (.text:xdc_runtime_HeapStd_Handle__label__S)
                  0000578a    0000001a     empty_pem4f.oem4f (.text:xdc_runtime_System_aprintf__E)
                  000057a4    0000001a     empty_pem4f.oem4f (.text:xdc_runtime_System_printf__E)
                  000057be    00000018     driverlib.lib : gpio.obj (.text:GPIOPinTypeGPIOOutput)
                  000057d6    00000002     --HOLE-- [fill = 0]
                  000057d8    00000018     rtsv7M4_T_le_v4SPD16_eabi.lib : args_main.obj (.text)
                  000057f0    00000018     empty_pem4f.oem4f (.text:ti_sysbios_BIOS_rtsUnlock__I)
                  00005808    00000018     empty_pem4f.oem4f (.text:ti_sysbios_family_arm_lm4_Timer_Module__startupDone__F)
                  00005820    00000018     empty_pem4f.oem4f (.text:ti_sysbios_family_arm_m3_Hwi_Module__startupDone__F)
                  00005838    00000018     sysbios.aem4f : m3_TaskSupport_asm.obj (.text:ti_sysbios_family_arm_m3_TaskSupport_swap__E)
                  00005850    00000018                   : BIOS.obj (.text:ti_sysbios_gates_GateMutex_leave__E)
                  00005868    00000018     ti.targets.arm.rtsarm.aem4f : Error.oem4f (.text:xdc_runtime_Error_check__E)
                  00005880    00000018                                 : System.oem4f (.text:xdc_runtime_System_exit__E)
                  00005898    00000018                                 : Text.oem4f (.text:xdc_runtime_Text_ropeText__E)
                  000058b0    00000016     empty_pem4f.oem4f (.text:ti_sysbios_BIOS_exitFunc__I)
                  000058c6    00000016     ti.uia.loggers.aem4f : LoggerStopMode.oem4f (.text:ti_uia_loggers_LoggerStopMode_disable__E)
                  000058dc    00000016                          : LoggerStopMode.oem4f (.text:ti_uia_loggers_LoggerStopMode_enable__E)
                  000058f2    00000002     --HOLE-- [fill = 0]
                  000058f4    00000014     rtsv7M4_T_le_v4SPD16_eabi.lib : _lock.obj (.text)
                  00005908    00000014                                   : strlen.obj (.text)
                  0000591c    00000014     empty_pem4f.oem4f (.text:ti_sysbios_family_arm_m3_Hwi_Object__get__S)
                  00005930    00000014     sysbios.aem4f : BIOS.obj (.text:ti_sysbios_family_arm_m3_Hwi_switchFromBootStack__E)
                  00005944    00000014     empty_pem4f.oem4f (.text:ti_sysbios_knl_Swi_Object__get__S)
                  00005958    00000012     driverlib.lib : timer.obj (.text:TimerLoadSet)
                  0000596a    00000006                   : sysctl.obj (.text:SysCtlDelay)
                  00005970    00000012     sysbios.aem4f : BIOS.obj (.text:ti_sysbios_hal_Hwi_Module_startup__E)
                  00005982    00000012     empty_pem4f.oem4f (.text:xdc_runtime_Startup_exec__I)
                  00005994    00000004     --HOLE-- [fill = 0]
                  00005998    00000010     sysbios.aem4f : BIOS.obj (.text:ti_sysbios_BIOS_getCpuFreq__E)
                  000059a8    00000010                   : BIOS.obj (.text:ti_sysbios_BIOS_setThreadType__E)
                  000059b8    00000010                   : BIOS.obj (.text:ti_sysbios_BIOS_start__E)
                  000059c8    00000010                   : BIOS.obj (.text:ti_sysbios_family_arm_lm4_TimestampProvider_rolloverFunc__E)
                  000059d8    00000010                   : m3_TaskSupport_asm.obj (.text:ti_sysbios_family_arm_m3_TaskSupport_glue)
                  000059e8    00000010                   : BIOS.obj (.text:ti_sysbios_gates_GateMutex_Instance_finalize__E)
                  000059f8    00000010     empty_pem4f.oem4f (.text:ti_sysbios_heaps_HeapMem_Object__get__S)
                  00005a08    00000010     sysbios.aem4f : BIOS.obj (.text:ti_sysbios_knl_Semaphore_Instance_finalize__E)
                  00005a18    00000010                   : BIOS.obj (.text:ti_sysbios_knl_Swi_disable__E)
                  00005a28    00000010     empty_pem4f.oem4f (.text:ti_sysbios_knl_Task_Object__get__S)
                  00005a38    00000010     sysbios.aem4f : BIOS.obj (.text:ti_sysbios_knl_Task_disable__E)
                  00005a48    00000010     empty_pem4f.oem4f (.text:ti_uia_loggers_LoggerStopMode_Object__get__S)
                  00005a58    00000010     ti.uia.loggers.aem4f : LoggerStopMode.oem4f (.text:ti_uia_loggers_LoggerStopMode_isEmpty__E)
                  00005a68    00000010     ti.targets.arm.rtsarm.aem4f : Gate.oem4f (.text:xdc_runtime_Gate_leaveSystem__E)
                  00005a78    00000010                                 : Memory.oem4f (.text:xdc_runtime_Memory_free__E)
                  00005a88    00000010                                 : SysMin.oem4f (.text:xdc_runtime_SysMin_ready__E)
                  00005a98    00000010                                 : System.oem4f (.text:xdc_runtime_System_vsnprintf__E)
                  00005aa8    00000010     empty_pem4f.oem4f (.text:xdc_runtime_Text_visitRope__I)
                  00005ab8    0000000e     driverlib.lib : timer.obj (.text:TimerEnable)
                  00005ac6    0000000e     rtsv7M4_T_le_v4SPD16_eabi.lib : copy_decompress_none.obj (.text:decompress:none)
                  00005ad4    00000004     --HOLE-- [fill = 0]
                  00005ad8    0000000e     sysbios.aem4f : BIOS.obj (.text:ti_sysbios_knl_Idle_loop__E)
                  00005ae6    00000002     --HOLE-- [fill = 0]
                  00005ae8    0000000e                   : BIOS.obj (.text:ti_sysbios_knl_Queue_empty__E)
                  00005af6    0000000e     ti.targets.arm.rtsarm.aem4f : HeapStd.oem4f (.text:xdc_runtime_HeapStd_getStats__E)
                  00005b04    0000000c     empty_pem4f.oem4f (.text:.bootCodeSection:ti_catalog_arm_cortexm4_tiva_ce_Boot_init__I)
                  00005b10    0000000c     rtsv7M4_T_le_v4SPD16_eabi.lib : copy_zero_init.obj (.text:decompress:ZI)
                  00005b1c    0000000c     main.obj (.text:main)
                  00005b28    0000000c     sysbios.aem4f : BIOS.obj (.text:ti_sysbios_family_arm_lm4_Timer_getMaxTicks__E)
                  00005b34    00000004     --HOLE-- [fill = 0]
                  00005b38    0000000c                   : BIOS.obj (.text:ti_sysbios_family_arm_lm4_TimestampProvider_startTimer__E)
                  00005b44    00000004     --HOLE-- [fill = 0]
                  00005b48    0000000c                   : BIOS.obj (.text:ti_sysbios_family_arm_m3_Hwi_disableFxn__E)
                  00005b54    00000004     --HOLE-- [fill = 0]
                  00005b58    0000000c                   : BIOS.obj (.text:ti_sysbios_family_arm_m3_TaskSupport_checkStack__E)
                  00005b64    00000004     --HOLE-- [fill = 0]
                  00005b68    0000000c                   : BIOS.obj (.text:ti_sysbios_gates_GateHwi_enter__E)
                  00005b74    0000000c     empty_pem4f.oem4f (.text:ti_sysbios_knl_Queue_Object__get__S)
                  00005b80    0000000c     ti.targets.arm.rtsarm.aem4f : Error.oem4f (.text:xdc_runtime_Error_init__E)
                  00005b8c    0000000c                                 : Gate.oem4f (.text:xdc_runtime_Gate_enterSystem__E)
                  00005b98    0000000c                                 : Memory.oem4f (.text:xdc_runtime_Memory_calloc__E)
                  00005ba4    0000000c                                 : Memory.oem4f (.text:xdc_runtime_Memory_getMaxDefaultTypeAlign__E)
                  00005bb0    0000000a     empty_pem4f.oem4f (.text:xdc_runtime_IHeap_alloc)
                  00005bba    0000000a     empty_pem4f.oem4f (.text:xdc_runtime_IHeap_free)
                  00005bc4    00000008     driverlib.lib : timer.obj (.text:TimerIntEnable)
                  00005bcc    00000008     sysbios.aem4f : BIOS.obj (.text:ti_sysbios_family_arm_lm4_Timer_masterDisable__I)
                  00005bd4    00000004     --HOLE-- [fill = 0]
                  00005bd8    00000008                   : BIOS.obj (.text:ti_sysbios_family_arm_m3_Hwi_doSwiRestore__I)
                  00005be0    00000008                   : BIOS.obj (.text:ti_sysbios_family_arm_m3_Hwi_startup__E)
                  00005be8    00000006     Boot.aem4f : Boot_sysctl.oem4f (.text:ti_catalog_arm_cortexm4_tiva_ce_Boot_sysCtlDelayI__I)
                  00005bee    00000002     --HOLE-- [fill = 0]
                  00005bf0    00000006     sysbios.aem4f : BIOS.obj (.text:ti_sysbios_family_arm_lm4_TimestampProvider_Module_startup__E)
                  00005bf6    00000002     --HOLE-- [fill = 0]
                  00005bf8    00000006                   : BIOS.obj (.text:ti_sysbios_family_arm_m3_Hwi_restoreFxn__E)
                  00005bfe    00000002     --HOLE-- [fill = 0]
                  00005c00    00000006                   : BIOS.obj (.text:ti_sysbios_gates_GateHwi_leave__E)
                  00005c06    00000002     --HOLE-- [fill = 0]
                  00005c08    00000006                   : BIOS.obj (.text:ti_sysbios_knl_Queue_Instance_init__E)
                  00005c0e    00000006     ti.targets.arm.rtsarm.aem4f : System.oem4f (.text:xdc_runtime_System_Module_startup__E)
                  00005c14    00000004     --HOLE-- [fill = 0]
                  00005c18    00000004     sysbios.aem4f : BIOS.obj (.text:ti_sysbios_family_arm_lm4_Timer_getPeriod__E)
                  00005c1c    00000004     --HOLE-- [fill = 0]
                  00005c20    00000004                   : BIOS.obj (.text:ti_sysbios_gates_GateHwi_query__E)
                  00005c24    00000004     --HOLE-- [fill = 0]
                  00005c28    00000004                   : BIOS.obj (.text:ti_sysbios_gates_GateMutex_query__E)
                  00005c2c    00000004     --HOLE-- [fill = 0]
                  00005c30    00000004                   : BIOS.obj (.text:ti_sysbios_knl_Task_startup__E)
                  00005c34    00000004     --HOLE-- [fill = 0]
                  00005c38    00000002                   : BIOS.obj (.text:ti_sysbios_gates_GateHwi_Instance_init__E)

.const     0    00005c3c    000026d4     
                  00005c3c    00001fb9     empty_pem4f.oem4f (.const:xdc_runtime_Text_charTab__A)
                  00007bf5    00000001     empty_pem4f.oem4f (.const:xdc_runtime_Error_policy__C)
                  00007bf6    00000108     empty_pem4f.oem4f (.const:xdc_runtime_Text_nodeTab__A)
                  00007cfe    00000002     empty_pem4f.oem4f (.const:ti_catalog_arm_cortexm4_tiva_ce_Boot_Module__id__C)
                  00007d00    0000006c     driverlib.lib : sysctl.obj (.const:g_pui32Xtals)
                  00007d6c    00000060     empty_pem4f.oem4f (.const:ti_uia_loggers_LoggerStopMode_Module__FXNS__C)
                  00007dcc    00000048     empty_pem4f.oem4f (.const:.string)
                  00007e14    00000028     empty_pem4f.oem4f (.const:ti_uia_loggers_LoggerStopMode_Object__PARAMS__C)
                  00007e3c    00000028     empty_pem4f.oem4f (.const:xdc_runtime_HeapStd_Module__FXNS__C)
                  00007e64    00000028     empty_pem4f.oem4f (.const:xdc_runtime_Startup_sfxnTab__A)
                  00007e8c    00000024     empty_pem4f.oem4f (.const:ti_sysbios_gates_GateHwi_Module__FXNS__C)
                  00007eb0    00000024     empty_pem4f.oem4f (.const:ti_sysbios_gates_GateMutex_Module__FXNS__C)
                  00007ed4    00000024     empty_pem4f.oem4f (.const:ti_sysbios_knl_Semaphore_Object__PARAMS__C)
                  00007ef8    00000020     empty_pem4f.oem4f (.const:ti_sysbios_gates_GateHwi_Object__DESC__C)
                  00007f18    00000020     empty_pem4f.oem4f (.const:ti_sysbios_gates_GateMutex_Object__DESC__C)
                  00007f38    00000020     empty_pem4f.oem4f (.const:ti_sysbios_knl_Queue_Object__DESC__C)
                  00007f58    00000020     empty_pem4f.oem4f (.const:ti_sysbios_knl_Semaphore_Object__DESC__C)
                  00007f78    00000020     empty_pem4f.oem4f (.const:ti_uia_loggers_LoggerStopMode_Object__DESC__C)
                  00007f98    00000020     empty_pem4f.oem4f (.const:xdc_runtime_HeapStd_Object__DESC__C)
                  00007fb8    0000001c     empty_pem4f.oem4f (.const:xdc_runtime_HeapStd_Object__PARAMS__C)
                  00007fd4    00000018     empty_pem4f.oem4f (.const:ti_sysbios_gates_GateHwi_Object__PARAMS__C)
                  00007fec    00000018     empty_pem4f.oem4f (.const:ti_sysbios_gates_GateMutex_Object__PARAMS__C)
                  00008004    00000018     empty_pem4f.oem4f (.const:ti_sysbios_knl_Queue_Object__PARAMS__C)
                  0000801c    00000014     empty_pem4f.oem4f (.const:xdc_runtime_Startup_firstFxns__A)
                  00008030    00000014     empty_pem4f.oem4f (.const:xdc_runtime_Startup_sfxnRts__A)
                  00008044    00000008     empty_pem4f.oem4f (.const)
                  0000804c    00000008     empty_pem4f.oem4f (.const:ti_sysbios_family_arm_m3_Hwi_excHookFuncs__A)
                  00008054    00000008     empty_pem4f.oem4f (.const:ti_sysbios_knl_Idle_funcList__A)
                  0000805c    00000008     empty_pem4f.oem4f (.const:ti_sysbios_knl_Idle_funcList__C)
                  00008064    00000008     empty_pem4f.oem4f (.const:xdc_runtime_Startup_firstFxns__C)
                  0000806c    00000008     empty_pem4f.oem4f (.const:xdc_runtime_Startup_lastFxns__C)
                  00008074    00000004     empty_pem4f.oem4f (.const:ti_catalog_arm_cortexm4_tiva_ce_Boot_A_mustUseEnhancedClockMode__C)
                  00008078    00000004     empty_pem4f.oem4f (.const:ti_catalog_arm_cortexm4_tiva_ce_Boot_Module__diagsEnabled__C)
                  0000807c    00000004     empty_pem4f.oem4f (.const:ti_catalog_arm_cortexm4_tiva_ce_Boot_Module__diagsIncluded__C)
                  00008080    00000004     empty_pem4f.oem4f (.const:ti_catalog_arm_cortexm4_tiva_ce_Boot_Module__diagsMask__C)
                  00008084    00000004     empty_pem4f.oem4f (.const:ti_sysbios_family_arm_lm4_Timer_enableFunc__C)
                  00008088    00000004     empty_pem4f.oem4f (.const:ti_sysbios_family_arm_lm4_Timer_numTimerDevices__C)
                  0000808c    00000004     empty_pem4f.oem4f (.const:ti_sysbios_family_arm_lm4_Timer_startupNeeded__C)
                  00008090    00000004     empty_pem4f.oem4f (.const:ti_sysbios_family_arm_m3_Hwi_E_NMI__C)
                  00008094    00000004     empty_pem4f.oem4f (.const:ti_sysbios_family_arm_m3_Hwi_E_busFault__C)
                  00008098    00000004     empty_pem4f.oem4f (.const:ti_sysbios_family_arm_m3_Hwi_E_debugMon__C)
                  0000809c    00000004     empty_pem4f.oem4f (.const:ti_sysbios_family_arm_m3_Hwi_E_hardFault__C)
                  000080a0    00000004     empty_pem4f.oem4f (.const:ti_sysbios_family_arm_m3_Hwi_E_memFault__C)
                  000080a4    00000004     empty_pem4f.oem4f (.const:ti_sysbios_family_arm_m3_Hwi_E_noIsr__C)
                  000080a8    00000004     empty_pem4f.oem4f (.const:ti_sysbios_family_arm_m3_Hwi_E_reserved__C)
                  000080ac    00000004     empty_pem4f.oem4f (.const:ti_sysbios_family_arm_m3_Hwi_E_svCall__C)
                  000080b0    00000004     empty_pem4f.oem4f (.const:ti_sysbios_family_arm_m3_Hwi_E_usageFault__C)
                  000080b4    00000004     empty_pem4f.oem4f (.const:ti_sysbios_family_arm_m3_Hwi_LD_end__C)
                  000080b8    00000004     empty_pem4f.oem4f (.const:ti_sysbios_family_arm_m3_Hwi_LM_begin__C)
                  000080bc    00000004     empty_pem4f.oem4f (.const:ti_sysbios_family_arm_m3_Hwi_Module__diagsEnabled__C)
                  000080c0    00000004     empty_pem4f.oem4f (.const:ti_sysbios_family_arm_m3_Hwi_Module__diagsIncluded__C)
                  000080c4    00000004     empty_pem4f.oem4f (.const:ti_sysbios_family_arm_m3_Hwi_Module__diagsMask__C)
                  000080c8    00000004     empty_pem4f.oem4f (.const:ti_sysbios_family_arm_m3_Hwi_Module__loggerFxn1__C)
                  000080cc    00000004     empty_pem4f.oem4f (.const:ti_sysbios_family_arm_m3_Hwi_Module__loggerFxn8__C)
                  000080d0    00000004     empty_pem4f.oem4f (.const:ti_sysbios_family_arm_m3_Hwi_Module__loggerObj__C)
                  000080d4    00000004     empty_pem4f.oem4f (.const:ti_sysbios_family_arm_m3_Hwi_NUM_INTERRUPTS__C)
                  000080d8    00000004     empty_pem4f.oem4f (.const:ti_sysbios_family_arm_m3_Hwi_Object__count__C)
                  000080dc    00000004     empty_pem4f.oem4f (.const:ti_sysbios_family_arm_m3_Hwi_ccr__C)
                  000080e0    00000004     empty_pem4f.oem4f (.const:ti_sysbios_family_arm_m3_Hwi_excHandlerFunc__C)
                  000080e4    00000004     empty_pem4f.oem4f (.const:ti_sysbios_family_arm_m3_Hwi_excHookFuncs__C)
                  000080e8    00000004     empty_pem4f.oem4f (.const:ti_sysbios_family_arm_m3_Hwi_nullIsrFunc__C)
                  000080ec    00000004     empty_pem4f.oem4f (.const:ti_sysbios_family_arm_m3_Hwi_priGroup__C)
                  000080f0    00000004     empty_pem4f.oem4f (.const:ti_sysbios_gates_GateMutex_A_badContext__C)
                  000080f4    00000004     empty_pem4f.oem4f (.const:ti_sysbios_gates_GateMutex_Instance_State_sem__O)
                  000080f8    00000004     empty_pem4f.oem4f (.const:ti_sysbios_gates_GateMutex_Module__diagsEnabled__C)
                  000080fc    00000004     empty_pem4f.oem4f (.const:ti_sysbios_gates_GateMutex_Module__diagsIncluded__C)
                  00008100    00000004     empty_pem4f.oem4f (.const:ti_sysbios_gates_GateMutex_Module__diagsMask__C)
                  00008104    00000004     empty_pem4f.oem4f (.const:ti_sysbios_hal_Hwi_E_stackOverflow__C)
                  00008108    00000004     empty_pem4f.oem4f (.const:ti_sysbios_heaps_HeapMem_Object__count__C)
                  0000810c    00000004     empty_pem4f.oem4f (.const:ti_sysbios_knl_Clock_LM_begin__C)
                  00008110    00000004     empty_pem4f.oem4f (.const:ti_sysbios_knl_Clock_LM_tick__C)
                  00008114    00000004     empty_pem4f.oem4f (.const:ti_sysbios_knl_Clock_LW_delayed__C)
                  00008118    00000004     empty_pem4f.oem4f (.const:ti_sysbios_knl_Clock_Module_State_clockQ__O)
                  0000811c    00000004     empty_pem4f.oem4f (.const:ti_sysbios_knl_Clock_Module__diagsEnabled__C)
                  00008120    00000004     empty_pem4f.oem4f (.const:ti_sysbios_knl_Clock_Module__diagsIncluded__C)
                  00008124    00000004     empty_pem4f.oem4f (.const:ti_sysbios_knl_Clock_Module__diagsMask__C)
                  00008128    00000004     empty_pem4f.oem4f (.const:ti_sysbios_knl_Clock_Module__loggerFxn1__C)
                  0000812c    00000004     empty_pem4f.oem4f (.const:ti_sysbios_knl_Clock_Module__loggerFxn2__C)
                  00008130    00000004     empty_pem4f.oem4f (.const:ti_sysbios_knl_Clock_Module__loggerObj__C)
                  00008134    00000004     empty_pem4f.oem4f (.const:ti_sysbios_knl_Semaphore_A_badContext__C)
                  00008138    00000004     empty_pem4f.oem4f (.const:ti_sysbios_knl_Semaphore_A_noEvents__C)
                  0000813c    00000004     empty_pem4f.oem4f (.const:ti_sysbios_knl_Semaphore_A_overflow__C)
                  00008140    00000004     empty_pem4f.oem4f (.const:ti_sysbios_knl_Semaphore_A_pendTaskDisabled__C)
                  00008144    00000004     empty_pem4f.oem4f (.const:ti_sysbios_knl_Semaphore_Instance_State_pendQ__O)
                  00008148    00000004     empty_pem4f.oem4f (.const:ti_sysbios_knl_Semaphore_LM_pend__C)
                  0000814c    00000004     empty_pem4f.oem4f (.const:ti_sysbios_knl_Semaphore_LM_post__C)
                  00008150    00000004     empty_pem4f.oem4f (.const:ti_sysbios_knl_Semaphore_Module__diagsEnabled__C)
                  00008154    00000004     empty_pem4f.oem4f (.const:ti_sysbios_knl_Semaphore_Module__diagsIncluded__C)
                  00008158    00000004     empty_pem4f.oem4f (.const:ti_sysbios_knl_Semaphore_Module__diagsMask__C)
                  0000815c    00000004     empty_pem4f.oem4f (.const:ti_sysbios_knl_Semaphore_Module__loggerFxn2__C)
                  00008160    00000004     empty_pem4f.oem4f (.const:ti_sysbios_knl_Semaphore_Module__loggerFxn4__C)
                  00008164    00000004     empty_pem4f.oem4f (.const:ti_sysbios_knl_Semaphore_Module__loggerObj__C)
                  00008168    00000004     empty_pem4f.oem4f (.const:ti_sysbios_knl_Swi_LD_end__C)
                  0000816c    00000004     empty_pem4f.oem4f (.const:ti_sysbios_knl_Swi_LM_begin__C)
                  00008170    00000004     empty_pem4f.oem4f (.const:ti_sysbios_knl_Swi_LM_post__C)
                  00008174    00000004     empty_pem4f.oem4f (.const:ti_sysbios_knl_Swi_Module__diagsEnabled__C)
                  00008178    00000004     empty_pem4f.oem4f (.const:ti_sysbios_knl_Swi_Module__diagsIncluded__C)
                  0000817c    00000004     empty_pem4f.oem4f (.const:ti_sysbios_knl_Swi_Module__diagsMask__C)
                  00008180    00000004     empty_pem4f.oem4f (.const:ti_sysbios_knl_Swi_Module__loggerFxn1__C)
                  00008184    00000004     empty_pem4f.oem4f (.const:ti_sysbios_knl_Swi_Module__loggerFxn4__C)
                  00008188    00000004     empty_pem4f.oem4f (.const:ti_sysbios_knl_Swi_Module__loggerObj__C)
                  0000818c    00000004     empty_pem4f.oem4f (.const:ti_sysbios_knl_Swi_Object__count__C)
                  00008190    00000004     empty_pem4f.oem4f (.const:ti_sysbios_knl_Task_E_spOutOfBounds__C)
                  00008194    00000004     empty_pem4f.oem4f (.const:ti_sysbios_knl_Task_E_stackOverflow__C)
                  00008198    00000004     empty_pem4f.oem4f (.const:ti_sysbios_knl_Task_LD_block__C)
                  0000819c    00000004     empty_pem4f.oem4f (.const:ti_sysbios_knl_Task_LD_exit__C)
                  000081a0    00000004     empty_pem4f.oem4f (.const:ti_sysbios_knl_Task_LD_ready__C)
                  000081a4    00000004     empty_pem4f.oem4f (.const:ti_sysbios_knl_Task_LM_switch__C)
                  000081a8    00000004     empty_pem4f.oem4f (.const:ti_sysbios_knl_Task_Module_State_inactiveQ__O)
                  000081ac    00000004     empty_pem4f.oem4f (.const:ti_sysbios_knl_Task_Module__diagsEnabled__C)
                  000081b0    00000004     empty_pem4f.oem4f (.const:ti_sysbios_knl_Task_Module__diagsIncluded__C)
                  000081b4    00000004     empty_pem4f.oem4f (.const:ti_sysbios_knl_Task_Module__diagsMask__C)
                  000081b8    00000004     empty_pem4f.oem4f (.const:ti_sysbios_knl_Task_Module__loggerFxn2__C)
                  000081bc    00000004     empty_pem4f.oem4f (.const:ti_sysbios_knl_Task_Module__loggerFxn4__C)
                  000081c0    00000004     empty_pem4f.oem4f (.const:ti_sysbios_knl_Task_Module__loggerObj__C)
                  000081c4    00000004     empty_pem4f.oem4f (.const:ti_sysbios_knl_Task_Object__count__C)
                  000081c8    00000004     empty_pem4f.oem4f (.const:ti_sysbios_knl_Task_allBlockedFunc__C)
                  000081cc    00000004     empty_pem4f.oem4f (.const:ti_sysbios_knl_Task_numConstructedTasks__C)
                  000081d0    00000004     empty_pem4f.oem4f (.const:ti_sysbios_utils_Load_LS_cpuLoad__C)
                  000081d4    00000004     empty_pem4f.oem4f (.const:ti_sysbios_utils_Load_Module__diagsEnabled__C)
                  000081d8    00000004     empty_pem4f.oem4f (.const:ti_sysbios_utils_Load_Module__diagsIncluded__C)
                  000081dc    00000004     empty_pem4f.oem4f (.const:ti_sysbios_utils_Load_Module__diagsMask__C)
                  000081e0    00000004     empty_pem4f.oem4f (.const:ti_sysbios_utils_Load_Module__loggerFxn1__C)
                  000081e4    00000004     empty_pem4f.oem4f (.const:ti_sysbios_utils_Load_Module__loggerObj__C)
                  000081e8    00000004     empty_pem4f.oem4f (.const:ti_sysbios_utils_Load_postUpdate__C)
                  000081ec    00000004     empty_pem4f.oem4f (.const:ti_sysbios_utils_Load_windowInMs__C)
                  000081f0    00000004     empty_pem4f.oem4f (.const:ti_uia_loggers_LoggerStopMode_Module__diagsEnabled__C)
                  000081f4    00000004     empty_pem4f.oem4f (.const:ti_uia_loggers_LoggerStopMode_Module__diagsIncluded__C)
                  000081f8    00000004     empty_pem4f.oem4f (.const:ti_uia_loggers_LoggerStopMode_Module__diagsMask__C)
                  000081fc    00000004     empty_pem4f.oem4f (.const:ti_uia_loggers_LoggerStopMode_Object__count__C)
                  00008200    00000004     empty_pem4f.oem4f (.const:ti_uia_runtime_ILoggerSnapshot_Interface__BASE__C)
                  00008204    00000004     empty_pem4f.oem4f (.const:ti_uia_runtime_IUIATransfer_Interface__BASE__C)
                  00008208    00000004     empty_pem4f.oem4f (.const:xdc_runtime_Assert_E_assertFailed__C)
                  0000820c    00000004     empty_pem4f.oem4f (.const:xdc_runtime_Core_A_initializedParams__C)
                  00008210    00000004     empty_pem4f.oem4f (.const:xdc_runtime_Core_Module__diagsEnabled__C)
                  00008214    00000004     empty_pem4f.oem4f (.const:xdc_runtime_Core_Module__diagsIncluded__C)
                  00008218    00000004     empty_pem4f.oem4f (.const:xdc_runtime_Core_Module__diagsMask__C)
                  0000821c    00000004     empty_pem4f.oem4f (.const:xdc_runtime_Error_E_memory__C)
                  00008220    00000004     empty_pem4f.oem4f (.const:xdc_runtime_Error_Module__diagsEnabled__C)
                  00008224    00000004     empty_pem4f.oem4f (.const:xdc_runtime_Error_Module__diagsIncluded__C)
                  00008228    00000004     empty_pem4f.oem4f (.const:xdc_runtime_Error_Module__diagsMask__C)
                  0000822c    00000004     empty_pem4f.oem4f (.const:xdc_runtime_Error_Module__loggerFxn8__C)
                  00008230    00000004     empty_pem4f.oem4f (.const:xdc_runtime_Error_Module__loggerObj__C)
                  00008234    00000004     empty_pem4f.oem4f (.const:xdc_runtime_Error_policyFxn__C)
                  00008238    00000004     empty_pem4f.oem4f (.const:xdc_runtime_Error_raiseHook__C)
                  0000823c    00000004     empty_pem4f.oem4f (.const:xdc_runtime_HeapStd_A_align__C)
                  00008240    00000004     empty_pem4f.oem4f (.const:xdc_runtime_HeapStd_A_invalidTotalFreeSize__C)
                  00008244    00000004     empty_pem4f.oem4f (.const:xdc_runtime_HeapStd_A_zeroSize__C)
                  00008248    00000004     empty_pem4f.oem4f (.const:xdc_runtime_HeapStd_E_noRTSMemory__C)
                  0000824c    00000004     empty_pem4f.oem4f (.const:xdc_runtime_HeapStd_Module__diagsEnabled__C)
                  00008250    00000004     empty_pem4f.oem4f (.const:xdc_runtime_HeapStd_Module__diagsIncluded__C)
                  00008254    00000004     empty_pem4f.oem4f (.const:xdc_runtime_HeapStd_Module__diagsMask__C)
                  00008258    00000004     empty_pem4f.oem4f (.const:xdc_runtime_IFilterLogger_Interface__BASE__C)
                  0000825c    00000004     empty_pem4f.oem4f (.const:xdc_runtime_IGateProvider_Interface__BASE__C)
                  00008260    00000004     empty_pem4f.oem4f (.const:xdc_runtime_IHeap_Interface__BASE__C)
                  00008264    00000004     empty_pem4f.oem4f (.const:xdc_runtime_ILogger_Interface__BASE__C)
                  00008268    00000004     empty_pem4f.oem4f (.const:xdc_runtime_IModule_Interface__BASE__C)
                  0000826c    00000004     empty_pem4f.oem4f (.const:xdc_runtime_Log_L_error__C)
                  00008270    00000004     empty_pem4f.oem4f (.const:xdc_runtime_Log_L_info__C)
                  00008274    00000004     empty_pem4f.oem4f (.const:xdc_runtime_Main_Module__diagsEnabled__C)
                  00008278    00000004     empty_pem4f.oem4f (.const:xdc_runtime_Main_Module__diagsIncluded__C)
                  0000827c    00000004     empty_pem4f.oem4f (.const:xdc_runtime_Main_Module__diagsMask__C)
                  00008280    00000004     empty_pem4f.oem4f (.const:xdc_runtime_Main_Module__loggerFxn4__C)
                  00008284    00000004     empty_pem4f.oem4f (.const:xdc_runtime_Main_Module__loggerObj__C)
                  00008288    00000004     empty_pem4f.oem4f (.const:xdc_runtime_Memory_defaultHeapInstance__C)
                  0000828c    00000004     empty_pem4f.oem4f (.const:xdc_runtime_Startup_execImpl__C)
                  00008290    00000004     empty_pem4f.oem4f (.const:xdc_runtime_Startup_lastFxns__A)
                  00008294    00000004     empty_pem4f.oem4f (.const:xdc_runtime_Startup_maxPasses__C)
                  00008298    00000004     empty_pem4f.oem4f (.const:xdc_runtime_Startup_sfxnRts__C)
                  0000829c    00000004     empty_pem4f.oem4f (.const:xdc_runtime_Startup_sfxnTab__C)
                  000082a0    00000004     empty_pem4f.oem4f (.const:xdc_runtime_SysMin_bufSize__C)
                  000082a4    00000004     empty_pem4f.oem4f (.const:xdc_runtime_SysMin_outputFunc__C)
                  000082a8    00000004     empty_pem4f.oem4f (.const:xdc_runtime_System_Module__gateObj__C)
                  000082ac    00000004     empty_pem4f.oem4f (.const:xdc_runtime_System_abortFxn__C)
                  000082b0    00000004     empty_pem4f.oem4f (.const:xdc_runtime_System_exitFxn__C)
                  000082b4    00000004     empty_pem4f.oem4f (.const:xdc_runtime_System_extendFxn__C)
                  000082b8    00000004     empty_pem4f.oem4f (.const:xdc_runtime_System_maxAtexitHandlers__C)
                  000082bc    00000004     empty_pem4f.oem4f (.const:xdc_runtime_Text_charTab__C)
                  000082c0    00000004     empty_pem4f.oem4f (.const:xdc_runtime_Text_nameEmpty__C)
                  000082c4    00000004     empty_pem4f.oem4f (.const:xdc_runtime_Text_nameStatic__C)
                  000082c8    00000004     empty_pem4f.oem4f (.const:xdc_runtime_Text_nameUnknown__C)
                  000082cc    00000004     empty_pem4f.oem4f (.const:xdc_runtime_Text_nodeTab__C)
                  000082d0    00000004     empty_pem4f.oem4f (.const:xdc_runtime_Text_visitRopeFxn__C)
                  000082d4    00000002     empty_pem4f.oem4f (.const:ti_sysbios_family_arm_lm4_TimestampProvider_useClockTimer__C)
                  000082d6    00000002     empty_pem4f.oem4f (.const:ti_sysbios_family_arm_m3_Hwi_Module__id__C)
                  000082d8    00000002     empty_pem4f.oem4f (.const:ti_sysbios_family_arm_m3_Hwi_Module__loggerDefined__C)
                  000082da    00000002     empty_pem4f.oem4f (.const:ti_sysbios_gates_GateMutex_Module__id__C)
                  000082dc    00000002     empty_pem4f.oem4f (.const:ti_sysbios_hal_Hwi_Module__id__C)
                  000082de    00000002     empty_pem4f.oem4f (.const:ti_sysbios_knl_Clock_Module__id__C)
                  000082e0    00000002     empty_pem4f.oem4f (.const:ti_sysbios_knl_Clock_Module__loggerDefined__C)
                  000082e2    00000002     empty_pem4f.oem4f (.const:ti_sysbios_knl_Semaphore_Module__id__C)
                  000082e4    00000002     empty_pem4f.oem4f (.const:ti_sysbios_knl_Semaphore_Module__loggerDefined__C)
                  000082e6    00000002     empty_pem4f.oem4f (.const:ti_sysbios_knl_Swi_Module__id__C)
                  000082e8    00000002     empty_pem4f.oem4f (.const:ti_sysbios_knl_Swi_Module__loggerDefined__C)
                  000082ea    00000002     empty_pem4f.oem4f (.const:ti_sysbios_knl_Task_Module__id__C)
                  000082ec    00000002     empty_pem4f.oem4f (.const:ti_sysbios_knl_Task_Module__loggerDefined__C)
                  000082ee    00000002     empty_pem4f.oem4f (.const:ti_sysbios_utils_Load_Module__id__C)
                  000082f0    00000002     empty_pem4f.oem4f (.const:ti_sysbios_utils_Load_Module__loggerDefined__C)
                  000082f2    00000002     empty_pem4f.oem4f (.const:ti_sysbios_utils_Load_updateInIdle__C)
                  000082f4    00000002     empty_pem4f.oem4f (.const:ti_uia_loggers_LoggerStopMode_Module__id__C)
                  000082f6    00000002     empty_pem4f.oem4f (.const:ti_uia_loggers_LoggerStopMode_isTimestampEnabled__C)
                  000082f8    00000002     empty_pem4f.oem4f (.const:xdc_runtime_Core_Module__id__C)
                  000082fa    00000002     empty_pem4f.oem4f (.const:xdc_runtime_Error_Module__loggerDefined__C)
                  000082fc    00000002     empty_pem4f.oem4f (.const:xdc_runtime_Error_maxDepth__C)
                  000082fe    00000002     empty_pem4f.oem4f (.const:xdc_runtime_HeapStd_Module__id__C)
                  00008300    00000002     empty_pem4f.oem4f (.const:xdc_runtime_Main_Module__id__C)
                  00008302    00000002     empty_pem4f.oem4f (.const:xdc_runtime_Main_Module__loggerDefined__C)
                  00008304    00000002     empty_pem4f.oem4f (.const:xdc_runtime_Memory_Module__id__C)
                  00008306    00000002     empty_pem4f.oem4f (.const:xdc_runtime_SysMin_flushAtExit__C)
                  00008308    00000002     empty_pem4f.oem4f (.const:xdc_runtime_Text_charCnt__C)
                  0000830a    00000002     empty_pem4f.oem4f (.const:xdc_runtime_Text_isLoaded__C)
                  0000830c    00000002     empty_pem4f.oem4f (.const:xdc_runtime_Text_registryModsLastId__C)
                  0000830e    00000002     empty_pem4f.oem4f (.const:xdc_runtime_Text_unnamedModsLastId__C)

.cinit     0    00008310    00000280     
                  00008310    00000247     (.cinit..data.load) [load image, compression = lzss]
                  00008557    00000001     --HOLE-- [fill = 0]
                  00008558    0000000c     (__TI_handler_table)
                  00008564    00000004     --HOLE-- [fill = 0]
                  00008568    00000008     (.cinit..bss.load) [load image, compression = zero_init]
                  00008570    00000008     (.cinit..vecs.load) [load image, compression = zero_init]
                  00008578    00000018     (__TI_cinit_table)

.vecs      0    20000000    00000360     UNINITIALIZED
                  20000000    00000360     empty_pem4f.oem4f (.vecs)

.bss       0    20000380    00001c30     UNINITIALIZED
                  20000380    00000800     empty_pem4f.oem4f (.bss:taskStackSection)
                  20000b80    00000400     (.common:ti_uia_loggers_LoggerStopMode_Instance_State_1_packetArray__A)
                  20000f80    00000400     (.common:ti_uia_loggers_LoggerStopMode_Instance_State_2_packetArray__A)
                  20001380    00000400     (.common:xdc_runtime_SysMin_Module_State_0_outbuf__A)
                  20001780    00000360     (.common:ti_sysbios_family_arm_m3_Hwi_dispatchTable)
                  20001ae0    00000008     (.common:parmbuf)
                  20001ae8    00000018     --HOLE--
                  20001b00    00000200     (.common:ti_uia_loggers_LoggerStopMode_Instance_State_0_packetArray__A)
                  20001d00    00000120     rtsv7M4_T_le_v4SPD16_eabi.lib : trgmsg.obj (.bss:_CIOBUF_)
                  20001e20    00000060     --HOLE--
                  20001e80    00000030     (.common:ti_uia_loggers_LoggerStopMode_Instance_State_0_hdr__A)
                  20001eb0    00000050     --HOLE--
                  20001f00    00000030     (.common:ti_uia_loggers_LoggerStopMode_Instance_State_1_hdr__A)
                  20001f30    00000050     --HOLE--
                  20001f80    00000030     (.common:ti_uia_loggers_LoggerStopMode_Instance_State_2_hdr__A)

.data      0    20001fb0    00000608     UNINITIALIZED
                  20001fb0    0000009c     empty_pem4f.oem4f (.data:ti_uia_loggers_LoggerStopMode_Object__table__V)
                  2000204c    00000098     empty_pem4f.oem4f (.data:ti_sysbios_utils_Load_Module__state__V)
                  200020e4    00000080     empty_pem4f.oem4f (.data:ti_sysbios_family_arm_lm4_Timer_Object__table__V)
                  20002164    00000080     empty_pem4f.oem4f (.data:ti_sysbios_knl_Swi_Module_State_0_readyQ__A)
                  200021e4    00000080     empty_pem4f.oem4f (.data:ti_sysbios_knl_Task_Module_State_0_readyQ__A)
                  20002264    00000060     empty_pem4f.oem4f (.data:ti_sysbios_knl_Swi_Object__table__V)
                  200022c4    0000004c     empty_pem4f.oem4f (.data:ti_sysbios_knl_Task_Object__table__V)
                  20002310    00000048     empty_pem4f.oem4f (.data:ti_sysbios_family_arm_m3_Hwi_Object__table__V)
                  20002358    00000044     empty_pem4f.oem4f (.data:ti_sysbios_knl_Task_Module__state__V)
                  2000239c    00000038     empty_pem4f.oem4f (.data:ti_sysbios_gates_GateMutex_Object__table__V)
                  200023d4    00000034     empty_pem4f.oem4f (.data:ti_sysbios_family_arm_m3_Hwi_Module__state__V)
                  20002408    00000030     empty_pem4f.oem4f (.data:ti_sysbios_family_arm_lm4_Timer_Module_State_0_device__A)
                  20002438    0000002c     empty_pem4f.oem4f (.data:ti_sysbios_knl_Clock_Module__state__V)
                  20002464    00000024     empty_pem4f.oem4f (.data:ti_sysbios_BIOS_Module__state__V)
                  20002488    00000020     empty_pem4f.oem4f (.data:xdc_runtime_System_Module_State_0_atexitHandlers__A)
                  200024a8    0000001c     empty_pem4f.oem4f (.data:ti_sysbios_knl_Swi_Module__state__V)
                  200024c4    00000018     empty_pem4f.oem4f (.data:ti_sysbios_family_arm_lm4_Timer_Module_State_0_handles__A)
                  200024dc    0000000c     rtsv7M4_T_le_v4SPD16_eabi.lib : exit.obj (.data:$O1$$)
                  200024e8    0000000c     empty_pem4f.oem4f (.data:ti_sysbios_family_arm_lm4_Timer_Module__state__V)
                  200024f4    0000000c     empty_pem4f.oem4f (.data:ti_sysbios_knl_Task_Module__root__V)
                  20002500    0000000c     empty_pem4f.oem4f (.data:ti_uia_runtime_QueueDescriptor_Module__state__V)
                  2000250c    0000000c     empty_pem4f.oem4f (.data:xdc_runtime_HeapStd_Object__table__V)
                  20002518    0000000c     empty_pem4f.oem4f (.data:xdc_runtime_SysMin_Module__state__V)
                  20002524    00000008     rtsv7M4_T_le_v4SPD16_eabi.lib : _lock.obj (.data:$O1$$)
                  2000252c    00000008     ti.uia.runtime.aem4f : QueueDescriptor.oem4f (.data)
                  20002534    00000008     empty_pem4f.oem4f (.data:ti_sysbios_family_arm_lm4_TimestampProvider_Module__state__V)
                  2000253c    00000008     empty_pem4f.oem4f (.data:ti_sysbios_gates_GateHwi_Module__root__V)
                  20002544    00000008     empty_pem4f.oem4f (.data:ti_sysbios_gates_GateMutex_Module__root__V)
                  2000254c    00000008     empty_pem4f.oem4f (.data:ti_sysbios_hal_Hwi_Object__table__V)
                  20002554    00000008     empty_pem4f.oem4f (.data:ti_sysbios_knl_Queue_Module__root__V)
                  2000255c    00000008     empty_pem4f.oem4f (.data:ti_sysbios_knl_Semaphore_Module__root__V)
                  20002564    00000008     empty_pem4f.oem4f (.data:ti_uia_loggers_LoggerStopMode_Module__root__V)
                  2000256c    00000008     empty_pem4f.oem4f (.data:xdc_runtime_HeapStd_Module__root__V)
                  20002574    00000008     empty_pem4f.oem4f (.data:xdc_runtime_Registry_Module__state__V)
                  2000257c    00000008     empty_pem4f.oem4f (.data:xdc_runtime_Startup_Module__state__V)
                  20002584    00000008     empty_pem4f.oem4f (.data:xdc_runtime_System_Module__state__V)
                  2000258c    00000004     rtsv7M4_T_le_v4SPD16_eabi.lib : stkdepth_vars.obj (.data)
                  20002590    00000004     empty_pem4f.oem4f (.data:ti_sysbios_family_arm_m3_Hwi_Module_State_0_excContext__A)
                  20002594    00000004     empty_pem4f.oem4f (.data:ti_sysbios_family_arm_m3_Hwi_Module_State_0_excStack__A)
                  20002598    00000004     empty_pem4f.oem4f (.data:ti_sysbios_gates_GateHwi_Object__table__V)
                  2000259c    00000004     empty_pem4f.oem4f (.data:ti_sysbios_knl_Task_Module_State_0_idleTask__A)
                  200025a0    00000004     empty_pem4f.oem4f (.data:ti_sysbios_utils_Load_Module_State_0_runningTask__A)
                  200025a4    00000004     empty_pem4f.oem4f (.data:ti_sysbios_utils_Load_Module_State_0_taskStartTime__A)
                  200025a8    00000004     empty_pem4f.oem4f (.data:xdc_runtime_HeapStd_Module__state__V)
                  200025ac    00000004     empty_pem4f.oem4f (.data:xdc_runtime_Memory_Module__state__V)
                  200025b0    00000002     main.obj (.data)
                  200025b2    00000002     empty_pem4f.oem4f (.data:ti_sysbios_family_arm_m3_Hwi_Module_State_0_excActive__A)
                  200025b4    00000002     empty_pem4f.oem4f (.data:xdc_runtime_Error_Module__state__V)
                  200025b6    00000002     empty_pem4f.oem4f (.data:xdc_runtime_Main_Module__root__V)

.stack     0    200025b8    00000400     UNINITIALIZED
                  200025b8    00000400     --HOLE--

.bootVecs 
*          0    00000000    00000008     DSECT
                  00000000    00000008     boot.aem4f : boot.oem4f (.bootVecs)

xdc.meta   0    00000000    000000cf     COPY SECTION
                  00000000    000000cf     empty_pem4f.oem4f (xdc.meta)

MODULE SUMMARY

       Module                     code    ro data   rw data
       ------                     ----    -------   -------
    .\
       main.obj                   364     0         2      
    +--+--------------------------+-------+---------+---------+
       Total:                     364     0         2      
                                                           
    C:\ccs7\blink_TM4C_SWI\Debug\configPkg\package\cfg\
       empty_pem4f.oem4f          3106    9892      9014   
    +--+--------------------------+-------+---------+---------+
       Total:                     3106    9892      9014   
                                                           
    C:/ti/tirtos_tivac_2_16_01_14/products/TivaWare_C_Series-2.1.1.71b/driverlib/ccs/Debug/driverlib.lib
       sysctl.obj                 566     108       0      
       gpio.obj                   382     0         0      
       timer.obj                  140     0         0      
    +--+--------------------------+-------+---------+---------+
       Total:                     1088    108       0      
                                                           
    C:\ccs7\blink_TM4C_SWI\src\sysbios\sysbios.aem4f
       BIOS.obj                   11294   0         0      
       m3_Hwi_asm.obj             314     0         0      
       m3_TaskSupport_asm.obj     180     0         0      
       m3_Hwi_asm_switch.obj      118     0         0      
    +--+--------------------------+-------+---------+---------+
       Total:                     11906   0         0      
                                                           
    C:\ti\ccsv7\tools\compiler\ti-cgt-arm_16.9.6.LTS\lib\rtsv7M4_T_le_v4SPD16_eabi.lib
       trgmsg.obj                 104     0         288    
       memcpy_t2.obj              156     0         0      
       memset_t2.obj              122     0         0      
       copy_decompress_lzss.obj   104     0         0      
       exit.obj                   84      0         12     
       hostwrite.obj              88      0         0      
       cpy_tbl.obj                76      0         0      
       u_divt2.obj                64      0         0      
       _lock.obj                  20      0         8      
       args_main.obj              24      0         0      
       strlen.obj                 20      0         0      
       copy_decompress_none.obj   14      0         0      
       copy_zero_init.obj         12      0         0      
       hostopen.obj               0       0         8      
       stkdepth_vars.obj          0       0         4      
       i_div0.obj                 2       0         0      
    +--+--------------------------+-------+---------+---------+
       Total:                     890     0         320    
                                                           
    C:\ti\tirtos_tivac_2_16_01_14\products\bios_6_45_02_31\packages\ti\catalog\arm\cortexm4\tiva\ce\lib\Boot.aem4f
       Boot_sysctl.oem4f          262     0         0      
       Boot.oem4f                 152     0         0      
    +--+--------------------------+-------+---------+---------+
       Total:                     414     0         0      
                                                           
    C:\ti\tirtos_tivac_2_16_01_14\products\bios_6_45_02_31\packages\ti\targets\arm\rtsarm\lib\auto_init.aem4f
       auto_init.oem4f            160     0         0      
    +--+--------------------------+-------+---------+---------+
       Total:                     160     0         0      
                                                           
    C:\ti\tirtos_tivac_2_16_01_14\products\bios_6_45_02_31\packages\ti\targets\arm\rtsarm\lib\boot.aem4f
       boot.oem4f                 88      0         0      
    +--+--------------------------+-------+---------+---------+
       Total:                     88      0         0      
                                                           
    C:\ti\tirtos_tivac_2_16_01_14\products\bios_6_45_02_31\packages\ti\targets\arm\rtsarm\lib\ti.targets.arm.rtsarm.aem4f
       System.oem4f               1255    0         0      
       HeapStd.oem4f              714     0         0      
       Text.oem4f                 672     0         0      
       Error.oem4f                524     0         0      
       Core-mem.oem4f             358     0         0      
       Startup.oem4f              328     0         0      
       SysMin.oem4f               248     0         0      
       Core-smem.oem4f            204     0         0      
       Memory.oem4f               176     0         0      
       Assert.oem4f               84      0         0      
       Core-params.oem4f          70      0         0      
       Core-label.oem4f           52      0         0      
       Registry.oem4f             32      0         0      
       Gate.oem4f                 28      0         0      
    +--+--------------------------+-------+---------+---------+
       Total:                     4745    0         0      
                                                           
    C:\ti\tirtos_tivac_2_16_01_14\products\uia_2_00_05_50\packages\ti\uia\loggers\lib\release\ti.uia.loggers.aem4f
       LoggerStopMode.oem4f       552     0         0      
    +--+--------------------------+-------+---------+---------+
       Total:                     552     0         0      
                                                           
    C:\ti\tirtos_tivac_2_16_01_14\products\uia_2_00_05_50\packages\ti\uia\runtime\lib\release\ti.uia.runtime.aem4f
       QueueDescriptor.oem4f      116     0         8      
    +--+--------------------------+-------+---------+---------+
       Total:                     116     0         8      
                                                           
       Stack:                     0       0         1024   
       Linker Generated:          0       635       0      
    +--+--------------------------+-------+---------+---------+
       Grand Total:               23429   10635     10368  


LINKER GENERATED COPY TABLES

__TI_cinit_table @ 00008578 records: 3, size/record: 8, table size: 24
	.data: load addr=00008310, load size=00000247 bytes, run addr=20001fb0, run size=00000608 bytes, compression=lzss
	.bss: load addr=00008568, load size=00000008 bytes, run addr=20000380, run size=00001c30 bytes, compression=zero_init
	.vecs: load addr=00008570, load size=00000008 bytes, run addr=20000000, run size=00000360 bytes, compression=zero_init


LINKER GENERATED HANDLER TABLE

__TI_handler_table @ 00008558 records: 3, size/record: 4, table size: 12
	index: 0, handler: __TI_decompress_lzss
	index: 1, handler: __TI_decompress_none
	index: 2, handler: __TI_zero_init


GLOBAL SYMBOLS: SORTED ALPHABETICALLY BY Name 

address   name                                                              
-------   ----                                                              
00004691  C$$EXIT                                                           
0000412b  C$$IO$$                                                           
00005251  GPIODirModeSet                                                    
00001a49  GPIOPadConfigSet                                                  
00003ee3  GPIOPinRead                                                       
000057bf  GPIOPinTypeGPIOOutput                                             
00004fb3  GPIOPinWrite                                                      
00004589  HOSTwrite                                                         
00008044  LEDSwi                                                            
UNDEFED   SHT$$INIT_ARRAY$$Base                                             
UNDEFED   SHT$$INIT_ARRAY$$Limit                                            
00001dad  SysCtlClockGet                                                    
0000259d  SysCtlClockSet                                                    
0000596b  SysCtlDelay                                                       
00004e41  SysCtlPeripheralEnable                                            
00008048  Timer2                                                            
00004295  TimerConfigure                                                    
00005ab9  TimerEnable                                                       
000007bd  TimerIntClear                                                     
00005bc5  TimerIntEnable                                                    
00005959  TimerLoadSet                                                      
000055bd  Timer_ISR                                                         
00000000  __ASM__                                                           
20001d00  __CIOBUF_                                                         
0000004d  __ISA__                                                           
00000060  __PLAT__                                                          
200029b8  __STACK_END                                                       
00000400  __STACK_SIZE                                                      
200026b8  __STACK_TOP                                                       
00000081  __TARG__                                                          
00008578  __TI_CINIT_Base                                                   
00008590  __TI_CINIT_Limit                                                  
00008558  __TI_Handler_Table_Base                                           
00008564  __TI_Handler_Table_Limit                                          
00003671  __TI_auto_init                                                    
200024dc  __TI_cleanup_ptr                                                  
0000402d  __TI_decompress_lzss                                              
00005ac7  __TI_decompress_none                                              
200024e0  __TI_dtors_ptr                                                    
200024e4  __TI_enable_exit_profile_output                                   
ffffffff  __TI_pprof_out_hndl                                               
ffffffff  __TI_prof_data_size                                               
ffffffff  __TI_prof_data_start                                              
0000412f  __TI_readmsg                                                      
00008310  __TI_static_base__                                                
000040fd  __TI_writemsg                                                     
00005b11  __TI_zero_init                                                    
000000a7  __TRDR__                                                          
00003dff  __aeabi_idiv0                                                     
00003d85  __aeabi_memclr                                                    
00003d85  __aeabi_memclr4                                                   
00003d85  __aeabi_memclr8                                                   
000037b1  __aeabi_memcpy                                                    
000037b1  __aeabi_memcpy4                                                   
000037b1  __aeabi_memcpy8                                                   
00003d87  __aeabi_memset                                                    
00003d87  __aeabi_memset4                                                   
00003d87  __aeabi_memset8                                                   
00004c1d  __aeabi_uidiv                                                     
00004c1d  __aeabi_uidivmod                                                  
ffffffff  __binit__                                                         
ffffffff  __c_args__                                                        
200025b8  __stack                                                           
000057d9  _args_main                                                        
00004531  _c_int00                                                          
20002524  _lock                                                             
00005903  _nop                                                              
000058fb  _register_lock                                                    
000058f5  _register_unlock                                                  
20002528  _unlock                                                           
00004695  abort                                                             
[...]
00008088  ti_sysbios_family_arm_lm4_Timer_numTimerDevices__C                
0000808c  ti_sysbios_family_arm_lm4_Timer_startupNeeded__C                  
00008090  ti_sysbios_family_arm_m3_Hwi_E_NMI__C                             
00008094  ti_sysbios_family_arm_m3_Hwi_E_busFault__C                        
00008098  ti_sysbios_family_arm_m3_Hwi_E_debugMon__C                        
0000809c  ti_sysbios_family_arm_m3_Hwi_E_hardFault__C                       
000080a0  ti_sysbios_family_arm_m3_Hwi_E_memFault__C                        
000080a4  ti_sysbios_family_arm_m3_Hwi_E_noIsr__C                           
000080a8  ti_sysbios_family_arm_m3_Hwi_E_reserved__C                        
000080ac  ti_sysbios_family_arm_m3_Hwi_E_svCall__C                          
000080b0  ti_sysbios_family_arm_m3_Hwi_E_usageFault__C                      
000080b4  ti_sysbios_family_arm_m3_Hwi_LD_end__C                            
000080b8  ti_sysbios_family_arm_m3_Hwi_LM_begin__C                          
000080bc  ti_sysbios_family_arm_m3_Hwi_Module__diagsEnabled__C              
000080c0  ti_sysbios_family_arm_m3_Hwi_Module__diagsIncluded__C             
000080c4  ti_sysbios_family_arm_m3_Hwi_Module__diagsMask__C                 
000080c8  ti_sysbios_family_arm_m3_Hwi_Module__loggerFxn1__C                
000080cc  ti_sysbios_family_arm_m3_Hwi_Module__loggerFxn8__C                
000080d0  ti_sysbios_family_arm_m3_Hwi_Module__loggerObj__C                 
000080d4  ti_sysbios_family_arm_m3_Hwi_NUM_INTERRUPTS__C                    
000080d8  ti_sysbios_family_arm_m3_Hwi_Object__count__C                     
000080dc  ti_sysbios_family_arm_m3_Hwi_ccr__C                               
000080e0  ti_sysbios_family_arm_m3_Hwi_excHandlerFunc__C                    
000080e4  ti_sysbios_family_arm_m3_Hwi_excHookFuncs__C                      
000080e8  ti_sysbios_family_arm_m3_Hwi_nullIsrFunc__C                       
000080ec  ti_sysbios_family_arm_m3_Hwi_priGroup__C                          
000080f0  ti_sysbios_gates_GateMutex_A_badContext__C                        
000080f4  ti_sysbios_gates_GateMutex_Instance_State_sem__O                  
000080f8  ti_sysbios_gates_GateMutex_Module__diagsEnabled__C                
000080fc  ti_sysbios_gates_GateMutex_Module__diagsIncluded__C               
00008100  ti_sysbios_gates_GateMutex_Module__diagsMask__C                   
00008104  ti_sysbios_hal_Hwi_E_stackOverflow__C                             
00008108  ti_sysbios_heaps_HeapMem_Object__count__C                         
0000810c  ti_sysbios_knl_Clock_LM_begin__C                                  
00008110  ti_sysbios_knl_Clock_LM_tick__C                                   
00008114  ti_sysbios_knl_Clock_LW_delayed__C                                
00008118  ti_sysbios_knl_Clock_Module_State_clockQ__O                       
0000811c  ti_sysbios_knl_Clock_Module__diagsEnabled__C                      
00008120  ti_sysbios_knl_Clock_Module__diagsIncluded__C                     
00008124  ti_sysbios_knl_Clock_Module__diagsMask__C                         
00008128  ti_sysbios_knl_Clock_Module__loggerFxn1__C                        
0000812c  ti_sysbios_knl_Clock_Module__loggerFxn2__C                        
00008130  ti_sysbios_knl_Clock_Module__loggerObj__C                         
00008134  ti_sysbios_knl_Semaphore_A_badContext__C                          
00008138  ti_sysbios_knl_Semaphore_A_noEvents__C                            
0000813c  ti_sysbios_knl_Semaphore_A_overflow__C                            
00008140  ti_sysbios_knl_Semaphore_A_pendTaskDisabled__C                    
00008144  ti_sysbios_knl_Semaphore_Instance_State_pendQ__O                  
00008148  ti_sysbios_knl_Semaphore_LM_pend__C                               
0000814c  ti_sysbios_knl_Semaphore_LM_post__C                               
00008150  ti_sysbios_knl_Semaphore_Module__diagsEnabled__C                  
00008154  ti_sysbios_knl_Semaphore_Module__diagsIncluded__C                 
00008158  ti_sysbios_knl_Semaphore_Module__diagsMask__C                     
0000815c  ti_sysbios_knl_Semaphore_Module__loggerFxn2__C                    
00008160  ti_sysbios_knl_Semaphore_Module__loggerFxn4__C                    
00008164  ti_sysbios_knl_Semaphore_Module__loggerObj__C                     
00008168  ti_sysbios_knl_Swi_LD_end__C                                      
0000816c  ti_sysbios_knl_Swi_LM_begin__C                                    
00008170  ti_sysbios_knl_Swi_LM_post__C                                     
00008174  ti_sysbios_knl_Swi_Module__diagsEnabled__C                        
00008178  ti_sysbios_knl_Swi_Module__diagsIncluded__C                       
0000817c  ti_sysbios_knl_Swi_Module__diagsMask__C                           
00008180  ti_sysbios_knl_Swi_Module__loggerFxn1__C                          
00008184  ti_sysbios_knl_Swi_Module__loggerFxn4__C                          
00008188  ti_sysbios_knl_Swi_Module__loggerObj__C                           
0000818c  ti_sysbios_knl_Swi_Object__count__C                               
00008190  ti_sysbios_knl_Task_E_spOutOfBounds__C                            
00008194  ti_sysbios_knl_Task_E_stackOverflow__C                            
00008198  ti_sysbios_knl_Task_LD_block__C                                   
0000819c  ti_sysbios_knl_Task_LD_exit__C                                    
000081a0  ti_sysbios_knl_Task_LD_ready__C                                   
000081a4  ti_sysbios_knl_Task_LM_switch__C                                  
000081a8  ti_sysbios_knl_Task_Module_State_inactiveQ__O                     
000081ac  ti_sysbios_knl_Task_Module__diagsEnabled__C                       
000081b0  ti_sysbios_knl_Task_Module__diagsIncluded__C                      
000081b4  ti_sysbios_knl_Task_Module__diagsMask__C                          
000081b8  ti_sysbios_knl_Task_Module__loggerFxn2__C                         
000081bc  ti_sysbios_knl_Task_Module__loggerFxn4__C                         
000081c0  ti_sysbios_knl_Task_Module__loggerObj__C                          
000081c4  ti_sysbios_knl_Task_Object__count__C                              
000081c8  ti_sysbios_knl_Task_allBlockedFunc__C                             
000081cc  ti_sysbios_knl_Task_numConstructedTasks__C                        
000081d0  ti_sysbios_utils_Load_LS_cpuLoad__C                               
000081d4  ti_sysbios_utils_Load_Module__diagsEnabled__C                     
000081d8  ti_sysbios_utils_Load_Module__diagsIncluded__C                    
000081dc  ti_sysbios_utils_Load_Module__diagsMask__C                        
000081e0  ti_sysbios_utils_Load_Module__loggerFxn1__C                       
000081e4  ti_sysbios_utils_Load_Module__loggerObj__C                        
000081e8  ti_sysbios_utils_Load_postUpdate__C                               
000081ec  ti_sysbios_utils_Load_windowInMs__C                               
000081f0  ti_uia_loggers_LoggerStopMode_Module__diagsEnabled__C             
000081f4  ti_uia_loggers_LoggerStopMode_Module__diagsIncluded__C            
000081f8  ti_uia_loggers_LoggerStopMode_Module__diagsMask__C                
000081fc  ti_uia_loggers_LoggerStopMode_Object__count__C                    
00008200  ti_uia_runtime_ILoggerSnapshot_Interface__BASE__C                 
00008204  ti_uia_runtime_IUIATransfer_Interface__BASE__C                    
00008208  xdc_runtime_Assert_E_assertFailed__C                              
0000820c  xdc_runtime_Core_A_initializedParams__C                           
00008210  xdc_runtime_Core_Module__diagsEnabled__C                          
00008214  xdc_runtime_Core_Module__diagsIncluded__C                         
00008218  xdc_runtime_Core_Module__diagsMask__C                             
0000821c  xdc_runtime_Error_E_memory__C                                     
00008220  xdc_runtime_Error_Module__diagsEnabled__C                         
00008224  xdc_runtime_Error_Module__diagsIncluded__C                        
00008228  xdc_runtime_Error_Module__diagsMask__C                            
0000822c  xdc_runtime_Error_Module__loggerFxn8__C                           
00008230  xdc_runtime_Error_Module__loggerObj__C                            
00008234  xdc_runtime_Error_policyFxn__C                                    
00008238  xdc_runtime_Error_raiseHook__C                                    
0000823c  xdc_runtime_HeapStd_A_align__C                                    
00008240  xdc_runtime_HeapStd_A_invalidTotalFreeSize__C                     
00008244  xdc_runtime_HeapStd_A_zeroSize__C                                 
00008248  xdc_runtime_HeapStd_E_noRTSMemory__C                              
0000824c  xdc_runtime_HeapStd_Module__diagsEnabled__C                       
00008250  xdc_runtime_HeapStd_Module__diagsIncluded__C                      
00008254  xdc_runtime_HeapStd_Module__diagsMask__C                          
00008258  xdc_runtime_IFilterLogger_Interface__BASE__C                      
0000825c  xdc_runtime_IGateProvider_Interface__BASE__C                      
00008260  xdc_runtime_IHeap_Interface__BASE__C                              
00008264  xdc_runtime_ILogger_Interface__BASE__C                            
00008268  xdc_runtime_IModule_Interface__BASE__C                            
0000826c  xdc_runtime_Log_L_error__C                                        
00008270  xdc_runtime_Log_L_info__C                                         
00008274  xdc_runtime_Main_Module__diagsEnabled__C                          
00008278  xdc_runtime_Main_Module__diagsIncluded__C                         
0000827c  xdc_runtime_Main_Module__diagsMask__C                             
00008280  xdc_runtime_Main_Module__loggerFxn4__C                            
00008284  xdc_runtime_Main_Module__loggerObj__C                             
00008288  xdc_runtime_Memory_defaultHeapInstance__C                         
0000828c  xdc_runtime_Startup_execImpl__C                                   
00008290  xdc_runtime_Startup_lastFxns__A                                   
00008294  xdc_runtime_Startup_maxPasses__C                                  
00008298  xdc_runtime_Startup_sfxnRts__C                                    
0000829c  xdc_runtime_Startup_sfxnTab__C                                    
000082a0  xdc_runtime_SysMin_bufSize__C                                     
000082a4  xdc_runtime_SysMin_outputFunc__C                                  
000082a8  xdc_runtime_System_Module__gateObj__C                             
000082ac  xdc_runtime_System_abortFxn__C                                    
000082b0  xdc_runtime_System_exitFxn__C                                     
000082b4  xdc_runtime_System_extendFxn__C                                   
000082b8  xdc_runtime_System_maxAtexitHandlers__C                           
000082bc  xdc_runtime_Text_charTab__C                                       
000082c0  xdc_runtime_Text_nameEmpty__C                                     
000082c4  xdc_runtime_Text_nameStatic__C                                    
000082c8  xdc_runtime_Text_nameUnknown__C                                   
000082cc  xdc_runtime_Text_nodeTab__C                                       
000082d0  xdc_runtime_Text_visitRopeFxn__C                                  
000082d4  ti_sysbios_family_arm_lm4_TimestampProvider_useClockTimer__C      
000082d6  ti_sysbios_family_arm_m3_Hwi_Module__id__C                        
000082d8  ti_sysbios_family_arm_m3_Hwi_Module__loggerDefined__C             
000082da  ti_sysbios_gates_GateMutex_Module__id__C                          
000082dc  ti_sysbios_hal_Hwi_Module__id__C                                  
000082de  ti_sysbios_knl_Clock_Module__id__C                                
000082e0  ti_sysbios_knl_Clock_Module__loggerDefined__C                     
000082e2  ti_sysbios_knl_Semaphore_Module__id__C                            
000082e4  ti_sysbios_knl_Semaphore_Module__loggerDefined__C                 
000082e6  ti_sysbios_knl_Swi_Module__id__C                                  
000082e8  ti_sysbios_knl_Swi_Module__loggerDefined__C                       
000082ea  ti_sysbios_knl_Task_Module__id__C                                 
000082ec  ti_sysbios_knl_Task_Module__loggerDefined__C                      
000082ee  ti_sysbios_utils_Load_Module__id__C                               
000082f0  ti_sysbios_utils_Load_Module__loggerDefined__C                    
000082f2  ti_sysbios_utils_Load_updateInIdle__C                             
000082f4  ti_uia_loggers_LoggerStopMode_Module__id__C                       
000082f6  ti_uia_loggers_LoggerStopMode_isTimestampEnabled__C               
000082f8  xdc_runtime_Core_Module__id__C                                    
000082fa  xdc_runtime_Error_Module__loggerDefined__C                        
000082fc  xdc_runtime_Error_maxDepth__C                                     
000082fe  xdc_runtime_HeapStd_Module__id__C                                 
00008300  xdc_runtime_Main_Module__id__C                                    
00008302  xdc_runtime_Main_Module__loggerDefined__C                         
00008304  xdc_runtime_Memory_Module__id__C                                  
00008306  xdc_runtime_SysMin_flushAtExit__C                                 
00008308  xdc_runtime_Text_charCnt__C                                       
0000830a  xdc_runtime_Text_isLoaded__C                                      
0000830c  xdc_runtime_Text_registryModsLastId__C                            
0000830e  xdc_runtime_Text_unnamedModsLastId__C                             
00008310  __TI_static_base__                                                
00008558  __TI_Handler_Table_Base                                           
00008564  __TI_Handler_Table_Limit                                          
00008578  __TI_CINIT_Base                                                   
00008590  __TI_CINIT_Limit                                                  
20000000  ti_sysbios_family_arm_m3_Hwi_ramVectors                           
20000380  ti_sysbios_knl_Task_Instance_State_0_stack__A                     
20000b80  ti_uia_loggers_LoggerStopMode_Instance_State_1_packetArray__A     
20000f80  ti_uia_loggers_LoggerStopMode_Instance_State_2_packetArray__A     
20001380  xdc_runtime_SysMin_Module_State_0_outbuf__A                       
20001780  ti_sysbios_family_arm_m3_Hwi_dispatchTable                        
20001ae0  parmbuf                                                           
20001b00  ti_uia_loggers_LoggerStopMode_Instance_State_0_packetArray__A     
20001d00  __CIOBUF_                                                         
20001e80  ti_uia_loggers_LoggerStopMode_Instance_State_0_hdr__A             
20001f00  ti_uia_loggers_LoggerStopMode_Instance_State_1_hdr__A             
20001f80  ti_uia_loggers_LoggerStopMode_Instance_State_2_hdr__A             
20001fb0  ti_uia_loggers_LoggerStopMode_Object__table__V                    
2000204c  ti_sysbios_utils_Load_Module__state__V                            
200020e4  ti_sysbios_family_arm_lm4_Timer_Object__table__V                  
20002164  ti_sysbios_knl_Swi_Module_State_0_readyQ__A                       
200021e4  ti_sysbios_knl_Task_Module_State_0_readyQ__A                      
20002264  ti_sysbios_knl_Swi_Object__table__V                               
200022c4  ti_sysbios_knl_Task_Object__table__V                              
20002310  ti_sysbios_family_arm_m3_Hwi_Object__table__V                     
20002358  ti_sysbios_knl_Task_Module__state__V                              
2000239c  ti_sysbios_gates_GateMutex_Object__table__V                       
200023d4  ti_sysbios_family_arm_m3_Hwi_Module__state__V                     
20002408  ti_sysbios_family_arm_lm4_Timer_Module_State_0_device__A          
20002438  ti_sysbios_knl_Clock_Module__state__V                             
20002464  ti_sysbios_BIOS_Module__state__V                                  
20002488  xdc_runtime_System_Module_State_0_atexitHandlers__A               
200024a8  ti_sysbios_knl_Swi_Module__state__V                               
200024c4  ti_sysbios_family_arm_lm4_Timer_Module_State_0_handles__A         
200024dc  __TI_cleanup_ptr                                                  
200024e0  __TI_dtors_ptr                                                    
200024e4  __TI_enable_exit_profile_output                                   
200024e8  ti_sysbios_family_arm_lm4_Timer_Module__state__V                  
200024f4  ti_sysbios_knl_Task_Module__root__V                               
20002500  ti_uia_runtime_QueueDescriptor_Module__state__V                   
2000250c  xdc_runtime_HeapStd_Object__table__V                              
20002518  xdc_runtime_SysMin_Module__state__V                               
20002524  _lock                                                             
20002528  _unlock                                                           
2000252c  ti_uia_runtime_QueueDescriptor_gPtrToFirstDescriptor              
20002530  ti_uia_runtime_QueueDescriptor_gUpdateCount                       
20002534  ti_sysbios_family_arm_lm4_TimestampProvider_Module__state__V      
2000253c  ti_sysbios_gates_GateHwi_Module__root__V                          
20002544  ti_sysbios_gates_GateMutex_Module__root__V                        
2000254c  ti_sysbios_hal_Hwi_Object__table__V                               
20002554  ti_sysbios_knl_Queue_Module__root__V                              
2000255c  ti_sysbios_knl_Semaphore_Module__root__V                          
20002564  ti_uia_loggers_LoggerStopMode_Module__root__V                     
2000256c  xdc_runtime_HeapStd_Module__root__V                               
20002574  xdc_runtime_Registry_Module__state__V                             
2000257c  xdc_runtime_Startup_Module__state__V                              
20002584  xdc_runtime_System_Module__state__V                               
2000258c  main_func_sp                                                      
20002590  ti_sysbios_family_arm_m3_Hwi_Module_State_0_excContext__A         
20002594  ti_sysbios_family_arm_m3_Hwi_Module_State_0_excStack__A           
20002598  ti_sysbios_gates_GateHwi_Object__table__V                         
2000259c  ti_sysbios_knl_Task_Module_State_0_idleTask__A                    
200025a0  ti_sysbios_utils_Load_Module_State_0_runningTask__A               
200025a4  ti_sysbios_utils_Load_Module_State_0_taskStartTime__A             
200025a8  xdc_runtime_HeapStd_Module__state__V                              
200025ac  xdc_runtime_Memory_Module__state__V                               
200025b0  i16ToggleCount                                                    
200025b2  ti_sysbios_family_arm_m3_Hwi_Module_State_0_excActive__A          
200025b4  xdc_runtime_Error_Module__state__V                                
200025b6  xdc_runtime_Main_Module__root__V                                  
200025b8  __stack                                                           
200026b8  __STACK_TOP                                                       
200029b8  __STACK_END                                                       
e000e000  ti_sysbios_family_arm_m3_Hwi_nvic                                 
ffffffff  __TI_pprof_out_hndl                                               
ffffffff  __TI_prof_data_size                                               
ffffffff  __TI_prof_data_start                                              
ffffffff  __binit__                                                         
ffffffff  __c_args__                                                        
ffffffff  binit                                                             
UNDEFED   SHT$$INIT_ARRAY$$Base                                             
UNDEFED   SHT$$INIT_ARRAY$$Limit                                            

[653 symbols]
