******************************************************************************
                  TI ARM Linker PC v16.9.6                     
******************************************************************************
>> Linked Tue Mar 27 13:04:43 2018

OUTPUT FILE NAME:   <blink_TM4C_MBX.out>
ENTRY POINT SYMBOL: "_c_int00"  address: 00004be9


MEMORY CONFIGURATION

         name            origin    length      used     unused   attr    fill
----------------------  --------  ---------  --------  --------  ----  --------
  FLASH                 00000000   00040000  00008e37  000371c9  R  X
  SRAM                  20000000   00008000  00003ad8  00004528  RW X


SEGMENT ALLOCATION MAP

run origin  load origin   length   init length attrs members
----------  ----------- ---------- ----------- ----- -------
00000000    00000000    00008e40   00008e40    r-x
  00000000    00000000    0000003c   0000003c    r-- .resetVecs
  00000040    00000040    0000637a   0000637a    r-x .text
  000063bc    000063bc    00002781   00002781    r-- .const
  00008b40    00008b40    00000300   00000300    r-- .cinit
20000000    20000000    00000360   00000000    rw-
  20000000    20000000    00000360   00000000    rw- .vecs
20000380    20000380    00003778   00000000    rw-
  20000380    20000380    00002c30   00000000    rw- .bss
  20002fb0    20002fb0    00000748   00000000    rw- .data
  200036f8    200036f8    00000400   00000000    rw- .stack


SECTION ALLOCATION MAP

 output                                  attributes/
section   page    origin      length       input sections
--------  ----  ----------  ----------   ----------------
.resetVecs 
*          0    00000000    0000003c     
                  00000000    0000003c     empty_pem4f.oem4f (.resetVecs)

.text      0    00000040    0000637a     
                  00000040    00000430     sysbios.aem4f : BIOS.obj (.text:ti_sysbios_family_arm_m3_Hwi_excDumpRegs__I)
                  00000470    0000034c     ti.targets.arm.rtsarm.aem4f : System.oem4f (.text:xdc_runtime_System_doPrint__I)
                  000007bc    00000004     driverlib.lib : timer.obj (.text:TimerIntClear)
                  000007c0    00000314     sysbios.aem4f : BIOS.obj (.text:ti_sysbios_knl_Semaphore_pend__E)
                  00000ad4    00000004     empty_pem4f.oem4f (.text:malloc)
                  00000ad8    000001fc     sysbios.aem4f : BIOS.obj (.text:ti_sysbios_family_arm_m3_Hwi_excHandlerMax__I)
                  00000cd4    00000004     empty_pem4f.oem4f (.text:ti_sysbios_BIOS_RtsGateProxy_enter__E)
                  00000cd8    0000017c     sysbios.aem4f : BIOS.obj (.text:ti_sysbios_family_arm_lm4_TimestampProvider_get64__E)
                  00000e54    00000004     empty_pem4f.oem4f (.text:ti_sysbios_BIOS_RtsGateProxy_leave__E)
                  00000e58    00000174     sysbios.aem4f : BIOS.obj (.text:ti_sysbios_family_arm_m3_Hwi_excBusFault__I)
                  00000fcc    00000004                   : BIOS.obj (.text:ti_sysbios_family_arm_lm4_Timer_masterEnable__I)
                  00000fd0    00000168                   : BIOS.obj (.text:ti_sysbios_family_arm_lm4_Timer_start__E)
                  00001138    00000164                   : BIOS.obj (.text:ti_sysbios_family_arm_m3_Hwi_excUsageFault__I)
                  0000129c    00000004     empty_pem4f.oem4f (.text:ti_sysbios_family_arm_m3_TaskSupport_Module__startupDone__S)
                  000012a0    00000148     sysbios.aem4f : BIOS.obj (.text:ti_sysbios_family_arm_m3_Hwi_excMemFault__I)
                  000013e8    00000144     ti.targets.arm.rtsarm.aem4f : HeapStd.oem4f (.text:xdc_runtime_HeapStd_alloc__E)
                  0000152c    00000004     empty_pem4f.oem4f (.text:ti_sysbios_knl_Clock_TimerProxy_getMaxTicks__E)
                  00001530    00000140     sysbios.aem4f : BIOS.obj (.text:ti_sysbios_knl_Semaphore_post__E)
                  00001670    0000013c                   : BIOS.obj (.text:ti_sysbios_knl_Clock_workFunc__E)
                  000017ac    00000004     empty_pem4f.oem4f (.text:ti_sysbios_knl_Clock_TimerProxy_getPeriod__E)
                  000017b0    00000138     sysbios.aem4f : BIOS.obj (.text:ti_sysbios_family_arm_m3_Hwi_dispatchC__I)
                  000018e8    00000138     empty_pem4f.oem4f (.text:ti_uia_loggers_LoggerStopMode_writeMemoryRange__E)
                  00001a20    00000130     driverlib.lib : gpio.obj (.text:GPIOPadConfigSet)
                  00001b50    0000011c     sysbios.aem4f : BIOS.obj (.text:ti_sysbios_knl_Swi_run__I)
                  00001c6c    00000118     ti.targets.arm.rtsarm.aem4f : Error.oem4f (.text:xdc_runtime_Error_policyDefault__E)
                  00001d84    00000004     empty_pem4f.oem4f (.text:ti_sysbios_knl_Queue_destruct)
                  00001d88    00000110     sysbios.aem4f : BIOS.obj (.text:ti_sysbios_knl_Task_schedule__I)
                  00001e98    0000010c     driverlib.lib : sysctl.obj (.text:SysCtlClockGet)
                  00001fa4    0000010c     empty_pem4f.oem4f (.text:ti_uia_loggers_LoggerStopMode_write8__E)
                  000020b0    00000100     Boot.aem4f : Boot_sysctl.oem4f (.text:ti_catalog_arm_cortexm4_tiva_ce_Boot_sysCtlClockSetI__I)
                  000021b0    00000100     ti.targets.arm.rtsarm.aem4f : Core-mem.oem4f (.text:xdc_runtime_Core_createObject__I)
                  000022b0    000000fc     sysbios.aem4f : BIOS.obj (.text:ti_sysbios_knl_Task_postInit__I)
                  000023ac    00000004     empty_pem4f.oem4f (.text:ti_sysbios_knl_Semaphore_destruct)
                  000023b0    000000fc     sysbios.aem4f : BIOS.obj (.text:ti_sysbios_knl_Task_startCore__E)
                  000024ac    00000004     ti.uia.loggers.aem4f : LoggerStopMode.oem4f (.text:ti_uia_loggers_LoggerStopMode_getContents__E)
                  000024b0    000000f8     sysbios.aem4f : BIOS.obj (.text:ti_sysbios_utils_Load_updateThreadContexts__E)
                  000025a8    000000f8     ti.targets.arm.rtsarm.aem4f : Startup.oem4f (.text:xdc_runtime_Startup_startMods__I)
                  000026a0    000000f8     empty_pem4f.oem4f (.text:xdc_runtime_System_printfExtend__I)
                  00002798    000000f4     sysbios.aem4f : m3_Hwi_asm.obj (.text:ti_sysbios_family_arm_m3_Hwi_dispatch__I)
                  0000288c    000000f4     empty_pem4f.oem4f (.text:ti_uia_loggers_LoggerStopMode_write4__E)
                  00002980    000000f0     driverlib.lib : sysctl.obj (.text:SysCtlClockSet)
                  00002a70    000000e8     empty_pem4f.oem4f (.text:ti_uia_loggers_LoggerStopMode_write1__E)
                  00002b58    000000e8     empty_pem4f.oem4f (.text:ti_uia_loggers_LoggerStopMode_write2__E)
                  00002c40    000000e0     main.obj (.text:ledToggle)
                  00002d20    000000d8     sysbios.aem4f : BIOS.obj (.text:ti_sysbios_family_arm_lm4_TimestampProvider_get32__E)
                  00002df8    000000d8     empty_pem4f.oem4f (.text:ti_uia_loggers_LoggerStopMode_write0__E)
                  00002ed0    000000d0     sysbios.aem4f : BIOS.obj (.text:ti_sysbios_family_arm_m3_Hwi_Module_startup__E)
                  00002fa0    000000cc     ti.targets.arm.rtsarm.aem4f : Core-smem.oem4f (.text:xdc_runtime_Core_constructObject__I)
                  0000306c    000000cc                                 : HeapStd.oem4f (.text:xdc_runtime_HeapStd_Instance_init__E)
                  00003138    000000c8     sysbios.aem4f : BIOS.obj (.text:ti_sysbios_knl_Task_exit__E)
                  00003200    000000c4                   : BIOS.obj (.text:ti_sysbios_utils_Load_logLoads__I)
                  000032c4    00000004     empty_pem4f.oem4f (.text:ti_uia_loggers_LoggerStopMode_getFilterLevel__E)
                  000032c8    000000bc     sysbios.aem4f : BIOS.obj (.text:ti_sysbios_family_arm_m3_Hwi_excDebugMon__I)
                  00003384    00000004     ti.uia.loggers.aem4f : LoggerStopMode.oem4f (.text:ti_uia_loggers_LoggerStopMode_getInstanceId__E)
                  00003388    000000bc     sysbios.aem4f : BIOS.obj (.text:ti_sysbios_family_arm_m3_Hwi_excHardFault__I)
                  00003444    00000004     ti.uia.loggers.aem4f : LoggerStopMode.oem4f (.text:ti_uia_loggers_LoggerStopMode_getMaxLength__E)
                  00003448    000000bc     sysbios.aem4f : BIOS.obj (.text:ti_sysbios_knl_Task_unblockI__E)
                  00003504    00000004     ti.uia.loggers.aem4f : LoggerStopMode.oem4f (.text:ti_uia_loggers_LoggerStopMode_getPriority__E)
                  00003508    000000b4     sysbios.aem4f : BIOS.obj (.text:ti_sysbios_gates_GateMutex_enter__E)
                  000035bc    00000004     ti.uia.loggers.aem4f : LoggerStopMode.oem4f (.text:ti_uia_loggers_LoggerStopMode_getTransferType__E)
                  000035c0    000000b4     sysbios.aem4f : BIOS.obj (.text:ti_sysbios_knl_Task_checkStacks__E)
                  00003674    00000004     ti.targets.arm.rtsarm.aem4f : Error.oem4f (.text:xdc_runtime_Error_getSite__E)
                  00003678    000000b0     sysbios.aem4f : BIOS.obj (.text:ti_sysbios_utils_Load_idleFxn__E)
                  00003728    000000b0                   : BIOS.obj (.text:ti_sysbios_utils_Load_updateLoads__E)
                  000037d8    000000ac                   : BIOS.obj (.text:ti_sysbios_family_arm_lm4_Timer_enableTiva__I)
                  00003884    00000004     ti.targets.arm.rtsarm.aem4f : HeapStd.oem4f (.text:xdc_runtime_HeapStd_isBlocking__E)
                  00003888    000000ac     sysbios.aem4f : BIOS.obj (.text:ti_sysbios_knl_Swi_post__E)
                  00003934    00000004     empty_pem4f.oem4f (.text:xdc_runtime_System_Module_GateProxy_enter__E)
                  00003938    000000a8     sysbios.aem4f : BIOS.obj (.text:ti_sysbios_family_arm_lm4_Timer_enableTimers__I)
                  000039e0    000000a8                   : BIOS.obj (.text:ti_sysbios_knl_Task_blockI__E)
                  00003a88    000000a8     ti.targets.arm.rtsarm.aem4f : HeapStd.oem4f (.text:xdc_runtime_HeapStd_free__E)
                  00003b30    000000a0     auto_init.aem4f : auto_init.oem4f (.text)
                  00003bd0    000000a0     ti.targets.arm.rtsarm.aem4f : Text.oem4f (.text:xdc_runtime_Text_putMod__E)
                  00003c70    0000009c     rtsv7M4_T_le_v4SPD16_eabi.lib : memcpy_t2.obj (.text)
                  00003d0c    00000004     empty_pem4f.oem4f (.text:xdc_runtime_System_Module_GateProxy_leave__E)
                  00003d10    0000009c     sysbios.aem4f : BIOS.obj (.text:ti_sysbios_knl_Semaphore_Instance_init__E)
                  00003dac    0000009a     ti.targets.arm.rtsarm.aem4f : Text.oem4f (.text:xdc_runtime_Text_putSite__E)
                  00003e46    00000002     empty_pem4f.oem4f (.text:free)
                  00003e48    00000098     Boot.aem4f : Boot.oem4f (.text:ti_catalog_arm_cortexm4_tiva_ce_Boot_sysCtlClockSet__E)
                  00003ee0    00000098     sysbios.aem4f : BIOS.obj (.text:ti_sysbios_knl_Mailbox_post__E)
                  00003f78    00000094                   : BIOS.obj (.text:ti_sysbios_family_arm_m3_Hwi_initNVIC__E)
                  0000400c    00000004     ti.targets.arm.rtsarm.aem4f : System.oem4f (.text:xdc_runtime_System_aprintf_va__F)
                  00004010    00000090     sysbios.aem4f : BIOS.obj (.text:ti_sysbios_knl_Task_Module_startup__E)
                  000040a0    00000090                   : BIOS.obj (.text:ti_sysbios_utils_Load_startup__E)
                  00004130    00000090     ti.uia.loggers.aem4f : LoggerStopMode.oem4f (.text:ti_uia_loggers_LoggerStopMode_initQueueDescriptor__E)
                  000041c0    0000008c     sysbios.aem4f : m3_TaskSupport_asm.obj (.text:ti_sysbios_family_arm_m3_TaskSupport_buildTaskStack)
                  0000424c    00000004     ti.targets.arm.rtsarm.aem4f : System.oem4f (.text:xdc_runtime_System_printf_va__F)
                  00004250    00000088     sysbios.aem4f : BIOS.obj (.text:ti_sysbios_knl_Mailbox_Module_startup__E)
                  000042d8    00000088                   : BIOS.obj (.text:ti_sysbios_knl_Mailbox_pend__E)
                  00004360    0000007a     rtsv7M4_T_le_v4SPD16_eabi.lib : memset_t2.obj (.text)
                  000043da    00000002                                   : i_div0.obj (.text)
                  000043dc    00000074     ti.uia.runtime.aem4f : QueueDescriptor.oem4f (.text:ti_uia_runtime_QueueDescriptor_addToList__E)
                  00004450    0000006d     ti.targets.arm.rtsarm.aem4f : System.oem4f (.text:xdc_runtime_System_formatNum__I)
                  000044bd    00000001     --HOLE-- [fill = 0]
                  000044be    00000002     empty_pem4f.oem4f (.text:ti_sysbios_BIOS_nullFunc__I)
                  000044c0    0000006c     sysbios.aem4f : BIOS.obj (.text:ti_sysbios_knl_Swi_restoreHwi__E)
                  0000452c    00000002     empty_pem4f.oem4f (.text:ti_uia_loggers_LoggerStopMode_setFilterLevel__E)
                  0000452e    00000002     ti.uia.loggers.aem4f : LoggerStopMode.oem4f (.text:ti_uia_loggers_LoggerStopMode_setPriority__E)
                  00004530    0000006c     sysbios.aem4f : BIOS.obj (.text:ti_sysbios_utils_Load_taskCreateHook__E)
                  0000459c    0000006c     ti.targets.arm.rtsarm.aem4f : Error.oem4f (.text:xdc_runtime_Error_print__E)
                  00004608    0000006c                                 : Memory.oem4f (.text:xdc_runtime_Memory_alloc__E)
                  00004674    00000068     rtsv7M4_T_le_v4SPD16_eabi.lib : copy_decompress_lzss.obj (.text:decompress:lzss)
                  000046dc    00000068     main.obj (.text:hardware_init)
                  00004744    00000068     rtsv7M4_T_le_v4SPD16_eabi.lib : trgmsg.obj (.text)
                  000047ac    00000002     empty_pem4f.oem4f (.text:xdc_runtime_Startup_reset__I)
                  000047ae    00000002     --HOLE-- [fill = 0]
                  000047b0    00000068     sysbios.aem4f : BIOS.obj (.text:ti_sysbios_utils_Load_addTask__E)
                  00004818    00000066     ti.uia.loggers.aem4f : LoggerStopMode.oem4f (.text:ti_uia_loggers_LoggerStopMode_flush__E)
                  0000487e    00000066     ti.targets.arm.rtsarm.aem4f : Core-mem.oem4f (.text:xdc_runtime_Core_deleteObject__I)
                  000048e4    00000004     --HOLE-- [fill = 0]
                  000048e8    00000064     sysbios.aem4f : BIOS.obj (.text:ti_sysbios_family_arm_lm4_Timer_Module_startup__E)
                  0000494c    00000060     driverlib.lib : timer.obj (.text:TimerConfigure)
                  000049ac    00000004     --HOLE-- [fill = 0]
                  000049b0    00000060     sysbios.aem4f : BIOS.obj (.text:ti_sysbios_family_arm_lm4_Timer_isrStub__E)
                  00004a10    00000060                   : BIOS.obj (.text:ti_sysbios_knl_Clock_logTick__E)
                  00004a70    00000060                   : BIOS.obj (.text:ti_sysbios_utils_Load_logCPULoad__I)
                  00004ad0    00000060                   : BIOS.obj (.text:ti_sysbios_utils_Load_updateCurrentThreadTime__E)
                  00004b30    0000005c                   : BIOS.obj (.text:ti_sysbios_knl_Swi_schedule__I)
                  00004b8c    0000005b     ti.targets.arm.rtsarm.aem4f : Text.oem4f (.text:xdc_runtime_Text_putLab__E)
                  00004be7    00000001     --HOLE-- [fill = 0]
                  00004be8    00000058     boot.aem4f : boot.oem4f (.text)
                  00004c40    00000058     rtsv7M4_T_le_v4SPD16_eabi.lib : hostwrite.obj (.text)
                  00004c98    00000058     sysbios.aem4f : m3_Hwi_asm_switch.obj (.text:ti_sysbios_family_arm_m3_Hwi_initStacks__E)
                  00004cf0    00000058     empty_pem4f.oem4f (.text:xdc_runtime_HeapStd_Object__create__S)
                  00004d48    00000054     rtsv7M4_T_le_v4SPD16_eabi.lib : exit.obj (.text)
                  00004d9c    00000004     --HOLE-- [fill = 0]
                  00004da0    00000054     sysbios.aem4f : BIOS.obj (.text:ti_sysbios_utils_Load_taskSwitchHook__E)
                  00004df4    00000054     ti.targets.arm.rtsarm.aem4f : Assert.oem4f (.text:xdc_runtime_Assert_raise__I)
                  00004e48    00000050                                 : Startup.oem4f (.text:xdc_runtime_Startup_exec__E)
                  00004e98    00000050                                 : Text.oem4f (.text:xdc_runtime_Text_visitRope2__I)
                  00004ee8    0000004c     rtsv7M4_T_le_v4SPD16_eabi.lib : cpy_tbl.obj (.text)
                  00004f34    00000004     --HOLE-- [fill = 0]
                  00004f38    0000004c     sysbios.aem4f : BIOS.obj (.text:ti_sysbios_knl_Swi_runLoop__I)
                  00004f84    00000004     --HOLE-- [fill = 0]
                  00004f88    0000004c                   : BIOS.obj (.text:ti_sysbios_knl_Task_allBlockedFunction__I)
                  00004fd4    0000004c     ti.uia.loggers.aem4f : LoggerStopMode.oem4f (.text:ti_uia_loggers_LoggerStopMode_Module_startup__E)
                  00005020    00000048     sysbios.aem4f : BIOS.obj (.text:ti_sysbios_family_arm_m3_Hwi_disableInterrupt__E)
                  00005068    00000048                   : BIOS.obj (.text:ti_sysbios_family_arm_m3_Hwi_enableInterrupt__E)
                  000050b0    00000048                   : BIOS.obj (.text:ti_sysbios_family_arm_m3_Hwi_excReserved__I)
                  000050f8    00000048                   : BIOS.obj (.text:ti_sysbios_utils_Load_taskDeleteHook__E)
                  00005140    00000046     ti.targets.arm.rtsarm.aem4f : Core-params.oem4f (.text:xdc_runtime_Core_assignParams__I)
                  00005186    00000002     --HOLE-- [fill = 0]
                  00005188    00000044     sysbios.aem4f : BIOS.obj (.text:ti_sysbios_family_arm_lm4_Timer_stop__E)
                  000051cc    00000004     --HOLE-- [fill = 0]
                  000051d0    00000044                   : BIOS.obj (.text:ti_sysbios_family_arm_m3_Hwi_getStackInfo__E)
                  00005214    00000004     --HOLE-- [fill = 0]
                  00005218    00000044                   : BIOS.obj (.text:ti_sysbios_utils_Load_removeTask__E)
                  0000525c    00000044     ti.uia.loggers.aem4f : LoggerStopMode.oem4f (.text:ti_uia_loggers_LoggerStopMode_initBuffer__I)
                  000052a0    00000044     ti.targets.arm.rtsarm.aem4f : Error.oem4f (.text:xdc_runtime_Error_setX__E)
                  000052e4    00000044                                 : SysMin.oem4f (.text:xdc_runtime_SysMin_flush__E)
                  00005328    00000044                                 : Text.oem4f (.text:xdc_runtime_Text_xprintf__I)
                  0000536c    00000040     rtsv7M4_T_le_v4SPD16_eabi.lib : u_divt2.obj (.text)
                  000053ac    00000004     --HOLE-- [fill = 0]
                  000053b0    00000040     sysbios.aem4f : BIOS.obj (.text:ti_sysbios_family_arm_lm4_Timer_startup__E)
                  000053f0    0000003c                   : BIOS.obj (.text:ti_sysbios_family_arm_m3_Hwi_excSvCall__I)
                  0000542c    00000004     --HOLE-- [fill = 0]
                  00005430    0000003c                   : BIOS.obj (.text:ti_sysbios_heaps_HeapMem_init__I)
                  0000546c    00000004     --HOLE-- [fill = 0]
                  00005470    0000003c                   : BIOS.obj (.text:ti_sysbios_knl_Swi_restore__E)
                  000054ac    00000004     --HOLE-- [fill = 0]
                  000054b0    00000038                   : BIOS.obj (.text:ti_sysbios_family_arm_m3_Hwi_excNoIsr__I)
                  000054e8    00000038                   : BIOS.obj (.text:ti_sysbios_knl_Task_processVitalTaskFlag__I)
                  00005520    00000038     ti.targets.arm.rtsarm.aem4f : SysMin.oem4f (.text:xdc_runtime_SysMin_putch__E)
                  00005558    00000038                                 : System.oem4f (.text:xdc_runtime_System_atexit__E)
                  00005590    00000034     driverlib.lib : sysctl.obj (.text:SysCtlPeripheralEnable)
                  000055c4    00000034     main.obj (.text:mailbox_queue)
                  000055f8    00000034     sysbios.aem4f : BIOS.obj (.text:ti_sysbios_family_arm_m3_Hwi_excNmi__I)
                  0000562c    00000004     --HOLE-- [fill = 0]
                  00005630    00000034                   : BIOS.obj (.text:ti_sysbios_hal_Hwi_checkStack)
                  00005664    00000034     ti.uia.loggers.aem4f : LoggerStopMode.oem4f (.text:ti_uia_loggers_LoggerStopMode_reset__E)
                  00005698    00000034     ti.targets.arm.rtsarm.aem4f : Core-label.oem4f (.text:xdc_runtime_Core_assignLabel__I)
                  000056cc    00000033                                 : Text.oem4f (.text:xdc_runtime_Text_printVisFxn__I)
                  000056ff    00000001     --HOLE-- [fill = 0]
                  00005700    00000032     sysbios.aem4f : BIOS.obj (.text:ti_sysbios_hal_Hwi_initStack)
                  00005732    00000006     driverlib.lib : gpio.obj (.text:GPIOPinWrite)
                  00005738    00000032     sysbios.aem4f : BIOS.obj (.text:ti_sysbios_knl_Semaphore_pendTimeout__I)
                  0000576a    00000002     --HOLE-- [fill = 0]
                  0000576c    00000030     empty_pem4f.oem4f (.text:ti_sysbios_BIOS_atExitFunc__I)
                  0000579c    00000004     --HOLE-- [fill = 0]
                  000057a0    00000030     sysbios.aem4f : BIOS.obj (.text:ti_sysbios_family_arm_m3_TaskSupport_start__E)
                  000057d0    00000030     empty_pem4f.oem4f (.text:ti_sysbios_gates_GateHwi_Object__create__S)
                  00005800    00000030     empty_pem4f.oem4f (.text:ti_sysbios_gates_GateMutex_Object__create__S)
                  00005830    00000030     empty_pem4f.oem4f (.text:ti_sysbios_knl_Semaphore_construct)
                  00005860    00000030     empty_pem4f.oem4f (.text:ti_uia_loggers_LoggerStopMode_Object__create__S)
                  00005890    00000030     ti.targets.arm.rtsarm.aem4f : SysMin.oem4f (.text:xdc_runtime_SysMin_abort__E)
                  000058c0    00000030                                 : System.oem4f (.text:xdc_runtime_System_processAtExit__E)
                  000058f0    0000002c     empty_pem4f.oem4f (.text:ti_sysbios_knl_Clock_doTick__I)
                  0000591c    0000002c     empty_pem4f.oem4f (.text:ti_sysbios_knl_Queue_construct)
                  00005948    0000002c     sysbios.aem4f : BIOS.obj (.text:ti_sysbios_knl_Task_restore__E)
                  00005974    0000002c     ti.targets.arm.rtsarm.aem4f : Text.oem4f (.text:xdc_runtime_Text_cordText__E)
                  000059a0    0000002a     driverlib.lib : gpio.obj (.text:GPIODirModeSet)
                  000059ca    0000002a     ti.targets.arm.rtsarm.aem4f : System.oem4f (.text:xdc_runtime_System_putchar__I)
                  000059f4    00000028     empty_pem4f.oem4f (.text:ti_sysbios_BIOS_startFunc__I)
                  00005a1c    00000004     --HOLE-- [fill = 0]
                  00005a20    00000028     sysbios.aem4f : BIOS.obj (.text:ti_sysbios_knl_Swi_Module_startup__E)
                  00005a48    00000026                   : m3_Hwi_asm.obj (.text:ti_sysbios_family_arm_m3_Hwi_pendSV__I)
                  00005a6e    00000026     ti.targets.arm.rtsarm.aem4f : System.oem4f (.text:xdc_runtime_System_avprintf__E)
                  00005a94    00000024     empty_pem4f.oem4f (.text:ti_sysbios_BIOS_registerRTSLock__I)
                  00005ab8    00000024     empty_pem4f.oem4f (.text:ti_sysbios_BIOS_removeRTSLock__I)
                  00005adc    00000004     --HOLE-- [fill = 0]
                  00005ae0    00000024     sysbios.aem4f : BIOS.obj (.text:ti_sysbios_family_arm_m3_Hwi_doTaskRestore__I)
                  00005b04    00000024     empty_pem4f.oem4f (.text:ti_sysbios_gates_GateMutex_Object__delete__S)
                  00005b28    00000024     sysbios.aem4f : BIOS.obj (.text:ti_sysbios_knl_Clock_Module_startup__E)
                  00005b4c    00000024     ti.targets.arm.rtsarm.aem4f : System.oem4f (.text:xdc_runtime_System_vprintf__E)
                  00005b70    00000022     sysbios.aem4f : BIOS.obj (.text:ti_sysbios_family_arm_lm4_Timer_write__I)
                  00005b92    00000022     empty_pem4f.oem4f (.text:xdc_runtime_SysMin_output__I)
                  00005bb4    00000020     empty_pem4f.oem4f (.text:ti_sysbios_BIOS_rtsLock__I)
                  00005bd4    00000020     sysbios.aem4f : m3_Hwi_asm.obj (.text:ti_sysbios_family_arm_m3_Hwi_excHandlerAsm__I)
                  00005bf4    00000004     --HOLE-- [fill = 0]
                  00005bf8    00000020                   : BIOS.obj (.text:ti_sysbios_family_arm_m3_Hwi_excHandler__I)
                  00005c18    00000020     empty_pem4f.oem4f (.text:ti_sysbios_gates_GateHwi_Object__delete__S)
                  00005c38    00000020     sysbios.aem4f : BIOS.obj (.text:ti_sysbios_knl_Idle_run__E)
                  00005c58    00000020     empty_pem4f.oem4f (.text:ti_sysbios_knl_Semaphore_Object__destruct__S)
                  00005c78    00000020     empty_pem4f.oem4f (.text:ti_uia_loggers_LoggerStopMode_Object__delete__S)
                  00005c98    00000020     ti.targets.arm.rtsarm.aem4f : Registry.oem4f (.text:xdc_runtime_Registry_findById__E)
                  00005cb8    00000020                                 : SysMin.oem4f (.text:xdc_runtime_SysMin_Module_startup__E)
                  00005cd8    0000001e     empty_pem4f.oem4f (.text:ti_sysbios_BIOS_errorRaiseHook__I)
                  00005cf6    0000001e     sysbios.aem4f : m3_Hwi_asm_switch.obj (.text:ti_sysbios_family_xxx_Hwi_switchAndRunFunc)
                  00005d14    0000001c     main.obj (.text:Timer_ISR)
                  00005d30    0000001c     sysbios.aem4f : BIOS.obj (.text:ti_sysbios_gates_GateMutex_Instance_init__E)
                  00005d4c    0000001c     empty_pem4f.oem4f (.text:ti_sysbios_knl_Queue_Object__destruct__S)
                  00005d68    0000001c     sysbios.aem4f : BIOS.obj (.text:ti_sysbios_knl_Task_enter__I)
                  00005d84    0000001c     ti.uia.loggers.aem4f : LoggerStopMode.oem4f (.text:ti_uia_loggers_LoggerStopMode_Instance_init__E)
                  00005da0    0000001c     ti.targets.arm.rtsarm.aem4f : Error.oem4f (.text:xdc_runtime_Error_raiseX__E)
                  00005dbc    0000001c     empty_pem4f.oem4f (.text:xdc_runtime_HeapStd_Object__delete__S)
                  00005dd8    0000001c     ti.targets.arm.rtsarm.aem4f : Memory.oem4f (.text:xdc_runtime_Memory_valloc__E)
                  00005df4    0000001c                                 : SysMin.oem4f (.text:xdc_runtime_SysMin_exit__E)
                  00005e10    0000001c                                 : System.oem4f (.text:xdc_runtime_System_abort__E)
                  00005e2c    0000001a     empty_pem4f.oem4f (.text:ti_sysbios_family_arm_m3_Hwi_Handle__label__S)
                  00005e46    0000001a     empty_pem4f.oem4f (.text:ti_sysbios_gates_GateHwi_Handle__label__S)
                  00005e60    0000001a     empty_pem4f.oem4f (.text:ti_sysbios_gates_GateMutex_Handle__label__S)
                  00005e7a    0000001a     empty_pem4f.oem4f (.text:ti_sysbios_knl_Swi_Handle__label__S)
                  00005e94    0000001a     empty_pem4f.oem4f (.text:ti_sysbios_knl_Task_Handle__label__S)
                  00005eae    0000001a     empty_pem4f.oem4f (.text:ti_uia_loggers_LoggerStopMode_Handle__label__S)
                  00005ec8    0000001a     empty_pem4f.oem4f (.text:xdc_runtime_HeapStd_Handle__label__S)
                  00005ee2    0000001a     empty_pem4f.oem4f (.text:xdc_runtime_System_aprintf__E)
                  00005efc    0000001a     empty_pem4f.oem4f (.text:xdc_runtime_System_printf__E)
                  00005f16    00000018     driverlib.lib : gpio.obj (.text:GPIOPinTypeGPIOOutput)
                  00005f2e    00000002     --HOLE-- [fill = 0]
                  00005f30    00000018     rtsv7M4_T_le_v4SPD16_eabi.lib : args_main.obj (.text)
                  00005f48    00000018     empty_pem4f.oem4f (.text:ti_sysbios_BIOS_rtsUnlock__I)
                  00005f60    00000018     empty_pem4f.oem4f (.text:ti_sysbios_family_arm_lm4_Timer_Module__startupDone__F)
                  00005f78    00000018     empty_pem4f.oem4f (.text:ti_sysbios_family_arm_m3_Hwi_Module__startupDone__F)
                  00005f90    00000018     sysbios.aem4f : m3_TaskSupport_asm.obj (.text:ti_sysbios_family_arm_m3_TaskSupport_swap__E)
                  00005fa8    00000018                   : BIOS.obj (.text:ti_sysbios_gates_GateMutex_leave__E)
                  00005fc0    00000018     ti.targets.arm.rtsarm.aem4f : Error.oem4f (.text:xdc_runtime_Error_check__E)
                  00005fd8    00000018                                 : System.oem4f (.text:xdc_runtime_System_exit__E)
                  00005ff0    00000018                                 : Text.oem4f (.text:xdc_runtime_Text_ropeText__E)
                  00006008    00000016     empty_pem4f.oem4f (.text:ti_sysbios_BIOS_exitFunc__I)
                  0000601e    00000016     ti.uia.loggers.aem4f : LoggerStopMode.oem4f (.text:ti_uia_loggers_LoggerStopMode_disable__E)
                  00006034    00000016                          : LoggerStopMode.oem4f (.text:ti_uia_loggers_LoggerStopMode_enable__E)
                  0000604a    00000002     --HOLE-- [fill = 0]
                  0000604c    00000014     rtsv7M4_T_le_v4SPD16_eabi.lib : _lock.obj (.text)
                  00006060    00000014                                   : strlen.obj (.text)
                  00006074    00000014     empty_pem4f.oem4f (.text:ti_sysbios_family_arm_m3_Hwi_Object__get__S)
                  00006088    00000014     sysbios.aem4f : BIOS.obj (.text:ti_sysbios_family_arm_m3_Hwi_switchFromBootStack__E)
                  0000609c    00000014     empty_pem4f.oem4f (.text:ti_sysbios_knl_Mailbox_Object__get__S)
                  000060b0    00000014     empty_pem4f.oem4f (.text:ti_sysbios_knl_Swi_Object__get__S)
                  000060c4    00000014     empty_pem4f.oem4f (.text:ti_sysbios_knl_Task_Object__get__S)
                  000060d8    00000012     driverlib.lib : timer.obj (.text:TimerLoadSet)
                  000060ea    00000006                   : sysctl.obj (.text:SysCtlDelay)
                  000060f0    00000012     sysbios.aem4f : BIOS.obj (.text:ti_sysbios_hal_Hwi_Module_startup__E)
                  00006102    00000012     empty_pem4f.oem4f (.text:xdc_runtime_Startup_exec__I)
                  00006114    00000004     --HOLE-- [fill = 0]
                  00006118    00000010     sysbios.aem4f : BIOS.obj (.text:ti_sysbios_BIOS_getCpuFreq__E)
                  00006128    00000010                   : BIOS.obj (.text:ti_sysbios_BIOS_setThreadType__E)
                  00006138    00000010                   : BIOS.obj (.text:ti_sysbios_BIOS_start__E)
                  00006148    00000010                   : BIOS.obj (.text:ti_sysbios_family_arm_lm4_TimestampProvider_rolloverFunc__E)
                  00006158    00000010                   : m3_TaskSupport_asm.obj (.text:ti_sysbios_family_arm_m3_TaskSupport_glue)
                  00006168    00000010                   : BIOS.obj (.text:ti_sysbios_gates_GateMutex_Instance_finalize__E)
                  00006178    00000010     empty_pem4f.oem4f (.text:ti_sysbios_heaps_HeapMem_Object__get__S)
                  00006188    00000010     sysbios.aem4f : BIOS.obj (.text:ti_sysbios_knl_Semaphore_Instance_finalize__E)
                  00006198    00000010                   : BIOS.obj (.text:ti_sysbios_knl_Swi_disable__E)
                  000061a8    00000010                   : BIOS.obj (.text:ti_sysbios_knl_Task_disable__E)
                  000061b8    00000010     empty_pem4f.oem4f (.text:ti_uia_loggers_LoggerStopMode_Object__get__S)
                  000061c8    00000010     ti.uia.loggers.aem4f : LoggerStopMode.oem4f (.text:ti_uia_loggers_LoggerStopMode_isEmpty__E)
                  000061d8    00000010     ti.targets.arm.rtsarm.aem4f : Gate.oem4f (.text:xdc_runtime_Gate_leaveSystem__E)
                  000061e8    00000010                                 : Memory.oem4f (.text:xdc_runtime_Memory_free__E)
                  000061f8    00000010                                 : SysMin.oem4f (.text:xdc_runtime_SysMin_ready__E)
                  00006208    00000010                                 : System.oem4f (.text:xdc_runtime_System_vsnprintf__E)
                  00006218    00000010     empty_pem4f.oem4f (.text:xdc_runtime_Text_visitRope__I)
                  00006228    0000000e     driverlib.lib : timer.obj (.text:TimerEnable)
                  00006236    0000000e     rtsv7M4_T_le_v4SPD16_eabi.lib : copy_decompress_none.obj (.text:decompress:none)
                  00006244    00000004     --HOLE-- [fill = 0]
                  00006248    0000000e     sysbios.aem4f : BIOS.obj (.text:ti_sysbios_knl_Idle_loop__E)
                  00006256    00000002     --HOLE-- [fill = 0]
                  00006258    0000000e                   : BIOS.obj (.text:ti_sysbios_knl_Queue_empty__E)
                  00006266    0000000e     ti.targets.arm.rtsarm.aem4f : HeapStd.oem4f (.text:xdc_runtime_HeapStd_getStats__E)
                  00006274    0000000c     empty_pem4f.oem4f (.text:.bootCodeSection:ti_catalog_arm_cortexm4_tiva_ce_Boot_init__I)
                  00006280    0000000c     rtsv7M4_T_le_v4SPD16_eabi.lib : copy_zero_init.obj (.text:decompress:ZI)
                  0000628c    0000000c     main.obj (.text:main)
                  00006298    0000000c     sysbios.aem4f : BIOS.obj (.text:ti_sysbios_family_arm_lm4_Timer_getMaxTicks__E)
                  000062a4    00000004     --HOLE-- [fill = 0]
                  000062a8    0000000c                   : BIOS.obj (.text:ti_sysbios_family_arm_lm4_TimestampProvider_startTimer__E)
                  000062b4    00000004     --HOLE-- [fill = 0]
                  000062b8    0000000c                   : BIOS.obj (.text:ti_sysbios_family_arm_m3_Hwi_disableFxn__E)
                  000062c4    00000004     --HOLE-- [fill = 0]
                  000062c8    0000000c                   : BIOS.obj (.text:ti_sysbios_family_arm_m3_TaskSupport_checkStack__E)
                  000062d4    00000004     --HOLE-- [fill = 0]
                  000062d8    0000000c                   : BIOS.obj (.text:ti_sysbios_gates_GateHwi_enter__E)
                  000062e4    0000000c     empty_pem4f.oem4f (.text:ti_sysbios_knl_Queue_Object__get__S)
                  000062f0    0000000c     sysbios.aem4f : BIOS.obj (.text:ti_sysbios_utils_Load_taskRegHook__E)
                  000062fc    0000000c     ti.targets.arm.rtsarm.aem4f : Error.oem4f (.text:xdc_runtime_Error_init__E)
                  00006308    0000000c                                 : Gate.oem4f (.text:xdc_runtime_Gate_enterSystem__E)
                  00006314    0000000c                                 : Memory.oem4f (.text:xdc_runtime_Memory_calloc__E)
                  00006320    0000000c                                 : Memory.oem4f (.text:xdc_runtime_Memory_getMaxDefaultTypeAlign__E)
                  0000632c    0000000a     empty_pem4f.oem4f (.text:xdc_runtime_IHeap_alloc)
                  00006336    0000000a     empty_pem4f.oem4f (.text:xdc_runtime_IHeap_free)
                  00006340    00000008     driverlib.lib : timer.obj (.text:TimerIntEnable)
                  00006348    00000008     sysbios.aem4f : BIOS.obj (.text:ti_sysbios_family_arm_lm4_Timer_masterDisable__I)
                  00006350    00000008                   : BIOS.obj (.text:ti_sysbios_family_arm_m3_Hwi_doSwiRestore__I)
                  00006358    00000008                   : BIOS.obj (.text:ti_sysbios_family_arm_m3_Hwi_startup__E)
                  00006360    00000006     Boot.aem4f : Boot_sysctl.oem4f (.text:ti_catalog_arm_cortexm4_tiva_ce_Boot_sysCtlDelayI__I)
                  00006366    00000002     --HOLE-- [fill = 0]
                  00006368    00000006     sysbios.aem4f : BIOS.obj (.text:ti_sysbios_family_arm_lm4_TimestampProvider_Module_startup__E)
                  0000636e    00000002     --HOLE-- [fill = 0]
                  00006370    00000006                   : BIOS.obj (.text:ti_sysbios_family_arm_m3_Hwi_restoreFxn__E)
                  00006376    00000002     --HOLE-- [fill = 0]
                  00006378    00000006                   : BIOS.obj (.text:ti_sysbios_gates_GateHwi_leave__E)
                  0000637e    00000002     --HOLE-- [fill = 0]
                  00006380    00000006                   : BIOS.obj (.text:ti_sysbios_knl_Queue_Instance_init__E)
                  00006386    00000002     --HOLE-- [fill = 0]
                  00006388    00000006                   : BIOS.obj (.text:ti_sysbios_knl_Swi_startup__E)
                  0000638e    00000006     ti.targets.arm.rtsarm.aem4f : System.oem4f (.text:xdc_runtime_System_Module_startup__E)
                  00006394    00000004     --HOLE-- [fill = 0]
                  00006398    00000004     sysbios.aem4f : BIOS.obj (.text:ti_sysbios_family_arm_lm4_Timer_getPeriod__E)
                  0000639c    00000004     --HOLE-- [fill = 0]
                  000063a0    00000004                   : BIOS.obj (.text:ti_sysbios_gates_GateHwi_query__E)
                  000063a4    00000004     --HOLE-- [fill = 0]
                  000063a8    00000004                   : BIOS.obj (.text:ti_sysbios_gates_GateMutex_query__E)
                  000063ac    00000004     --HOLE-- [fill = 0]
                  000063b0    00000004                   : BIOS.obj (.text:ti_sysbios_knl_Task_startup__E)
                  000063b4    00000004     --HOLE-- [fill = 0]
                  000063b8    00000002                   : BIOS.obj (.text:ti_sysbios_gates_GateHwi_Instance_init__E)

.const     0    000063bc    00002781     
                  000063bc    00002002     empty_pem4f.oem4f (.const:xdc_runtime_Text_charTab__A)
                  000083be    0000010c     empty_pem4f.oem4f (.const:xdc_runtime_Text_nodeTab__A)
                  000084ca    00000002     empty_pem4f.oem4f (.const:ti_catalog_arm_cortexm4_tiva_ce_Boot_Module__id__C)
                  000084cc    0000006c     driverlib.lib : sysctl.obj (.const:g_pui32Xtals)
                  00008538    00000060     empty_pem4f.oem4f (.const:ti_uia_loggers_LoggerStopMode_Module__FXNS__C)
                  00008598    00000048     empty_pem4f.oem4f (.const:.string)
                  000085e0    0000002c     empty_pem4f.oem4f (.const:xdc_runtime_Startup_sfxnTab__A)
                  0000860c    00000028     empty_pem4f.oem4f (.const:ti_uia_loggers_LoggerStopMode_Object__PARAMS__C)
                  00008634    00000028     empty_pem4f.oem4f (.const:xdc_runtime_HeapStd_Module__FXNS__C)
                  0000865c    00000024     empty_pem4f.oem4f (.const:ti_sysbios_gates_GateHwi_Module__FXNS__C)
                  00008680    00000024     empty_pem4f.oem4f (.const:ti_sysbios_gates_GateMutex_Module__FXNS__C)
                  000086a4    00000024     empty_pem4f.oem4f (.const:ti_sysbios_knl_Semaphore_Object__PARAMS__C)
                  000086c8    00000020     empty_pem4f.oem4f (.const:ti_sysbios_gates_GateHwi_Object__DESC__C)
                  000086e8    00000020     empty_pem4f.oem4f (.const:ti_sysbios_gates_GateMutex_Object__DESC__C)
                  00008708    00000020     empty_pem4f.oem4f (.const:ti_sysbios_knl_Queue_Object__DESC__C)
                  00008728    00000020     empty_pem4f.oem4f (.const:ti_sysbios_knl_Semaphore_Object__DESC__C)
                  00008748    00000020     empty_pem4f.oem4f (.const:ti_uia_loggers_LoggerStopMode_Object__DESC__C)
                  00008768    00000020     empty_pem4f.oem4f (.const:xdc_runtime_HeapStd_Object__DESC__C)
                  00008788    0000001c     empty_pem4f.oem4f (.const:xdc_runtime_HeapStd_Object__PARAMS__C)
                  000087a4    00000018     empty_pem4f.oem4f (.const)
                  000087bc    00000018     empty_pem4f.oem4f (.const:ti_sysbios_gates_GateHwi_Object__PARAMS__C)
                  000087d4    00000018     empty_pem4f.oem4f (.const:ti_sysbios_gates_GateMutex_Object__PARAMS__C)
                  000087ec    00000018     empty_pem4f.oem4f (.const:ti_sysbios_knl_Queue_Object__PARAMS__C)
                  00008804    00000018     empty_pem4f.oem4f (.const:ti_sysbios_knl_Task_hooks__A)
                  0000881c    00000016     empty_pem4f.oem4f (.const:xdc_runtime_Startup_sfxnRts__A)
                  00008832    00000002     empty_pem4f.oem4f (.const:ti_sysbios_family_arm_lm4_TimestampProvider_useClockTimer__C)
                  00008834    00000014     empty_pem4f.oem4f (.const:xdc_runtime_Startup_firstFxns__A)
                  00008848    00000008     empty_pem4f.oem4f (.const:ti_sysbios_family_arm_m3_Hwi_excHookFuncs__A)
                  00008850    00000008     empty_pem4f.oem4f (.const:ti_sysbios_knl_Idle_funcList__A)
                  00008858    00000008     empty_pem4f.oem4f (.const:ti_sysbios_knl_Idle_funcList__C)
                  00008860    00000008     empty_pem4f.oem4f (.const:ti_sysbios_knl_Task_hooks__C)
                  00008868    00000008     empty_pem4f.oem4f (.const:xdc_runtime_Startup_firstFxns__C)
                  00008870    00000008     empty_pem4f.oem4f (.const:xdc_runtime_Startup_lastFxns__C)
                  00008878    00000004     empty_pem4f.oem4f (.const:ti_catalog_arm_cortexm4_tiva_ce_Boot_A_mustUseEnhancedClockMode__C)
                  0000887c    00000004     empty_pem4f.oem4f (.const:ti_catalog_arm_cortexm4_tiva_ce_Boot_Module__diagsEnabled__C)
                  00008880    00000004     empty_pem4f.oem4f (.const:ti_catalog_arm_cortexm4_tiva_ce_Boot_Module__diagsIncluded__C)
                  00008884    00000004     empty_pem4f.oem4f (.const:ti_catalog_arm_cortexm4_tiva_ce_Boot_Module__diagsMask__C)
                  00008888    00000004     empty_pem4f.oem4f (.const:ti_sysbios_family_arm_lm4_Timer_enableFunc__C)
                  0000888c    00000004     empty_pem4f.oem4f (.const:ti_sysbios_family_arm_lm4_Timer_numTimerDevices__C)
                  00008890    00000004     empty_pem4f.oem4f (.const:ti_sysbios_family_arm_lm4_Timer_startupNeeded__C)
                  00008894    00000004     empty_pem4f.oem4f (.const:ti_sysbios_family_arm_m3_Hwi_E_NMI__C)
                  00008898    00000004     empty_pem4f.oem4f (.const:ti_sysbios_family_arm_m3_Hwi_E_busFault__C)
                  0000889c    00000004     empty_pem4f.oem4f (.const:ti_sysbios_family_arm_m3_Hwi_E_debugMon__C)
                  000088a0    00000004     empty_pem4f.oem4f (.const:ti_sysbios_family_arm_m3_Hwi_E_hardFault__C)
                  000088a4    00000004     empty_pem4f.oem4f (.const:ti_sysbios_family_arm_m3_Hwi_E_memFault__C)
                  000088a8    00000004     empty_pem4f.oem4f (.const:ti_sysbios_family_arm_m3_Hwi_E_noIsr__C)
                  000088ac    00000004     empty_pem4f.oem4f (.const:ti_sysbios_family_arm_m3_Hwi_E_reserved__C)
                  000088b0    00000004     empty_pem4f.oem4f (.const:ti_sysbios_family_arm_m3_Hwi_E_svCall__C)
                  000088b4    00000004     empty_pem4f.oem4f (.const:ti_sysbios_family_arm_m3_Hwi_E_usageFault__C)
                  000088b8    00000004     empty_pem4f.oem4f (.const:ti_sysbios_family_arm_m3_Hwi_LD_end__C)
                  000088bc    00000004     empty_pem4f.oem4f (.const:ti_sysbios_family_arm_m3_Hwi_LM_begin__C)
                  000088c0    00000004     empty_pem4f.oem4f (.const:ti_sysbios_family_arm_m3_Hwi_Module__diagsEnabled__C)
                  000088c4    00000004     empty_pem4f.oem4f (.const:ti_sysbios_family_arm_m3_Hwi_Module__diagsIncluded__C)
                  000088c8    00000004     empty_pem4f.oem4f (.const:ti_sysbios_family_arm_m3_Hwi_Module__diagsMask__C)
                  000088cc    00000004     empty_pem4f.oem4f (.const:ti_sysbios_family_arm_m3_Hwi_Module__loggerFxn1__C)
                  000088d0    00000004     empty_pem4f.oem4f (.const:ti_sysbios_family_arm_m3_Hwi_Module__loggerFxn8__C)
                  000088d4    00000004     empty_pem4f.oem4f (.const:ti_sysbios_family_arm_m3_Hwi_Module__loggerObj__C)
                  000088d8    00000004     empty_pem4f.oem4f (.const:ti_sysbios_family_arm_m3_Hwi_NUM_INTERRUPTS__C)
                  000088dc    00000004     empty_pem4f.oem4f (.const:ti_sysbios_family_arm_m3_Hwi_Object__count__C)
                  000088e0    00000004     empty_pem4f.oem4f (.const:ti_sysbios_family_arm_m3_Hwi_ccr__C)
                  000088e4    00000004     empty_pem4f.oem4f (.const:ti_sysbios_family_arm_m3_Hwi_excHandlerFunc__C)
                  000088e8    00000004     empty_pem4f.oem4f (.const:ti_sysbios_family_arm_m3_Hwi_excHookFuncs__C)
                  000088ec    00000004     empty_pem4f.oem4f (.const:ti_sysbios_family_arm_m3_Hwi_nullIsrFunc__C)
                  000088f0    00000004     empty_pem4f.oem4f (.const:ti_sysbios_family_arm_m3_Hwi_priGroup__C)
                  000088f4    00000004     empty_pem4f.oem4f (.const:ti_sysbios_gates_GateMutex_A_badContext__C)
                  000088f8    00000004     empty_pem4f.oem4f (.const:ti_sysbios_gates_GateMutex_Instance_State_sem__O)
                  000088fc    00000004     empty_pem4f.oem4f (.const:ti_sysbios_gates_GateMutex_Module__diagsEnabled__C)
                  00008900    00000004     empty_pem4f.oem4f (.const:ti_sysbios_gates_GateMutex_Module__diagsIncluded__C)
                  00008904    00000004     empty_pem4f.oem4f (.const:ti_sysbios_gates_GateMutex_Module__diagsMask__C)
                  00008908    00000004     empty_pem4f.oem4f (.const:ti_sysbios_hal_Hwi_E_stackOverflow__C)
                  0000890c    00000004     empty_pem4f.oem4f (.const:ti_sysbios_heaps_HeapMem_Object__count__C)
                  00008910    00000004     empty_pem4f.oem4f (.const:ti_sysbios_knl_Clock_LM_begin__C)
                  00008914    00000004     empty_pem4f.oem4f (.const:ti_sysbios_knl_Clock_LM_tick__C)
                  00008918    00000004     empty_pem4f.oem4f (.const:ti_sysbios_knl_Clock_LW_delayed__C)
                  0000891c    00000004     empty_pem4f.oem4f (.const:ti_sysbios_knl_Clock_Module_State_clockQ__O)
                  00008920    00000004     empty_pem4f.oem4f (.const:ti_sysbios_knl_Clock_Module__diagsEnabled__C)
                  00008924    00000004     empty_pem4f.oem4f (.const:ti_sysbios_knl_Clock_Module__diagsIncluded__C)
                  00008928    00000004     empty_pem4f.oem4f (.const:ti_sysbios_knl_Clock_Module__diagsMask__C)
                  0000892c    00000004     empty_pem4f.oem4f (.const:ti_sysbios_knl_Clock_Module__loggerFxn1__C)
                  00008930    00000004     empty_pem4f.oem4f (.const:ti_sysbios_knl_Clock_Module__loggerFxn2__C)
                  00008934    00000004     empty_pem4f.oem4f (.const:ti_sysbios_knl_Clock_Module__loggerObj__C)
                  00008938    00000004     empty_pem4f.oem4f (.const:ti_sysbios_knl_Mailbox_Instance_State_dataQue__O)
                  0000893c    00000004     empty_pem4f.oem4f (.const:ti_sysbios_knl_Mailbox_Instance_State_dataSem__O)
                  00008940    00000004     empty_pem4f.oem4f (.const:ti_sysbios_knl_Mailbox_Instance_State_freeQue__O)
                  00008944    00000004     empty_pem4f.oem4f (.const:ti_sysbios_knl_Mailbox_Instance_State_freeSem__O)
                  00008948    00000004     empty_pem4f.oem4f (.const:ti_sysbios_knl_Mailbox_Object__count__C)
                  0000894c    00000004     empty_pem4f.oem4f (.const:ti_sysbios_knl_Mailbox_maxTypeAlign__C)
                  00008950    00000004     empty_pem4f.oem4f (.const:ti_sysbios_knl_Semaphore_A_badContext__C)
                  00008954    00000004     empty_pem4f.oem4f (.const:ti_sysbios_knl_Semaphore_A_noEvents__C)
                  00008958    00000004     empty_pem4f.oem4f (.const:ti_sysbios_knl_Semaphore_A_overflow__C)
                  0000895c    00000004     empty_pem4f.oem4f (.const:ti_sysbios_knl_Semaphore_A_pendTaskDisabled__C)
                  00008960    00000004     empty_pem4f.oem4f (.const:ti_sysbios_knl_Semaphore_Instance_State_pendQ__O)
                  00008964    00000004     empty_pem4f.oem4f (.const:ti_sysbios_knl_Semaphore_LM_pend__C)
                  00008968    00000004     empty_pem4f.oem4f (.const:ti_sysbios_knl_Semaphore_LM_post__C)
                  0000896c    00000004     empty_pem4f.oem4f (.const:ti_sysbios_knl_Semaphore_Module__diagsEnabled__C)
                  00008970    00000004     empty_pem4f.oem4f (.const:ti_sysbios_knl_Semaphore_Module__diagsIncluded__C)
                  00008974    00000004     empty_pem4f.oem4f (.const:ti_sysbios_knl_Semaphore_Module__diagsMask__C)
                  00008978    00000004     empty_pem4f.oem4f (.const:ti_sysbios_knl_Semaphore_Module__loggerFxn2__C)
                  0000897c    00000004     empty_pem4f.oem4f (.const:ti_sysbios_knl_Semaphore_Module__loggerFxn4__C)
                  00008980    00000004     empty_pem4f.oem4f (.const:ti_sysbios_knl_Semaphore_Module__loggerObj__C)
                  00008984    00000004     empty_pem4f.oem4f (.const:ti_sysbios_knl_Swi_LD_end__C)
                  00008988    00000004     empty_pem4f.oem4f (.const:ti_sysbios_knl_Swi_LM_begin__C)
                  0000898c    00000004     empty_pem4f.oem4f (.const:ti_sysbios_knl_Swi_LM_post__C)
                  00008990    00000004     empty_pem4f.oem4f (.const:ti_sysbios_knl_Swi_Module__diagsEnabled__C)
                  00008994    00000004     empty_pem4f.oem4f (.const:ti_sysbios_knl_Swi_Module__diagsIncluded__C)
                  00008998    00000004     empty_pem4f.oem4f (.const:ti_sysbios_knl_Swi_Module__diagsMask__C)
                  0000899c    00000004     empty_pem4f.oem4f (.const:ti_sysbios_knl_Swi_Module__loggerFxn1__C)
                  000089a0    00000004     empty_pem4f.oem4f (.const:ti_sysbios_knl_Swi_Module__loggerFxn4__C)
                  000089a4    00000004     empty_pem4f.oem4f (.const:ti_sysbios_knl_Swi_Module__loggerObj__C)
                  000089a8    00000004     empty_pem4f.oem4f (.const:ti_sysbios_knl_Swi_Object__count__C)
                  000089ac    00000004     empty_pem4f.oem4f (.const:ti_sysbios_knl_Task_E_spOutOfBounds__C)
                  000089b0    00000004     empty_pem4f.oem4f (.const:ti_sysbios_knl_Task_E_stackOverflow__C)
                  000089b4    00000004     empty_pem4f.oem4f (.const:ti_sysbios_knl_Task_LD_block__C)
                  000089b8    00000004     empty_pem4f.oem4f (.const:ti_sysbios_knl_Task_LD_exit__C)
                  000089bc    00000004     empty_pem4f.oem4f (.const:ti_sysbios_knl_Task_LD_ready__C)
                  000089c0    00000004     empty_pem4f.oem4f (.const:ti_sysbios_knl_Task_LM_switch__C)
                  000089c4    00000004     empty_pem4f.oem4f (.const:ti_sysbios_knl_Task_Module_State_inactiveQ__O)
                  000089c8    00000004     empty_pem4f.oem4f (.const:ti_sysbios_knl_Task_Module__diagsEnabled__C)
                  000089cc    00000004     empty_pem4f.oem4f (.const:ti_sysbios_knl_Task_Module__diagsIncluded__C)
                  000089d0    00000004     empty_pem4f.oem4f (.const:ti_sysbios_knl_Task_Module__diagsMask__C)
                  000089d4    00000004     empty_pem4f.oem4f (.const:ti_sysbios_knl_Task_Module__loggerFxn2__C)
                  000089d8    00000004     empty_pem4f.oem4f (.const:ti_sysbios_knl_Task_Module__loggerFxn4__C)
                  000089dc    00000004     empty_pem4f.oem4f (.const:ti_sysbios_knl_Task_Module__loggerObj__C)
                  000089e0    00000004     empty_pem4f.oem4f (.const:ti_sysbios_knl_Task_Object__count__C)
                  000089e4    00000004     empty_pem4f.oem4f (.const:ti_sysbios_knl_Task_Object__heap__C)
                  000089e8    00000004     empty_pem4f.oem4f (.const:ti_sysbios_knl_Task_allBlockedFunc__C)
                  000089ec    00000004     empty_pem4f.oem4f (.const:ti_sysbios_knl_Task_numConstructedTasks__C)
                  000089f0    00000004     empty_pem4f.oem4f (.const:ti_sysbios_utils_Load_LS_cpuLoad__C)
                  000089f4    00000004     empty_pem4f.oem4f (.const:ti_sysbios_utils_Load_LS_taskLoad__C)
                  000089f8    00000004     empty_pem4f.oem4f (.const:ti_sysbios_utils_Load_Module_State_taskList__O)
                  000089fc    00000004     empty_pem4f.oem4f (.const:ti_sysbios_utils_Load_Module__diagsEnabled__C)
                  00008a00    00000004     empty_pem4f.oem4f (.const:ti_sysbios_utils_Load_Module__diagsIncluded__C)
                  00008a04    00000004     empty_pem4f.oem4f (.const:ti_sysbios_utils_Load_Module__diagsMask__C)
                  00008a08    00000004     empty_pem4f.oem4f (.const:ti_sysbios_utils_Load_Module__loggerFxn1__C)
                  00008a0c    00000004     empty_pem4f.oem4f (.const:ti_sysbios_utils_Load_Module__loggerFxn4__C)
                  00008a10    00000004     empty_pem4f.oem4f (.const:ti_sysbios_utils_Load_Module__loggerObj__C)
                  00008a14    00000004     empty_pem4f.oem4f (.const:ti_sysbios_utils_Load_postUpdate__C)
                  00008a18    00000004     empty_pem4f.oem4f (.const:ti_sysbios_utils_Load_windowInMs__C)
                  00008a1c    00000004     empty_pem4f.oem4f (.const:ti_uia_loggers_LoggerStopMode_Module__diagsEnabled__C)
                  00008a20    00000004     empty_pem4f.oem4f (.const:ti_uia_loggers_LoggerStopMode_Module__diagsIncluded__C)
                  00008a24    00000004     empty_pem4f.oem4f (.const:ti_uia_loggers_LoggerStopMode_Module__diagsMask__C)
                  00008a28    00000004     empty_pem4f.oem4f (.const:ti_uia_loggers_LoggerStopMode_Object__count__C)
                  00008a2c    00000004     empty_pem4f.oem4f (.const:ti_uia_runtime_ILoggerSnapshot_Interface__BASE__C)
                  00008a30    00000004     empty_pem4f.oem4f (.const:ti_uia_runtime_IUIATransfer_Interface__BASE__C)
                  00008a34    00000004     empty_pem4f.oem4f (.const:xdc_runtime_Assert_E_assertFailed__C)
                  00008a38    00000004     empty_pem4f.oem4f (.const:xdc_runtime_Core_A_initializedParams__C)
                  00008a3c    00000004     empty_pem4f.oem4f (.const:xdc_runtime_Core_Module__diagsEnabled__C)
                  00008a40    00000004     empty_pem4f.oem4f (.const:xdc_runtime_Core_Module__diagsIncluded__C)
                  00008a44    00000004     empty_pem4f.oem4f (.const:xdc_runtime_Core_Module__diagsMask__C)
                  00008a48    00000004     empty_pem4f.oem4f (.const:xdc_runtime_Error_E_memory__C)
                  00008a4c    00000004     empty_pem4f.oem4f (.const:xdc_runtime_Error_Module__diagsEnabled__C)
                  00008a50    00000004     empty_pem4f.oem4f (.const:xdc_runtime_Error_Module__diagsIncluded__C)
                  00008a54    00000004     empty_pem4f.oem4f (.const:xdc_runtime_Error_Module__diagsMask__C)
                  00008a58    00000004     empty_pem4f.oem4f (.const:xdc_runtime_Error_Module__loggerFxn8__C)
                  00008a5c    00000004     empty_pem4f.oem4f (.const:xdc_runtime_Error_Module__loggerObj__C)
                  00008a60    00000004     empty_pem4f.oem4f (.const:xdc_runtime_Error_policyFxn__C)
                  00008a64    00000004     empty_pem4f.oem4f (.const:xdc_runtime_Error_raiseHook__C)
                  00008a68    00000004     empty_pem4f.oem4f (.const:xdc_runtime_HeapStd_A_align__C)
                  00008a6c    00000004     empty_pem4f.oem4f (.const:xdc_runtime_HeapStd_A_invalidTotalFreeSize__C)
                  00008a70    00000004     empty_pem4f.oem4f (.const:xdc_runtime_HeapStd_A_zeroSize__C)
                  00008a74    00000004     empty_pem4f.oem4f (.const:xdc_runtime_HeapStd_E_noRTSMemory__C)
                  00008a78    00000004     empty_pem4f.oem4f (.const:xdc_runtime_HeapStd_Module__diagsEnabled__C)
                  00008a7c    00000004     empty_pem4f.oem4f (.const:xdc_runtime_HeapStd_Module__diagsIncluded__C)
                  00008a80    00000004     empty_pem4f.oem4f (.const:xdc_runtime_HeapStd_Module__diagsMask__C)
                  00008a84    00000004     empty_pem4f.oem4f (.const:xdc_runtime_IFilterLogger_Interface__BASE__C)
                  00008a88    00000004     empty_pem4f.oem4f (.const:xdc_runtime_IGateProvider_Interface__BASE__C)
                  00008a8c    00000004     empty_pem4f.oem4f (.const:xdc_runtime_IHeap_Interface__BASE__C)
                  00008a90    00000004     empty_pem4f.oem4f (.const:xdc_runtime_ILogger_Interface__BASE__C)
                  00008a94    00000004     empty_pem4f.oem4f (.const:xdc_runtime_IModule_Interface__BASE__C)
                  00008a98    00000004     empty_pem4f.oem4f (.const:xdc_runtime_Log_L_error__C)
                  00008a9c    00000004     empty_pem4f.oem4f (.const:xdc_runtime_Log_L_info__C)
                  00008aa0    00000004     empty_pem4f.oem4f (.const:xdc_runtime_Main_Module__diagsEnabled__C)
                  00008aa4    00000004     empty_pem4f.oem4f (.const:xdc_runtime_Main_Module__diagsIncluded__C)
                  00008aa8    00000004     empty_pem4f.oem4f (.const:xdc_runtime_Main_Module__diagsMask__C)
                  00008aac    00000004     empty_pem4f.oem4f (.const:xdc_runtime_Main_Module__loggerFxn4__C)
                  00008ab0    00000004     empty_pem4f.oem4f (.const:xdc_runtime_Main_Module__loggerObj__C)
                  00008ab4    00000004     empty_pem4f.oem4f (.const:xdc_runtime_Memory_defaultHeapInstance__C)
                  00008ab8    00000004     empty_pem4f.oem4f (.const:xdc_runtime_Startup_execImpl__C)
                  00008abc    00000004     empty_pem4f.oem4f (.const:xdc_runtime_Startup_lastFxns__A)
                  00008ac0    00000004     empty_pem4f.oem4f (.const:xdc_runtime_Startup_maxPasses__C)
                  00008ac4    00000004     empty_pem4f.oem4f (.const:xdc_runtime_Startup_sfxnRts__C)
                  00008ac8    00000004     empty_pem4f.oem4f (.const:xdc_runtime_Startup_sfxnTab__C)
                  00008acc    00000004     empty_pem4f.oem4f (.const:xdc_runtime_SysMin_bufSize__C)
                  00008ad0    00000004     empty_pem4f.oem4f (.const:xdc_runtime_SysMin_outputFunc__C)
                  00008ad4    00000004     empty_pem4f.oem4f (.const:xdc_runtime_System_Module__gateObj__C)
                  00008ad8    00000004     empty_pem4f.oem4f (.const:xdc_runtime_System_abortFxn__C)
                  00008adc    00000004     empty_pem4f.oem4f (.const:xdc_runtime_System_exitFxn__C)
                  00008ae0    00000004     empty_pem4f.oem4f (.const:xdc_runtime_System_extendFxn__C)
                  00008ae4    00000004     empty_pem4f.oem4f (.const:xdc_runtime_System_maxAtexitHandlers__C)
                  00008ae8    00000004     empty_pem4f.oem4f (.const:xdc_runtime_Text_charTab__C)
                  00008aec    00000004     empty_pem4f.oem4f (.const:xdc_runtime_Text_nameEmpty__C)
                  00008af0    00000004     empty_pem4f.oem4f (.const:xdc_runtime_Text_nameStatic__C)
                  00008af4    00000004     empty_pem4f.oem4f (.const:xdc_runtime_Text_nameUnknown__C)
                  00008af8    00000004     empty_pem4f.oem4f (.const:xdc_runtime_Text_nodeTab__C)
                  00008afc    00000004     empty_pem4f.oem4f (.const:xdc_runtime_Text_visitRopeFxn__C)
                  00008b00    00000002     empty_pem4f.oem4f (.const:ti_sysbios_family_arm_m3_Hwi_Module__id__C)
                  00008b02    00000002     empty_pem4f.oem4f (.const:ti_sysbios_family_arm_m3_Hwi_Module__loggerDefined__C)
                  00008b04    00000002     empty_pem4f.oem4f (.const:ti_sysbios_gates_GateMutex_Module__id__C)
                  00008b06    00000002     empty_pem4f.oem4f (.const:ti_sysbios_hal_Hwi_Module__id__C)
                  00008b08    00000002     empty_pem4f.oem4f (.const:ti_sysbios_knl_Clock_Module__id__C)
                  00008b0a    00000002     empty_pem4f.oem4f (.const:ti_sysbios_knl_Clock_Module__loggerDefined__C)
                  00008b0c    00000002     empty_pem4f.oem4f (.const:ti_sysbios_knl_Semaphore_Module__id__C)
                  00008b0e    00000002     empty_pem4f.oem4f (.const:ti_sysbios_knl_Semaphore_Module__loggerDefined__C)
                  00008b10    00000002     empty_pem4f.oem4f (.const:ti_sysbios_knl_Swi_Module__id__C)
                  00008b12    00000002     empty_pem4f.oem4f (.const:ti_sysbios_knl_Swi_Module__loggerDefined__C)
                  00008b14    00000002     empty_pem4f.oem4f (.const:ti_sysbios_knl_Task_Module__id__C)
                  00008b16    00000002     empty_pem4f.oem4f (.const:ti_sysbios_knl_Task_Module__loggerDefined__C)
                  00008b18    00000002     empty_pem4f.oem4f (.const:ti_sysbios_utils_Load_Module__id__C)
                  00008b1a    00000002     empty_pem4f.oem4f (.const:ti_sysbios_utils_Load_Module__loggerDefined__C)
                  00008b1c    00000002     empty_pem4f.oem4f (.const:ti_sysbios_utils_Load_autoAddTasks__C)
                  00008b1e    00000002     empty_pem4f.oem4f (.const:ti_sysbios_utils_Load_updateInIdle__C)
                  00008b20    00000002     empty_pem4f.oem4f (.const:ti_uia_loggers_LoggerStopMode_Module__id__C)
                  00008b22    00000002     empty_pem4f.oem4f (.const:ti_uia_loggers_LoggerStopMode_isTimestampEnabled__C)
                  00008b24    00000002     empty_pem4f.oem4f (.const:xdc_runtime_Core_Module__id__C)
                  00008b26    00000002     empty_pem4f.oem4f (.const:xdc_runtime_Error_Module__loggerDefined__C)
                  00008b28    00000002     empty_pem4f.oem4f (.const:xdc_runtime_Error_maxDepth__C)
                  00008b2a    00000002     empty_pem4f.oem4f (.const:xdc_runtime_HeapStd_Module__id__C)
                  00008b2c    00000002     empty_pem4f.oem4f (.const:xdc_runtime_Main_Module__id__C)
                  00008b2e    00000002     empty_pem4f.oem4f (.const:xdc_runtime_Main_Module__loggerDefined__C)
                  00008b30    00000002     empty_pem4f.oem4f (.const:xdc_runtime_Memory_Module__id__C)
                  00008b32    00000002     empty_pem4f.oem4f (.const:xdc_runtime_SysMin_flushAtExit__C)
                  00008b34    00000002     empty_pem4f.oem4f (.const:xdc_runtime_Text_charCnt__C)
                  00008b36    00000002     empty_pem4f.oem4f (.const:xdc_runtime_Text_isLoaded__C)
                  00008b38    00000002     empty_pem4f.oem4f (.const:xdc_runtime_Text_registryModsLastId__C)
                  00008b3a    00000002     empty_pem4f.oem4f (.const:xdc_runtime_Text_unnamedModsLastId__C)
                  00008b3c    00000001     empty_pem4f.oem4f (.const:xdc_runtime_Error_policy__C)

.cinit     0    00008b40    00000300     
                  00008b40    000002c8     (.cinit..data.load) [load image, compression = lzss]
                  00008e08    0000000c     (__TI_handler_table)
                  00008e14    00000004     --HOLE-- [fill = 0]
                  00008e18    00000008     (.cinit..bss.load) [load image, compression = zero_init]
                  00008e20    00000008     (.cinit..vecs.load) [load image, compression = zero_init]
                  00008e28    00000018     (__TI_cinit_table)

.vecs      0    20000000    00000360     UNINITIALIZED
                  20000000    00000360     empty_pem4f.oem4f (.vecs)

.bss       0    20000380    00002c30     UNINITIALIZED
                  20000380    00001800     empty_pem4f.oem4f (.bss:taskStackSection)
                  20001b80    00000400     (.common:ti_uia_loggers_LoggerStopMode_Instance_State_1_packetArray__A)
                  20001f80    00000400     (.common:ti_uia_loggers_LoggerStopMode_Instance_State_2_packetArray__A)
                  20002380    00000400     (.common:xdc_runtime_SysMin_Module_State_0_outbuf__A)
                  20002780    00000360     (.common:ti_sysbios_family_arm_m3_Hwi_dispatchTable)
                  20002ae0    00000020     (.common:ti_sysbios_knl_Mailbox_Instance_State_0_allocBuf__A)
                  20002b00    00000200     (.common:ti_uia_loggers_LoggerStopMode_Instance_State_0_packetArray__A)
                  20002d00    00000120     rtsv7M4_T_le_v4SPD16_eabi.lib : trgmsg.obj (.bss:_CIOBUF_)
                  20002e20    00000008     (.common:parmbuf)
                  20002e28    00000004     (.common:ti_sysbios_knl_Task_Instance_State_0_hookEnv__A)
                  20002e2c    00000004     (.common:ti_sysbios_knl_Task_Instance_State_1_hookEnv__A)
                  20002e30    00000004     (.common:ti_sysbios_knl_Task_Instance_State_2_hookEnv__A)
                  20002e34    0000004c     --HOLE--
                  20002e80    00000030     (.common:ti_uia_loggers_LoggerStopMode_Instance_State_0_hdr__A)
                  20002eb0    00000050     --HOLE--
                  20002f00    00000030     (.common:ti_uia_loggers_LoggerStopMode_Instance_State_1_hdr__A)
                  20002f30    00000050     --HOLE--
                  20002f80    00000030     (.common:ti_uia_loggers_LoggerStopMode_Instance_State_2_hdr__A)

.data      0    20002fb0    00000748     UNINITIALIZED
                  20002fb0    000000f0     empty_pem4f.oem4f (.data:ti_sysbios_knl_Task_Object__table__V)
                  200030a0    0000009c     empty_pem4f.oem4f (.data:ti_uia_loggers_LoggerStopMode_Object__table__V)
                  2000313c    00000098     empty_pem4f.oem4f (.data:ti_sysbios_utils_Load_Module__state__V)
                  200031d4    00000080     empty_pem4f.oem4f (.data:ti_sysbios_family_arm_lm4_Timer_Object__table__V)
                  20003254    00000080     empty_pem4f.oem4f (.data:ti_sysbios_knl_Swi_Module_State_0_readyQ__A)
                  200032d4    00000080     empty_pem4f.oem4f (.data:ti_sysbios_knl_Task_Module_State_0_readyQ__A)
                  20003354    00000054     empty_pem4f.oem4f (.data:ti_sysbios_utils_Load_Module_State_0_taskEnv__A)
                  200033a8    00000050     empty_pem4f.oem4f (.data:ti_sysbios_knl_Mailbox_Object__table__V)
                  200033f8    00000048     empty_pem4f.oem4f (.data:ti_sysbios_family_arm_m3_Hwi_Object__table__V)
                  20003440    00000044     empty_pem4f.oem4f (.data:ti_sysbios_knl_Task_Module__state__V)
                  20003484    00000038     empty_pem4f.oem4f (.data:ti_sysbios_gates_GateMutex_Object__table__V)
                  200034bc    00000034     empty_pem4f.oem4f (.data:ti_sysbios_family_arm_m3_Hwi_Module__state__V)
                  200034f0    00000030     empty_pem4f.oem4f (.data:ti_sysbios_family_arm_lm4_Timer_Module_State_0_device__A)
                  20003520    00000030     empty_pem4f.oem4f (.data:ti_sysbios_knl_Swi_Object__table__V)
                  20003550    0000002c     empty_pem4f.oem4f (.data:ti_sysbios_knl_Clock_Module__state__V)
                  2000357c    00000028     empty_pem4f.oem4f (.data:ti_sysbios_knl_Semaphore_Object__table__V)
                  200035a4    00000024     empty_pem4f.oem4f (.data:ti_sysbios_BIOS_Module__state__V)
                  200035c8    00000020     empty_pem4f.oem4f (.data:xdc_runtime_System_Module_State_0_atexitHandlers__A)
                  200035e8    0000001c     empty_pem4f.oem4f (.data:ti_sysbios_knl_Swi_Module__state__V)
                  20003604    00000018     empty_pem4f.oem4f (.data:ti_sysbios_family_arm_lm4_Timer_Module_State_0_handles__A)
                  2000361c    0000000c     rtsv7M4_T_le_v4SPD16_eabi.lib : exit.obj (.data:$O1$$)
                  20003628    0000000c     empty_pem4f.oem4f (.data:ti_sysbios_family_arm_lm4_Timer_Module__state__V)
                  20003634    0000000c     empty_pem4f.oem4f (.data:ti_sysbios_knl_Task_Module__root__V)
                  20003640    0000000c     empty_pem4f.oem4f (.data:ti_uia_runtime_QueueDescriptor_Module__state__V)
                  2000364c    0000000c     empty_pem4f.oem4f (.data:xdc_runtime_HeapStd_Object__table__V)
                  20003658    0000000c     empty_pem4f.oem4f (.data:xdc_runtime_SysMin_Module__state__V)
                  20003664    00000008     rtsv7M4_T_le_v4SPD16_eabi.lib : _lock.obj (.data:$O1$$)
                  2000366c    00000008     ti.uia.runtime.aem4f : QueueDescriptor.oem4f (.data)
                  20003674    00000008     empty_pem4f.oem4f (.data:ti_sysbios_family_arm_lm4_TimestampProvider_Module__state__V)
                  2000367c    00000008     empty_pem4f.oem4f (.data:ti_sysbios_gates_GateHwi_Module__root__V)
                  20003684    00000008     empty_pem4f.oem4f (.data:ti_sysbios_gates_GateMutex_Module__root__V)
                  2000368c    00000008     empty_pem4f.oem4f (.data:ti_sysbios_hal_Hwi_Object__table__V)
                  20003694    00000008     empty_pem4f.oem4f (.data:ti_sysbios_knl_Queue_Module__root__V)
                  2000369c    00000008     empty_pem4f.oem4f (.data:ti_sysbios_knl_Semaphore_Module__root__V)
                  200036a4    00000008     empty_pem4f.oem4f (.data:ti_uia_loggers_LoggerStopMode_Module__root__V)
                  200036ac    00000008     empty_pem4f.oem4f (.data:xdc_runtime_HeapStd_Module__root__V)
                  200036b4    00000008     empty_pem4f.oem4f (.data:xdc_runtime_Registry_Module__state__V)
                  200036bc    00000008     empty_pem4f.oem4f (.data:xdc_runtime_Startup_Module__state__V)
                  200036c4    00000008     empty_pem4f.oem4f (.data:xdc_runtime_System_Module__state__V)
                  200036cc    00000004     rtsv7M4_T_le_v4SPD16_eabi.lib : stkdepth_vars.obj (.data)
                  200036d0    00000004     empty_pem4f.oem4f (.data:ti_sysbios_family_arm_m3_Hwi_Module_State_0_excContext__A)
                  200036d4    00000004     empty_pem4f.oem4f (.data:ti_sysbios_family_arm_m3_Hwi_Module_State_0_excStack__A)
                  200036d8    00000004     empty_pem4f.oem4f (.data:ti_sysbios_gates_GateHwi_Object__table__V)
                  200036dc    00000004     empty_pem4f.oem4f (.data:ti_sysbios_knl_Task_Module_State_0_idleTask__A)
                  200036e0    00000004     empty_pem4f.oem4f (.data:ti_sysbios_utils_Load_Module_State_0_runningTask__A)
                  200036e4    00000004     empty_pem4f.oem4f (.data:ti_sysbios_utils_Load_Module_State_0_taskStartTime__A)
                  200036e8    00000004     empty_pem4f.oem4f (.data:xdc_runtime_HeapStd_Module__state__V)
                  200036ec    00000004     empty_pem4f.oem4f (.data:xdc_runtime_Memory_Module__state__V)
                  200036f0    00000002     main.obj (.data)
                  200036f2    00000002     empty_pem4f.oem4f (.data:ti_sysbios_family_arm_m3_Hwi_Module_State_0_excActive__A)
                  200036f4    00000002     empty_pem4f.oem4f (.data:xdc_runtime_Error_Module__state__V)
                  200036f6    00000002     empty_pem4f.oem4f (.data:xdc_runtime_Main_Module__root__V)

.stack     0    200036f8    00000400     UNINITIALIZED
                  200036f8    00000400     --HOLE--

.bootVecs 
*          0    00000000    00000008     DSECT
                  00000000    00000008     boot.aem4f : boot.oem4f (.bootVecs)

xdc.meta   0    00000000    000000cf     COPY SECTION
                  00000000    000000cf     empty_pem4f.oem4f (xdc.meta)

MODULE SUMMARY

       Module                     code    ro data   rw data
       ------                     ----    -------   -------
    .\
       main.obj                   420     0         2      
    +--+--------------------------+-------+---------+---------+
       Total:                     420     0         2      
                                                           
    C:\ccs7\blink_TM4C_MBX\Debug\configPkg\package\cfg\
       empty_pem4f.oem4f          3134    10065     13474  
    +--+--------------------------+-------+---------+---------+
       Total:                     3134    10065     13474  
                                                           
    C:/ti/tirtos_tivac_2_16_01_14/products/TivaWare_C_Series-2.1.1.71b/driverlib/ccs/Debug/driverlib.lib
       sysctl.obj                 566     108       0      
       gpio.obj                   376     0         0      
       timer.obj                  140     0         0      
    +--+--------------------------+-------+---------+---------+
       Total:                     1082    108       0      
                                                           
    C:\ccs7\blink_TM4C_MBX\src\sysbios\sysbios.aem4f
       BIOS.obj                   13120   0         0      
       m3_Hwi_asm.obj             314     0         0      
       m3_TaskSupport_asm.obj     180     0         0      
       m3_Hwi_asm_switch.obj      118     0         0      
    +--+--------------------------+-------+---------+---------+
       Total:                     13732   0         0      
                                                           
    C:\ti\ccsv7\tools\compiler\ti-cgt-arm_16.9.6.LTS\lib\rtsv7M4_T_le_v4SPD16_eabi.lib
       trgmsg.obj                 104     0         288    
       memcpy_t2.obj              156     0         0      
       memset_t2.obj              122     0         0      
       copy_decompress_lzss.obj   104     0         0      
       exit.obj                   84      0         12     
       hostwrite.obj              88      0         0      
       cpy_tbl.obj                76      0         0      
       u_divt2.obj                64      0         0      
       _lock.obj                  20      0         8      
       args_main.obj              24      0         0      
       strlen.obj                 20      0         0      
       copy_decompress_none.obj   14      0         0      
       copy_zero_init.obj         12      0         0      
       hostopen.obj               0       0         8      
       stkdepth_vars.obj          0       0         4      
       i_div0.obj                 2       0         0      
    +--+--------------------------+-------+---------+---------+
       Total:                     890     0         320    
                                                           
    C:\ti\tirtos_tivac_2_16_01_14\products\bios_6_45_02_31\packages\ti\catalog\arm\cortexm4\tiva\ce\lib\Boot.aem4f
       Boot_sysctl.oem4f          262     0         0      
       Boot.oem4f                 152     0         0      
    +--+--------------------------+-------+---------+---------+
       Total:                     414     0         0      
                                                           
    C:\ti\tirtos_tivac_2_16_01_14\products\bios_6_45_02_31\packages\ti\targets\arm\rtsarm\lib\auto_init.aem4f
       auto_init.oem4f            160     0         0      
    +--+--------------------------+-------+---------+---------+
       Total:                     160     0         0      
                                                           
    C:\ti\tirtos_tivac_2_16_01_14\products\bios_6_45_02_31\packages\ti\targets\arm\rtsarm\lib\boot.aem4f
       boot.oem4f                 88      0         0      
    +--+--------------------------+-------+---------+---------+
       Total:                     88      0         0      
                                                           
    C:\ti\tirtos_tivac_2_16_01_14\products\bios_6_45_02_31\packages\ti\targets\arm\rtsarm\lib\ti.targets.arm.rtsarm.aem4f
       System.oem4f               1255    0         0      
       HeapStd.oem4f              714     0         0      
       Text.oem4f                 672     0         0      
       Error.oem4f                524     0         0      
       Core-mem.oem4f             358     0         0      
       Startup.oem4f              328     0         0      
       SysMin.oem4f               248     0         0      
       Core-smem.oem4f            204     0         0      
       Memory.oem4f               176     0         0      
       Assert.oem4f               84      0         0      
       Core-params.oem4f          70      0         0      
       Core-label.oem4f           52      0         0      
       Registry.oem4f             32      0         0      
       Gate.oem4f                 28      0         0      
    +--+--------------------------+-------+---------+---------+
       Total:                     4745    0         0      
                                                           
    C:\ti\tirtos_tivac_2_16_01_14\products\uia_2_00_05_50\packages\ti\uia\loggers\lib\release\ti.uia.loggers.aem4f
       LoggerStopMode.oem4f       552     0         0      
    +--+--------------------------+-------+---------+---------+
       Total:                     552     0         0      
                                                           
    C:\ti\tirtos_tivac_2_16_01_14\products\uia_2_00_05_50\packages\ti\uia\runtime\lib\release\ti.uia.runtime.aem4f
       QueueDescriptor.oem4f      116     0         8      
    +--+--------------------------+-------+---------+---------+
       Total:                     116     0         8      
                                                           
       Stack:                     0       0         1024   
       Linker Generated:          0       764       0      
    +--+--------------------------+-------+---------+---------+
       Grand Total:               25333   10937     14828  


LINKER GENERATED COPY TABLES

__TI_cinit_table @ 00008e28 records: 3, size/record: 8, table size: 24
	.data: load addr=00008b40, load size=000002c8 bytes, run addr=20002fb0, run size=00000748 bytes, compression=lzss
	.bss: load addr=00008e18, load size=00000008 bytes, run addr=20000380, run size=00002c30 bytes, compression=zero_init
	.vecs: load addr=00008e20, load size=00000008 bytes, run addr=20000000, run size=00000360 bytes, compression=zero_init


LINKER GENERATED HANDLER TABLE

__TI_handler_table @ 00008e08 records: 3, size/record: 4, table size: 12
	index: 0, handler: __TI_decompress_lzss
	index: 1, handler: __TI_decompress_none
	index: 2, handler: __TI_zero_init


GLOBAL SYMBOLS: SORTED ALPHABETICALLY BY Name 

address   name                                                              
-------   ----                                                              
00004d49  C$$EXIT                                                           
00004773  C$$IO$$                                                           
000059a1  GPIODirModeSet                                                    
00001a21  GPIOPadConfigSet                                                  
00005f17  GPIOPinTypeGPIOOutput                                             
00005733  GPIOPinWrite                                                      
00004c41  HOSTwrite                                                         
000087ac  LEDSem                                                            
000087b4  LED_Mbx                                                           
UNDEFED   SHT$$INIT_ARRAY$$Base                                             
UNDEFED   SHT$$INIT_ARRAY$$Limit                                            
00001e99  SysCtlClockGet                                                    
00002981  SysCtlClockSet                                                    
000060eb  SysCtlDelay                                                       
00005591  SysCtlPeripheralEnable                                            
0000494d  TimerConfigure                                                    
00006229  TimerEnable                                                       
000007bd  TimerIntClear                                                     
00006341  TimerIntEnable                                                    
000060d9  TimerLoadSet                                                      
000087a4  Timer_2A_INT                                                      
[...]
000088dc  ti_sysbios_family_arm_m3_Hwi_Object__count__C                     
000088e0  ti_sysbios_family_arm_m3_Hwi_ccr__C                               
000088e4  ti_sysbios_family_arm_m3_Hwi_excHandlerFunc__C                    
000088e8  ti_sysbios_family_arm_m3_Hwi_excHookFuncs__C                      
000088ec  ti_sysbios_family_arm_m3_Hwi_nullIsrFunc__C                       
000088f0  ti_sysbios_family_arm_m3_Hwi_priGroup__C                          
000088f4  ti_sysbios_gates_GateMutex_A_badContext__C                        
000088f8  ti_sysbios_gates_GateMutex_Instance_State_sem__O                  
000088fc  ti_sysbios_gates_GateMutex_Module__diagsEnabled__C                
00008900  ti_sysbios_gates_GateMutex_Module__diagsIncluded__C               
00008904  ti_sysbios_gates_GateMutex_Module__diagsMask__C                   
00008908  ti_sysbios_hal_Hwi_E_stackOverflow__C                             
0000890c  ti_sysbios_heaps_HeapMem_Object__count__C                         
00008910  ti_sysbios_knl_Clock_LM_begin__C                                  
00008914  ti_sysbios_knl_Clock_LM_tick__C                                   
00008918  ti_sysbios_knl_Clock_LW_delayed__C                                
0000891c  ti_sysbios_knl_Clock_Module_State_clockQ__O                       
00008920  ti_sysbios_knl_Clock_Module__diagsEnabled__C                      
00008924  ti_sysbios_knl_Clock_Module__diagsIncluded__C                     
00008928  ti_sysbios_knl_Clock_Module__diagsMask__C                         
0000892c  ti_sysbios_knl_Clock_Module__loggerFxn1__C                        
00008930  ti_sysbios_knl_Clock_Module__loggerFxn2__C                        
00008934  ti_sysbios_knl_Clock_Module__loggerObj__C                         
00008938  ti_sysbios_knl_Mailbox_Instance_State_dataQue__O                  
0000893c  ti_sysbios_knl_Mailbox_Instance_State_dataSem__O                  
00008940  ti_sysbios_knl_Mailbox_Instance_State_freeQue__O                  
00008944  ti_sysbios_knl_Mailbox_Instance_State_freeSem__O                  
00008948  ti_sysbios_knl_Mailbox_Object__count__C                           
0000894c  ti_sysbios_knl_Mailbox_maxTypeAlign__C                            
00008950  ti_sysbios_knl_Semaphore_A_badContext__C                          
00008954  ti_sysbios_knl_Semaphore_A_noEvents__C                            
00008958  ti_sysbios_knl_Semaphore_A_overflow__C                            
0000895c  ti_sysbios_knl_Semaphore_A_pendTaskDisabled__C                    
00008960  ti_sysbios_knl_Semaphore_Instance_State_pendQ__O                  
00008964  ti_sysbios_knl_Semaphore_LM_pend__C                               
00008968  ti_sysbios_knl_Semaphore_LM_post__C                               
0000896c  ti_sysbios_knl_Semaphore_Module__diagsEnabled__C                  
00008970  ti_sysbios_knl_Semaphore_Module__diagsIncluded__C                 
00008974  ti_sysbios_knl_Semaphore_Module__diagsMask__C                     
00008978  ti_sysbios_knl_Semaphore_Module__loggerFxn2__C                    
0000897c  ti_sysbios_knl_Semaphore_Module__loggerFxn4__C                    
00008980  ti_sysbios_knl_Semaphore_Module__loggerObj__C                     
00008984  ti_sysbios_knl_Swi_LD_end__C                                      
00008988  ti_sysbios_knl_Swi_LM_begin__C                                    
0000898c  ti_sysbios_knl_Swi_LM_post__C                                     
00008990  ti_sysbios_knl_Swi_Module__diagsEnabled__C                        
00008994  ti_sysbios_knl_Swi_Module__diagsIncluded__C                       
00008998  ti_sysbios_knl_Swi_Module__diagsMask__C                           
0000899c  ti_sysbios_knl_Swi_Module__loggerFxn1__C                          
000089a0  ti_sysbios_knl_Swi_Module__loggerFxn4__C                          
000089a4  ti_sysbios_knl_Swi_Module__loggerObj__C                           
000089a8  ti_sysbios_knl_Swi_Object__count__C                               
000089ac  ti_sysbios_knl_Task_E_spOutOfBounds__C                            
000089b0  ti_sysbios_knl_Task_E_stackOverflow__C                            
000089b4  ti_sysbios_knl_Task_LD_block__C                                   
000089b8  ti_sysbios_knl_Task_LD_exit__C                                    
000089bc  ti_sysbios_knl_Task_LD_ready__C                                   
000089c0  ti_sysbios_knl_Task_LM_switch__C                                  
000089c4  ti_sysbios_knl_Task_Module_State_inactiveQ__O                     
000089c8  ti_sysbios_knl_Task_Module__diagsEnabled__C                       
000089cc  ti_sysbios_knl_Task_Module__diagsIncluded__C                      
000089d0  ti_sysbios_knl_Task_Module__diagsMask__C                          
000089d4  ti_sysbios_knl_Task_Module__loggerFxn2__C                         
000089d8  ti_sysbios_knl_Task_Module__loggerFxn4__C                         
000089dc  ti_sysbios_knl_Task_Module__loggerObj__C                          
000089e0  ti_sysbios_knl_Task_Object__count__C                              
000089e4  ti_sysbios_knl_Task_Object__heap__C                               
000089e8  ti_sysbios_knl_Task_allBlockedFunc__C                             
000089ec  ti_sysbios_knl_Task_numConstructedTasks__C                        
000089f0  ti_sysbios_utils_Load_LS_cpuLoad__C                               
000089f4  ti_sysbios_utils_Load_LS_taskLoad__C                              
000089f8  ti_sysbios_utils_Load_Module_State_taskList__O                    
000089fc  ti_sysbios_utils_Load_Module__diagsEnabled__C                     
00008a00  ti_sysbios_utils_Load_Module__diagsIncluded__C                    
00008a04  ti_sysbios_utils_Load_Module__diagsMask__C                        
00008a08  ti_sysbios_utils_Load_Module__loggerFxn1__C                       
00008a0c  ti_sysbios_utils_Load_Module__loggerFxn4__C                       
00008a10  ti_sysbios_utils_Load_Module__loggerObj__C                        
00008a14  ti_sysbios_utils_Load_postUpdate__C                               
00008a18  ti_sysbios_utils_Load_windowInMs__C                               
00008a1c  ti_uia_loggers_LoggerStopMode_Module__diagsEnabled__C             
00008a20  ti_uia_loggers_LoggerStopMode_Module__diagsIncluded__C            
00008a24  ti_uia_loggers_LoggerStopMode_Module__diagsMask__C                
00008a28  ti_uia_loggers_LoggerStopMode_Object__count__C                    
00008a2c  ti_uia_runtime_ILoggerSnapshot_Interface__BASE__C                 
00008a30  ti_uia_runtime_IUIATransfer_Interface__BASE__C                    
00008a34  xdc_runtime_Assert_E_assertFailed__C                              
00008a38  xdc_runtime_Core_A_initializedParams__C                           
00008a3c  xdc_runtime_Core_Module__diagsEnabled__C                          
00008a40  xdc_runtime_Core_Module__diagsIncluded__C                         
00008a44  xdc_runtime_Core_Module__diagsMask__C                             
00008a48  xdc_runtime_Error_E_memory__C                                     
00008a4c  xdc_runtime_Error_Module__diagsEnabled__C                         
00008a50  xdc_runtime_Error_Module__diagsIncluded__C                        
00008a54  xdc_runtime_Error_Module__diagsMask__C                            
00008a58  xdc_runtime_Error_Module__loggerFxn8__C                           
00008a5c  xdc_runtime_Error_Module__loggerObj__C                            
00008a60  xdc_runtime_Error_policyFxn__C                                    
00008a64  xdc_runtime_Error_raiseHook__C                                    
00008a68  xdc_runtime_HeapStd_A_align__C                                    
00008a6c  xdc_runtime_HeapStd_A_invalidTotalFreeSize__C                     
00008a70  xdc_runtime_HeapStd_A_zeroSize__C                                 
00008a74  xdc_runtime_HeapStd_E_noRTSMemory__C                              
00008a78  xdc_runtime_HeapStd_Module__diagsEnabled__C                       
00008a7c  xdc_runtime_HeapStd_Module__diagsIncluded__C                      
00008a80  xdc_runtime_HeapStd_Module__diagsMask__C                          
00008a84  xdc_runtime_IFilterLogger_Interface__BASE__C                      
00008a88  xdc_runtime_IGateProvider_Interface__BASE__C                      
00008a8c  xdc_runtime_IHeap_Interface__BASE__C                              
00008a90  xdc_runtime_ILogger_Interface__BASE__C                            
00008a94  xdc_runtime_IModule_Interface__BASE__C                            
00008a98  xdc_runtime_Log_L_error__C                                        
00008a9c  xdc_runtime_Log_L_info__C                                         
00008aa0  xdc_runtime_Main_Module__diagsEnabled__C                          
00008aa4  xdc_runtime_Main_Module__diagsIncluded__C                         
00008aa8  xdc_runtime_Main_Module__diagsMask__C                             
00008aac  xdc_runtime_Main_Module__loggerFxn4__C                            
00008ab0  xdc_runtime_Main_Module__loggerObj__C                             
00008ab4  xdc_runtime_Memory_defaultHeapInstance__C                         
00008ab8  xdc_runtime_Startup_execImpl__C                                   
00008abc  xdc_runtime_Startup_lastFxns__A                                   
00008ac0  xdc_runtime_Startup_maxPasses__C                                  
00008ac4  xdc_runtime_Startup_sfxnRts__C                                    
00008ac8  xdc_runtime_Startup_sfxnTab__C                                    
00008acc  xdc_runtime_SysMin_bufSize__C                                     
00008ad0  xdc_runtime_SysMin_outputFunc__C                                  
00008ad4  xdc_runtime_System_Module__gateObj__C                             
00008ad8  xdc_runtime_System_abortFxn__C                                    
00008adc  xdc_runtime_System_exitFxn__C                                     
00008ae0  xdc_runtime_System_extendFxn__C                                   
00008ae4  xdc_runtime_System_maxAtexitHandlers__C                           
00008ae8  xdc_runtime_Text_charTab__C                                       
00008aec  xdc_runtime_Text_nameEmpty__C                                     
00008af0  xdc_runtime_Text_nameStatic__C                                    
00008af4  xdc_runtime_Text_nameUnknown__C                                   
00008af8  xdc_runtime_Text_nodeTab__C                                       
00008afc  xdc_runtime_Text_visitRopeFxn__C                                  
00008b00  ti_sysbios_family_arm_m3_Hwi_Module__id__C                        
00008b02  ti_sysbios_family_arm_m3_Hwi_Module__loggerDefined__C             
00008b04  ti_sysbios_gates_GateMutex_Module__id__C                          
00008b06  ti_sysbios_hal_Hwi_Module__id__C                                  
00008b08  ti_sysbios_knl_Clock_Module__id__C                                
00008b0a  ti_sysbios_knl_Clock_Module__loggerDefined__C                     
00008b0c  ti_sysbios_knl_Semaphore_Module__id__C                            
00008b0e  ti_sysbios_knl_Semaphore_Module__loggerDefined__C                 
00008b10  ti_sysbios_knl_Swi_Module__id__C                                  
00008b12  ti_sysbios_knl_Swi_Module__loggerDefined__C                       
00008b14  ti_sysbios_knl_Task_Module__id__C                                 
00008b16  ti_sysbios_knl_Task_Module__loggerDefined__C                      
00008b18  ti_sysbios_utils_Load_Module__id__C                               
00008b1a  ti_sysbios_utils_Load_Module__loggerDefined__C                    
00008b1c  ti_sysbios_utils_Load_autoAddTasks__C                             
00008b1e  ti_sysbios_utils_Load_updateInIdle__C                             
00008b20  ti_uia_loggers_LoggerStopMode_Module__id__C                       
00008b22  ti_uia_loggers_LoggerStopMode_isTimestampEnabled__C               
00008b24  xdc_runtime_Core_Module__id__C                                    
00008b26  xdc_runtime_Error_Module__loggerDefined__C                        
00008b28  xdc_runtime_Error_maxDepth__C                                     
00008b2a  xdc_runtime_HeapStd_Module__id__C                                 
00008b2c  xdc_runtime_Main_Module__id__C                                    
00008b2e  xdc_runtime_Main_Module__loggerDefined__C                         
00008b30  xdc_runtime_Memory_Module__id__C                                  
00008b32  xdc_runtime_SysMin_flushAtExit__C                                 
00008b34  xdc_runtime_Text_charCnt__C                                       
00008b36  xdc_runtime_Text_isLoaded__C                                      
00008b38  xdc_runtime_Text_registryModsLastId__C                            
00008b3a  xdc_runtime_Text_unnamedModsLastId__C                             
00008b3c  xdc_runtime_Error_policy__C                                       
00008b40  __TI_static_base__                                                
00008e08  __TI_Handler_Table_Base                                           
00008e14  __TI_Handler_Table_Limit                                          
00008e28  __TI_CINIT_Base                                                   
00008e40  __TI_CINIT_Limit                                                  
20000000  ti_sysbios_family_arm_m3_Hwi_ramVectors                           
20000380  ti_sysbios_knl_Task_Instance_State_0_stack__A                     
20000b80  ti_sysbios_knl_Task_Instance_State_1_stack__A                     
20001380  ti_sysbios_knl_Task_Instance_State_2_stack__A                     
20001b80  ti_uia_loggers_LoggerStopMode_Instance_State_1_packetArray__A     
20001f80  ti_uia_loggers_LoggerStopMode_Instance_State_2_packetArray__A     
20002380  xdc_runtime_SysMin_Module_State_0_outbuf__A                       
20002780  ti_sysbios_family_arm_m3_Hwi_dispatchTable                        
20002ae0  ti_sysbios_knl_Mailbox_Instance_State_0_allocBuf__A               
20002b00  ti_uia_loggers_LoggerStopMode_Instance_State_0_packetArray__A     
20002d00  __CIOBUF_                                                         
20002e20  parmbuf                                                           
20002e28  ti_sysbios_knl_Task_Instance_State_0_hookEnv__A                   
20002e2c  ti_sysbios_knl_Task_Instance_State_1_hookEnv__A                   
20002e30  ti_sysbios_knl_Task_Instance_State_2_hookEnv__A                   
20002e80  ti_uia_loggers_LoggerStopMode_Instance_State_0_hdr__A             
20002f00  ti_uia_loggers_LoggerStopMode_Instance_State_1_hdr__A             
20002f80  ti_uia_loggers_LoggerStopMode_Instance_State_2_hdr__A             
20002fb0  ti_sysbios_knl_Task_Object__table__V                              
200030a0  ti_uia_loggers_LoggerStopMode_Object__table__V                    
2000313c  ti_sysbios_utils_Load_Module__state__V                            
200031d4  ti_sysbios_family_arm_lm4_Timer_Object__table__V                  
20003254  ti_sysbios_knl_Swi_Module_State_0_readyQ__A                       
200032d4  ti_sysbios_knl_Task_Module_State_0_readyQ__A                      
20003354  ti_sysbios_utils_Load_Module_State_0_taskEnv__A                   
200033a8  ti_sysbios_knl_Mailbox_Object__table__V                           
200033f8  ti_sysbios_family_arm_m3_Hwi_Object__table__V                     
20003440  ti_sysbios_knl_Task_Module__state__V                              
20003484  ti_sysbios_gates_GateMutex_Object__table__V                       
200034bc  ti_sysbios_family_arm_m3_Hwi_Module__state__V                     
200034f0  ti_sysbios_family_arm_lm4_Timer_Module_State_0_device__A          
20003520  ti_sysbios_knl_Swi_Object__table__V                               
20003550  ti_sysbios_knl_Clock_Module__state__V                             
2000357c  ti_sysbios_knl_Semaphore_Object__table__V                         
200035a4  ti_sysbios_BIOS_Module__state__V                                  
200035c8  xdc_runtime_System_Module_State_0_atexitHandlers__A               
200035e8  ti_sysbios_knl_Swi_Module__state__V                               
20003604  ti_sysbios_family_arm_lm4_Timer_Module_State_0_handles__A         
2000361c  __TI_cleanup_ptr                                                  
20003620  __TI_dtors_ptr                                                    
20003624  __TI_enable_exit_profile_output                                   
20003628  ti_sysbios_family_arm_lm4_Timer_Module__state__V                  
20003634  ti_sysbios_knl_Task_Module__root__V                               
20003640  ti_uia_runtime_QueueDescriptor_Module__state__V                   
2000364c  xdc_runtime_HeapStd_Object__table__V                              
20003658  xdc_runtime_SysMin_Module__state__V                               
20003664  _lock                                                             
20003668  _unlock                                                           
2000366c  ti_uia_runtime_QueueDescriptor_gPtrToFirstDescriptor              
20003670  ti_uia_runtime_QueueDescriptor_gUpdateCount                       
20003674  ti_sysbios_family_arm_lm4_TimestampProvider_Module__state__V      
2000367c  ti_sysbios_gates_GateHwi_Module__root__V                          
20003684  ti_sysbios_gates_GateMutex_Module__root__V                        
2000368c  ti_sysbios_hal_Hwi_Object__table__V                               
20003694  ti_sysbios_knl_Queue_Module__root__V                              
2000369c  ti_sysbios_knl_Semaphore_Module__root__V                          
200036a4  ti_uia_loggers_LoggerStopMode_Module__root__V                     
200036ac  xdc_runtime_HeapStd_Module__root__V                               
200036b4  xdc_runtime_Registry_Module__state__V                             
200036bc  xdc_runtime_Startup_Module__state__V                              
200036c4  xdc_runtime_System_Module__state__V                               
200036cc  main_func_sp                                                      
200036d0  ti_sysbios_family_arm_m3_Hwi_Module_State_0_excContext__A         
200036d4  ti_sysbios_family_arm_m3_Hwi_Module_State_0_excStack__A           
200036d8  ti_sysbios_gates_GateHwi_Object__table__V                         
200036dc  ti_sysbios_knl_Task_Module_State_0_idleTask__A                    
200036e0  ti_sysbios_utils_Load_Module_State_0_runningTask__A               
200036e4  ti_sysbios_utils_Load_Module_State_0_taskStartTime__A             
200036e8  xdc_runtime_HeapStd_Module__state__V                              
200036ec  xdc_runtime_Memory_Module__state__V                               
200036f0  i16ToggleCount                                                    
200036f2  ti_sysbios_family_arm_m3_Hwi_Module_State_0_excActive__A          
200036f4  xdc_runtime_Error_Module__state__V                                
200036f6  xdc_runtime_Main_Module__root__V                                  
200036f8  __stack                                                           
200037f8  __STACK_TOP                                                       
20003af8  __STACK_END                                                       
e000e000  ti_sysbios_family_arm_m3_Hwi_nvic                                 
ffffffff  __TI_pprof_out_hndl                                               
ffffffff  __TI_prof_data_size                                               
ffffffff  __TI_prof_data_start                                              
ffffffff  __binit__                                                         
ffffffff  __c_args__                                                        
ffffffff  binit                                                             
UNDEFED   SHT$$INIT_ARRAY$$Base                                             
UNDEFED   SHT$$INIT_ARRAY$$Limit                                            

[692 symbols]
