******************************************************************************
                  TI ARM Linker PC v16.9.6                     
******************************************************************************
>> Linked Mon Mar 12 12:29:46 2018

OUTPUT FILE NAME:   <blink_TM4C_MEM.out>
ENTRY POINT SYMBOL: "_c_int00"  address: 0000522d


MEMORY CONFIGURATION

         name            origin    length      used     unused   attr    fill
----------------------  --------  ---------  --------  --------  ----  --------
  FLASH                 00000000   00040000  00009483  00036b7d  R  X
  SRAM                  20000000   00008000  00003988  00004678  RW X


SEGMENT ALLOCATION MAP

run origin  load origin   length   init length attrs members
----------  ----------- ---------- ----------- ----- -------
00000000    00000000    00009490   00009490    r-x
  00000000    00000000    0000003c   0000003c    r-- .resetVecs
  00000040    00000040    00006a52   00006a52    r-x .text
  00006a94    00006a94    0000277d   0000277d    r-- .const
  00009218    00009218    00000278   00000278    r-- .cinit
20000000    20000000    00000360   00000000    rw-
  20000000    20000000    00000360   00000000    rw- .vecs
20000380    20000380    00003628   00000000    rw-
  20000380    20000380    00002c30   00000000    rw- .bss
  20002fb0    20002fb0    000005f8   00000000    rw- .data
  200035a8    200035a8    00000400   00000000    rw- .stack


SECTION ALLOCATION MAP

 output                                  attributes/
section   page    origin      length       input sections
--------  ----  ----------  ----------   ----------------
.resetVecs 
*          0    00000000    0000003c     
                  00000000    0000003c     empty_pem4f.oem4f (.resetVecs)

.text      0    00000040    00006a52     
                  00000040    00000430     sysbios.aem4f : BIOS.obj (.text:ti_sysbios_family_arm_m3_Hwi_excDumpRegs__I)
                  00000470    0000034c     ti.targets.arm.rtsarm.aem4f : System.oem4f (.text:xdc_runtime_System_doPrint__I)
                  000007bc    00000004     driverlib.lib : timer.obj (.text:TimerIntClear)
                  000007c0    00000314     sysbios.aem4f : BIOS.obj (.text:ti_sysbios_knl_Semaphore_pend__E)
                  00000ad4    00000004     empty_pem4f.oem4f (.text:ti_sysbios_BIOS_RtsGateProxy_enter__E)
                  00000ad8    00000274     sysbios.aem4f : BIOS.obj (.text:ti_sysbios_knl_Task_Instance_finalize__E)
                  00000d4c    00000004     empty_pem4f.oem4f (.text:ti_sysbios_BIOS_RtsGateProxy_leave__E)
                  00000d50    00000258     sysbios.aem4f : BIOS.obj (.text:ti_sysbios_heaps_HeapMem_free__E)
                  00000fa8    00000248                   : BIOS.obj (.text:ti_sysbios_heaps_HeapMem_alloc__E)
                  000011f0    000001fc                   : BIOS.obj (.text:ti_sysbios_family_arm_m3_Hwi_excHandlerMax__I)
                  000013ec    00000004                   : BIOS.obj (.text:ti_sysbios_family_arm_lm4_Timer_masterEnable__I)
                  000013f0    000001ec                   : BIOS.obj (.text:ti_sysbios_knl_Task_Instance_init__E)
                  000015dc    00000004     empty_pem4f.oem4f (.text:ti_sysbios_family_arm_m3_TaskSupport_Module__startupDone__S)
                  000015e0    0000017c     sysbios.aem4f : BIOS.obj (.text:ti_sysbios_family_arm_lm4_TimestampProvider_get64__E)
                  0000175c    00000004     empty_pem4f.oem4f (.text:ti_sysbios_heaps_HeapMem_Module_GateProxy_enter__E)
                  00001760    00000174     sysbios.aem4f : BIOS.obj (.text:ti_sysbios_family_arm_m3_Hwi_excBusFault__I)
                  000018d4    00000004     empty_pem4f.oem4f (.text:ti_sysbios_heaps_HeapMem_Module_GateProxy_leave__E)
                  000018d8    00000168     sysbios.aem4f : BIOS.obj (.text:ti_sysbios_family_arm_lm4_Timer_start__E)
                  00001a40    00000164                   : BIOS.obj (.text:ti_sysbios_family_arm_m3_Hwi_excUsageFault__I)
                  00001ba4    00000004     empty_pem4f.oem4f (.text:ti_sysbios_knl_Clock_TimerProxy_getMaxTicks__E)
                  00001ba8    00000148     sysbios.aem4f : BIOS.obj (.text:ti_sysbios_family_arm_m3_Hwi_excMemFault__I)
                  00001cf0    00000140                   : BIOS.obj (.text:ti_sysbios_knl_Semaphore_post__E)
                  00001e30    0000013c                   : BIOS.obj (.text:ti_sysbios_heaps_HeapMem_Instance_init__E)
                  00001f6c    00000004     empty_pem4f.oem4f (.text:ti_sysbios_knl_Clock_TimerProxy_getPeriod__E)
                  00001f70    0000013c     sysbios.aem4f : BIOS.obj (.text:ti_sysbios_knl_Clock_workFunc__E)
                  000020ac    00000004     empty_pem4f.oem4f (.text:ti_sysbios_knl_Queue_destruct)
                  000020b0    00000138     sysbios.aem4f : BIOS.obj (.text:ti_sysbios_family_arm_m3_Hwi_dispatchC__I)
                  000021e8    00000138     empty_pem4f.oem4f (.text:ti_uia_loggers_LoggerStopMode_writeMemoryRange__E)
                  00002320    00000130     driverlib.lib : gpio.obj (.text:GPIOPadConfigSet)
                  00002450    0000011c     sysbios.aem4f : BIOS.obj (.text:ti_sysbios_knl_Swi_run__I)
                  0000256c    00000118     ti.targets.arm.rtsarm.aem4f : Error.oem4f (.text:xdc_runtime_Error_policyDefault__E)
                  00002684    00000004     empty_pem4f.oem4f (.text:ti_sysbios_knl_Semaphore_destruct)
                  00002688    00000110     sysbios.aem4f : BIOS.obj (.text:ti_sysbios_knl_Task_schedule__I)
                  00002798    0000010c     driverlib.lib : sysctl.obj (.text:SysCtlClockGet)
                  000028a4    0000010c     empty_pem4f.oem4f (.text:ti_uia_loggers_LoggerStopMode_write8__E)
                  000029b0    00000100     Boot.aem4f : Boot_sysctl.oem4f (.text:ti_catalog_arm_cortexm4_tiva_ce_Boot_sysCtlClockSetI__I)
                  00002ab0    00000100     ti.targets.arm.rtsarm.aem4f : Core-mem.oem4f (.text:xdc_runtime_Core_createObject__I)
                  00002bb0    000000fc     sysbios.aem4f : BIOS.obj (.text:ti_sysbios_knl_Task_postInit__I)
                  00002cac    00000004     ti.uia.loggers.aem4f : LoggerStopMode.oem4f (.text:ti_uia_loggers_LoggerStopMode_getContents__E)
                  00002cb0    000000fc     sysbios.aem4f : BIOS.obj (.text:ti_sysbios_knl_Task_startCore__E)
                  00002dac    00000004     empty_pem4f.oem4f (.text:ti_uia_loggers_LoggerStopMode_getFilterLevel__E)
                  00002db0    000000f8     sysbios.aem4f : BIOS.obj (.text:ti_sysbios_utils_Load_updateThreadContexts__E)
                  00002ea8    000000f8     ti.targets.arm.rtsarm.aem4f : Startup.oem4f (.text:xdc_runtime_Startup_startMods__I)
                  00002fa0    000000f8     empty_pem4f.oem4f (.text:xdc_runtime_System_printfExtend__I)
                  00003098    000000f4     sysbios.aem4f : m3_Hwi_asm.obj (.text:ti_sysbios_family_arm_m3_Hwi_dispatch__I)
                  0000318c    000000f4     empty_pem4f.oem4f (.text:ti_uia_loggers_LoggerStopMode_write4__E)
                  00003280    000000f0     driverlib.lib : sysctl.obj (.text:SysCtlClockSet)
                  00003370    000000e8     empty_pem4f.oem4f (.text:ti_uia_loggers_LoggerStopMode_write1__E)
                  00003458    000000e8     empty_pem4f.oem4f (.text:ti_uia_loggers_LoggerStopMode_write2__E)
                  00003540    000000e0     main.obj (.text:ledToggle)
                  00003620    000000d8     sysbios.aem4f : BIOS.obj (.text:ti_sysbios_family_arm_lm4_TimestampProvider_get32__E)
                  000036f8    000000d8     empty_pem4f.oem4f (.text:ti_uia_loggers_LoggerStopMode_write0__E)
                  000037d0    000000d0     sysbios.aem4f : BIOS.obj (.text:ti_sysbios_family_arm_m3_Hwi_Module_startup__E)
                  000038a0    000000cc     ti.targets.arm.rtsarm.aem4f : Core-smem.oem4f (.text:xdc_runtime_Core_constructObject__I)
                  0000396c    00000004     ti.uia.loggers.aem4f : LoggerStopMode.oem4f (.text:ti_uia_loggers_LoggerStopMode_getInstanceId__E)
                  00003970    000000c8     sysbios.aem4f : BIOS.obj (.text:ti_sysbios_knl_Task_exit__E)
                  00003a38    000000c4                   : BIOS.obj (.text:ti_sysbios_utils_Load_logLoads__I)
                  00003afc    00000004     ti.uia.loggers.aem4f : LoggerStopMode.oem4f (.text:ti_uia_loggers_LoggerStopMode_getMaxLength__E)
                  00003b00    000000bc     sysbios.aem4f : BIOS.obj (.text:ti_sysbios_family_arm_m3_Hwi_excDebugMon__I)
                  00003bbc    00000004     ti.uia.loggers.aem4f : LoggerStopMode.oem4f (.text:ti_uia_loggers_LoggerStopMode_getPriority__E)
                  00003bc0    000000bc     sysbios.aem4f : BIOS.obj (.text:ti_sysbios_family_arm_m3_Hwi_excHardFault__I)
                  00003c7c    00000004     ti.uia.loggers.aem4f : LoggerStopMode.oem4f (.text:ti_uia_loggers_LoggerStopMode_getTransferType__E)
                  00003c80    000000bc     sysbios.aem4f : BIOS.obj (.text:ti_sysbios_knl_Task_unblockI__E)
                  00003d3c    00000004     ti.targets.arm.rtsarm.aem4f : Error.oem4f (.text:xdc_runtime_Error_getSite__E)
                  00003d40    000000b4     sysbios.aem4f : BIOS.obj (.text:ti_sysbios_gates_GateMutex_enter__E)
                  00003df4    00000004     empty_pem4f.oem4f (.text:xdc_runtime_System_Module_GateProxy_enter__E)
                  00003df8    000000b4     sysbios.aem4f : BIOS.obj (.text:ti_sysbios_knl_Task_checkStacks__E)
                  00003eac    00000004     empty_pem4f.oem4f (.text:xdc_runtime_System_Module_GateProxy_leave__E)
                  00003eb0    000000b0     sysbios.aem4f : BIOS.obj (.text:ti_sysbios_utils_Load_idleFxn__E)
                  00003f60    000000b0                   : BIOS.obj (.text:ti_sysbios_utils_Load_updateLoads__E)
                  00004010    000000ac                   : BIOS.obj (.text:ti_sysbios_family_arm_lm4_Timer_enableTiva__I)
                  000040bc    00000004     ti.targets.arm.rtsarm.aem4f : System.oem4f (.text:xdc_runtime_System_aprintf_va__F)
                  000040c0    000000ac     sysbios.aem4f : BIOS.obj (.text:ti_sysbios_knl_Swi_post__E)
                  0000416c    00000004     ti.targets.arm.rtsarm.aem4f : System.oem4f (.text:xdc_runtime_System_printf_va__F)
                  00004170    000000a8     sysbios.aem4f : BIOS.obj (.text:ti_sysbios_family_arm_lm4_Timer_enableTimers__I)
                  00004218    000000a8                   : BIOS.obj (.text:ti_sysbios_knl_Task_blockI__E)
                  000042c0    000000a0     auto_init.aem4f : auto_init.oem4f (.text)
                  00004360    000000a0     ti.targets.arm.rtsarm.aem4f : Text.oem4f (.text:xdc_runtime_Text_putMod__E)
                  00004400    0000009c     rtsv7M4_T_le_v4SPD16_eabi.lib : memcpy_t2.obj (.text)
                  0000449c    00000002                                   : i_div0.obj (.text)
                  0000449e    00000002     empty_pem4f.oem4f (.text:ti_sysbios_BIOS_nullFunc__I)
                  000044a0    0000009c     sysbios.aem4f : BIOS.obj (.text:ti_sysbios_knl_Semaphore_Instance_init__E)
                  0000453c    0000009a     ti.targets.arm.rtsarm.aem4f : Text.oem4f (.text:xdc_runtime_Text_putSite__E)
                  000045d6    00000002     empty_pem4f.oem4f (.text:ti_uia_loggers_LoggerStopMode_setFilterLevel__E)
                  000045d8    00000098     Boot.aem4f : Boot.oem4f (.text:ti_catalog_arm_cortexm4_tiva_ce_Boot_sysCtlClockSet__E)
                  00004670    00000094     sysbios.aem4f : BIOS.obj (.text:ti_sysbios_family_arm_m3_Hwi_initNVIC__E)
                  00004704    00000002     ti.uia.loggers.aem4f : LoggerStopMode.oem4f (.text:ti_uia_loggers_LoggerStopMode_setPriority__E)
                  00004706    00000002     empty_pem4f.oem4f (.text:xdc_runtime_Startup_reset__I)
                  00004708    00000090     sysbios.aem4f : BIOS.obj (.text:ti_sysbios_knl_Task_Module_startup__E)
                  00004798    00000090                   : BIOS.obj (.text:ti_sysbios_utils_Load_startup__E)
                  00004828    00000090     ti.uia.loggers.aem4f : LoggerStopMode.oem4f (.text:ti_uia_loggers_LoggerStopMode_initQueueDescriptor__E)
                  000048b8    0000008c     sysbios.aem4f : m3_TaskSupport_asm.obj (.text:ti_sysbios_family_arm_m3_TaskSupport_buildTaskStack)
                  00004944    0000007a     rtsv7M4_T_le_v4SPD16_eabi.lib : memset_t2.obj (.text)
                  000049be    00000002     --HOLE-- [fill = 0]
                  000049c0    00000074     ti.uia.runtime.aem4f : QueueDescriptor.oem4f (.text:ti_uia_runtime_QueueDescriptor_addToList__E)
                  00004a34    0000006d     ti.targets.arm.rtsarm.aem4f : System.oem4f (.text:xdc_runtime_System_formatNum__I)
                  00004aa1    00000001     --HOLE-- [fill = 0]
                  00004aa2    00000006     driverlib.lib : gpio.obj (.text:GPIOPinRead)
                  00004aa8    0000006c     sysbios.aem4f : BIOS.obj (.text:ti_sysbios_knl_Swi_restoreHwi__E)
                  00004b14    00000004     --HOLE-- [fill = 0]
                  00004b18    0000006c                   : BIOS.obj (.text:ti_sysbios_utils_Load_taskCreateHook__E)
                  00004b84    0000006c     ti.targets.arm.rtsarm.aem4f : Error.oem4f (.text:xdc_runtime_Error_print__E)
                  00004bf0    0000006c                                 : Memory.oem4f (.text:xdc_runtime_Memory_alloc__E)
                  00004c5c    00000068     rtsv7M4_T_le_v4SPD16_eabi.lib : copy_decompress_lzss.obj (.text:decompress:lzss)
                  00004cc4    00000068     main.obj (.text:hardware_init)
                  00004d2c    00000068     rtsv7M4_T_le_v4SPD16_eabi.lib : trgmsg.obj (.text)
                  00004d94    00000004     --HOLE-- [fill = 0]
                  00004d98    00000068     sysbios.aem4f : BIOS.obj (.text:ti_sysbios_utils_Load_addTask__E)
                  00004e00    00000066     ti.uia.loggers.aem4f : LoggerStopMode.oem4f (.text:ti_uia_loggers_LoggerStopMode_flush__E)
                  00004e66    00000066     ti.targets.arm.rtsarm.aem4f : Core-mem.oem4f (.text:xdc_runtime_Core_deleteObject__I)
                  00004ecc    00000004     --HOLE-- [fill = 0]
                  00004ed0    00000064     sysbios.aem4f : BIOS.obj (.text:ti_sysbios_family_arm_lm4_Timer_Module_startup__E)
                  00004f34    00000060     driverlib.lib : timer.obj (.text:TimerConfigure)
                  00004f94    00000004     --HOLE-- [fill = 0]
                  00004f98    00000060     sysbios.aem4f : BIOS.obj (.text:ti_sysbios_family_arm_lm4_Timer_isrStub__E)
                  00004ff8    00000060                   : BIOS.obj (.text:ti_sysbios_knl_Clock_logTick__E)
                  00005058    00000060                   : BIOS.obj (.text:ti_sysbios_utils_Load_logCPULoad__I)
                  000050b8    00000060                   : BIOS.obj (.text:ti_sysbios_utils_Load_updateCurrentThreadTime__E)
                  00005118    0000005c                   : BIOS.obj (.text:ti_sysbios_knl_Swi_schedule__I)
                  00005174    0000005c     empty_pem4f.oem4f (.text:ti_sysbios_knl_Task_create)
                  000051d0    0000005b     ti.targets.arm.rtsarm.aem4f : Text.oem4f (.text:xdc_runtime_Text_putLab__E)
                  0000522b    00000001     --HOLE-- [fill = 0]
                  0000522c    00000058     boot.aem4f : boot.oem4f (.text)
                  00005284    00000058     rtsv7M4_T_le_v4SPD16_eabi.lib : hostwrite.obj (.text)
                  000052dc    00000058     sysbios.aem4f : m3_Hwi_asm_switch.obj (.text:ti_sysbios_family_arm_m3_Hwi_initStacks__E)
                  00005334    00000054     rtsv7M4_T_le_v4SPD16_eabi.lib : exit.obj (.text)
                  00005388    00000054     sysbios.aem4f : BIOS.obj (.text:ti_sysbios_utils_Load_taskSwitchHook__E)
                  000053dc    00000054     ti.targets.arm.rtsarm.aem4f : Assert.oem4f (.text:xdc_runtime_Assert_raise__I)
                  00005430    00000050                                 : Startup.oem4f (.text:xdc_runtime_Startup_exec__E)
                  00005480    00000050                                 : Text.oem4f (.text:xdc_runtime_Text_visitRope2__I)
                  000054d0    0000004c     rtsv7M4_T_le_v4SPD16_eabi.lib : cpy_tbl.obj (.text)
                  0000551c    00000004     --HOLE-- [fill = 0]
                  00005520    0000004c     sysbios.aem4f : BIOS.obj (.text:ti_sysbios_heaps_HeapMem_getStats__E)
                  0000556c    00000004     --HOLE-- [fill = 0]
                  00005570    0000004c                   : BIOS.obj (.text:ti_sysbios_knl_Swi_runLoop__I)
                  000055bc    00000004     --HOLE-- [fill = 0]
                  000055c0    0000004c                   : BIOS.obj (.text:ti_sysbios_knl_Task_allBlockedFunction__I)
                  0000560c    0000004c     ti.uia.loggers.aem4f : LoggerStopMode.oem4f (.text:ti_uia_loggers_LoggerStopMode_Module_startup__E)
                  00005658    00000048     sysbios.aem4f : BIOS.obj (.text:ti_sysbios_family_arm_m3_Hwi_disableInterrupt__E)
                  000056a0    00000048                   : BIOS.obj (.text:ti_sysbios_family_arm_m3_Hwi_enableInterrupt__E)
                  000056e8    00000048                   : BIOS.obj (.text:ti_sysbios_family_arm_m3_Hwi_excReserved__I)
                  00005730    00000048                   : BIOS.obj (.text:ti_sysbios_utils_Load_taskDeleteHook__E)
                  00005778    00000046     ti.targets.arm.rtsarm.aem4f : Core-params.oem4f (.text:xdc_runtime_Core_assignParams__I)
                  000057be    00000002     --HOLE-- [fill = 0]
                  000057c0    00000044     main.obj (.text:main)
                  00005804    00000004     --HOLE-- [fill = 0]
                  00005808    00000044     sysbios.aem4f : BIOS.obj (.text:ti_sysbios_family_arm_lm4_Timer_stop__E)
                  0000584c    00000004     --HOLE-- [fill = 0]
                  00005850    00000044                   : BIOS.obj (.text:ti_sysbios_family_arm_m3_Hwi_getStackInfo__E)
                  00005894    00000004     --HOLE-- [fill = 0]
                  00005898    00000044                   : BIOS.obj (.text:ti_sysbios_utils_Load_removeTask__E)
                  000058dc    00000044     ti.uia.loggers.aem4f : LoggerStopMode.oem4f (.text:ti_uia_loggers_LoggerStopMode_initBuffer__I)
                  00005920    00000044     ti.targets.arm.rtsarm.aem4f : Error.oem4f (.text:xdc_runtime_Error_setX__E)
                  00005964    00000044                                 : SysMin.oem4f (.text:xdc_runtime_SysMin_flush__E)
                  000059a8    00000044                                 : Text.oem4f (.text:xdc_runtime_Text_xprintf__I)
                  000059ec    00000040     rtsv7M4_T_le_v4SPD16_eabi.lib : u_divt2.obj (.text)
                  00005a2c    00000004     --HOLE-- [fill = 0]
                  00005a30    00000040     sysbios.aem4f : BIOS.obj (.text:ti_sysbios_family_arm_lm4_Timer_startup__E)
                  00005a70    0000003c                   : BIOS.obj (.text:ti_sysbios_family_arm_m3_Hwi_excSvCall__I)
                  00005aac    00000004     --HOLE-- [fill = 0]
                  00005ab0    0000003c                   : BIOS.obj (.text:ti_sysbios_heaps_HeapMem_init__I)
                  00005aec    00000004     --HOLE-- [fill = 0]
                  00005af0    0000003c                   : BIOS.obj (.text:ti_sysbios_knl_Swi_restore__E)
                  00005b2c    00000004     --HOLE-- [fill = 0]
                  00005b30    00000038                   : BIOS.obj (.text:ti_sysbios_family_arm_m3_Hwi_excNoIsr__I)
                  00005b68    00000038                   : BIOS.obj (.text:ti_sysbios_knl_Task_processVitalTaskFlag__I)
                  00005ba0    00000038     ti.targets.arm.rtsarm.aem4f : SysMin.oem4f (.text:xdc_runtime_SysMin_putch__E)
                  00005bd8    00000038                                 : System.oem4f (.text:xdc_runtime_System_atexit__E)
                  00005c10    00000034     driverlib.lib : sysctl.obj (.text:SysCtlPeripheralEnable)
                  00005c44    00000004     --HOLE-- [fill = 0]
                  00005c48    00000034     sysbios.aem4f : BIOS.obj (.text:ti_sysbios_family_arm_m3_Hwi_excNmi__I)
                  00005c7c    00000004     --HOLE-- [fill = 0]
                  00005c80    00000034                   : BIOS.obj (.text:ti_sysbios_hal_Hwi_checkStack)
                  00005cb4    00000034     empty_pem4f.oem4f (.text:ti_sysbios_knl_Semaphore_create)
                  00005ce8    00000034     ti.uia.loggers.aem4f : LoggerStopMode.oem4f (.text:ti_uia_loggers_LoggerStopMode_reset__E)
                  00005d1c    00000034     ti.targets.arm.rtsarm.aem4f : Core-label.oem4f (.text:xdc_runtime_Core_assignLabel__I)
                  00005d50    00000033                                 : Text.oem4f (.text:xdc_runtime_Text_printVisFxn__I)
                  00005d83    00000005     --HOLE-- [fill = 0]
                  00005d88    00000032     sysbios.aem4f : BIOS.obj (.text:ti_sysbios_hal_Hwi_initStack)
                  00005dba    00000006     driverlib.lib : gpio.obj (.text:GPIOPinWrite)
                  00005dc0    00000032     sysbios.aem4f : BIOS.obj (.text:ti_sysbios_knl_Semaphore_pendTimeout__I)
                  00005df2    00000002     --HOLE-- [fill = 0]
                  00005df4    00000030     empty_pem4f.oem4f (.text:ti_sysbios_BIOS_atExitFunc__I)
                  00005e24    00000004     --HOLE-- [fill = 0]
                  00005e28    00000030     sysbios.aem4f : BIOS.obj (.text:ti_sysbios_family_arm_m3_TaskSupport_start__E)
                  00005e58    00000030     empty_pem4f.oem4f (.text:ti_sysbios_gates_GateHwi_Object__create__S)
                  00005e88    00000030     empty_pem4f.oem4f (.text:ti_sysbios_gates_GateMutex_Object__create__S)
                  00005eb8    00000030     empty_pem4f.oem4f (.text:ti_sysbios_heaps_HeapMem_Object__create__S)
                  00005ee8    00000030     empty_pem4f.oem4f (.text:ti_sysbios_knl_Semaphore_construct)
                  00005f18    00000030     empty_pem4f.oem4f (.text:ti_uia_loggers_LoggerStopMode_Object__create__S)
                  00005f48    00000030     ti.targets.arm.rtsarm.aem4f : SysMin.oem4f (.text:xdc_runtime_SysMin_abort__E)
                  00005f78    00000030                                 : System.oem4f (.text:xdc_runtime_System_processAtExit__E)
                  00005fa8    0000002c     empty_pem4f.oem4f (.text:ti_sysbios_knl_Clock_doTick__I)
                  00005fd4    0000002c     empty_pem4f.oem4f (.text:ti_sysbios_knl_Queue_construct)
                  00006000    0000002c     sysbios.aem4f : BIOS.obj (.text:ti_sysbios_knl_Task_restore__E)
                  0000602c    0000002c     ti.targets.arm.rtsarm.aem4f : Text.oem4f (.text:xdc_runtime_Text_cordText__E)
                  00006058    0000002a     driverlib.lib : gpio.obj (.text:GPIODirModeSet)
                  00006082    0000002a     ti.targets.arm.rtsarm.aem4f : System.oem4f (.text:xdc_runtime_System_putchar__I)
                  000060ac    00000028     empty_pem4f.oem4f (.text:ti_sysbios_BIOS_startFunc__I)
                  000060d4    00000004     --HOLE-- [fill = 0]
                  000060d8    00000028     sysbios.aem4f : BIOS.obj (.text:ti_sysbios_knl_Swi_Module_startup__E)
                  00006100    00000026                   : m3_Hwi_asm.obj (.text:ti_sysbios_family_arm_m3_Hwi_pendSV__I)
                  00006126    00000026     ti.targets.arm.rtsarm.aem4f : System.oem4f (.text:xdc_runtime_System_avprintf__E)
                  0000614c    00000024     empty_pem4f.oem4f (.text:ti_sysbios_BIOS_registerRTSLock__I)
                  00006170    00000024     empty_pem4f.oem4f (.text:ti_sysbios_BIOS_removeRTSLock__I)
                  00006194    00000004     --HOLE-- [fill = 0]
                  00006198    00000024     sysbios.aem4f : BIOS.obj (.text:ti_sysbios_family_arm_m3_Hwi_doTaskRestore__I)
                  000061bc    00000024     empty_pem4f.oem4f (.text:ti_sysbios_gates_GateMutex_Object__delete__S)
                  000061e0    00000024     sysbios.aem4f : BIOS.obj (.text:ti_sysbios_knl_Clock_Module_startup__E)
                  00006204    00000024     ti.targets.arm.rtsarm.aem4f : System.oem4f (.text:xdc_runtime_System_vprintf__E)
                  00006228    00000022     sysbios.aem4f : BIOS.obj (.text:ti_sysbios_family_arm_lm4_Timer_write__I)
                  0000624a    00000022     empty_pem4f.oem4f (.text:xdc_runtime_SysMin_output__I)
                  0000626c    00000020     empty_pem4f.oem4f (.text:ti_sysbios_BIOS_rtsLock__I)
                  0000628c    00000020     sysbios.aem4f : m3_Hwi_asm.obj (.text:ti_sysbios_family_arm_m3_Hwi_excHandlerAsm__I)
                  000062ac    00000004     --HOLE-- [fill = 0]
                  000062b0    00000020                   : BIOS.obj (.text:ti_sysbios_family_arm_m3_Hwi_excHandler__I)
                  000062d0    00000020     empty_pem4f.oem4f (.text:ti_sysbios_gates_GateHwi_Object__delete__S)
                  000062f0    00000020     empty_pem4f.oem4f (.text:ti_sysbios_heaps_HeapMem_Object__delete__S)
                  00006310    00000020     sysbios.aem4f : BIOS.obj (.text:ti_sysbios_knl_Idle_run__E)
                  00006330    00000020     empty_pem4f.oem4f (.text:ti_sysbios_knl_Semaphore_Object__destruct__S)
                  00006350    00000020     empty_pem4f.oem4f (.text:ti_uia_loggers_LoggerStopMode_Object__delete__S)
                  00006370    00000020     ti.targets.arm.rtsarm.aem4f : Registry.oem4f (.text:xdc_runtime_Registry_findById__E)
                  00006390    00000020                                 : SysMin.oem4f (.text:xdc_runtime_SysMin_Module_startup__E)
                  000063b0    0000001e     empty_pem4f.oem4f (.text:ti_sysbios_BIOS_errorRaiseHook__I)
                  000063ce    0000001e     sysbios.aem4f : m3_Hwi_asm_switch.obj (.text:ti_sysbios_family_xxx_Hwi_switchAndRunFunc)
                  000063ec    0000001c     main.obj (.text:Timer_ISR)
                  00006408    0000001c     sysbios.aem4f : BIOS.obj (.text:ti_sysbios_gates_GateMutex_Instance_init__E)
                  00006424    0000001c     empty_pem4f.oem4f (.text:ti_sysbios_knl_Queue_Object__destruct__S)
                  00006440    0000001c     sysbios.aem4f : BIOS.obj (.text:ti_sysbios_knl_Task_enter__I)
                  0000645c    0000001c     ti.uia.loggers.aem4f : LoggerStopMode.oem4f (.text:ti_uia_loggers_LoggerStopMode_Instance_init__E)
                  00006478    0000001c     ti.targets.arm.rtsarm.aem4f : Error.oem4f (.text:xdc_runtime_Error_raiseX__E)
                  00006494    0000001c                                 : Memory.oem4f (.text:xdc_runtime_Memory_valloc__E)
                  000064b0    0000001c                                 : SysMin.oem4f (.text:xdc_runtime_SysMin_exit__E)
                  000064cc    0000001c                                 : System.oem4f (.text:xdc_runtime_System_abort__E)
                  000064e8    0000001a     empty_pem4f.oem4f (.text:ti_sysbios_family_arm_m3_Hwi_Handle__label__S)
                  00006502    0000001a     empty_pem4f.oem4f (.text:ti_sysbios_gates_GateHwi_Handle__label__S)
                  0000651c    0000001a     empty_pem4f.oem4f (.text:ti_sysbios_gates_GateMutex_Handle__label__S)
                  00006536    0000001a     empty_pem4f.oem4f (.text:ti_sysbios_heaps_HeapMem_Handle__label__S)
                  00006550    0000001a     empty_pem4f.oem4f (.text:ti_sysbios_knl_Swi_Handle__label__S)
                  0000656a    0000001a     empty_pem4f.oem4f (.text:ti_sysbios_knl_Task_Handle__label__S)
                  00006584    0000001a     empty_pem4f.oem4f (.text:ti_uia_loggers_LoggerStopMode_Handle__label__S)
                  0000659e    0000001a     empty_pem4f.oem4f (.text:xdc_runtime_System_aprintf__E)
                  000065b8    0000001a     empty_pem4f.oem4f (.text:xdc_runtime_System_printf__E)
                  000065d2    00000018     driverlib.lib : gpio.obj (.text:GPIOPinTypeGPIOOutput)
                  000065ea    00000002     --HOLE-- [fill = 0]
                  000065ec    00000018     rtsv7M4_T_le_v4SPD16_eabi.lib : args_main.obj (.text)
                  00006604    00000018     empty_pem4f.oem4f (.text:ti_sysbios_BIOS_rtsUnlock__I)
                  0000661c    00000018     empty_pem4f.oem4f (.text:ti_sysbios_family_arm_lm4_Timer_Module__startupDone__F)
                  00006634    00000018     empty_pem4f.oem4f (.text:ti_sysbios_family_arm_m3_Hwi_Module__startupDone__F)
                  0000664c    00000018     sysbios.aem4f : m3_TaskSupport_asm.obj (.text:ti_sysbios_family_arm_m3_TaskSupport_swap__E)
                  00006664    00000004     --HOLE-- [fill = 0]
                  00006668    00000018                   : BIOS.obj (.text:ti_sysbios_gates_GateMutex_leave__E)
                  00006680    00000018     ti.targets.arm.rtsarm.aem4f : Error.oem4f (.text:xdc_runtime_Error_check__E)
                  00006698    00000018                                 : System.oem4f (.text:xdc_runtime_System_exit__E)
                  000066b0    00000018                                 : Text.oem4f (.text:xdc_runtime_Text_ropeText__E)
                  000066c8    00000016     empty_pem4f.oem4f (.text:ti_sysbios_BIOS_exitFunc__I)
                  000066de    00000016     main.obj (.text:ti_sysbios_knl_Task_Params_init)
                  000066f4    00000016     ti.uia.loggers.aem4f : LoggerStopMode.oem4f (.text:ti_uia_loggers_LoggerStopMode_disable__E)
                  0000670a    00000016                          : LoggerStopMode.oem4f (.text:ti_uia_loggers_LoggerStopMode_enable__E)
                  00006720    00000014     rtsv7M4_T_le_v4SPD16_eabi.lib : _lock.obj (.text)
                  00006734    00000014                                   : strlen.obj (.text)
                  00006748    00000014     empty_pem4f.oem4f (.text:ti_sysbios_family_arm_m3_Hwi_Object__get__S)
                  0000675c    00000004     --HOLE-- [fill = 0]
                  00006760    00000014     sysbios.aem4f : BIOS.obj (.text:ti_sysbios_family_arm_m3_Hwi_switchFromBootStack__E)
                  00006774    00000014     empty_pem4f.oem4f (.text:ti_sysbios_heaps_HeapMem_Object__get__S)
                  00006788    00000014     empty_pem4f.oem4f (.text:ti_sysbios_knl_Swi_Object__get__S)
                  0000679c    00000014     empty_pem4f.oem4f (.text:ti_sysbios_knl_Task_Object__get__S)
                  000067b0    00000012     driverlib.lib : timer.obj (.text:TimerLoadSet)
                  000067c2    00000006                   : sysctl.obj (.text:SysCtlDelay)
                  000067c8    00000012     sysbios.aem4f : BIOS.obj (.text:ti_sysbios_hal_Hwi_Module_startup__E)
                  000067da    00000012     empty_pem4f.oem4f (.text:xdc_runtime_Startup_exec__I)
                  000067ec    00000004     --HOLE-- [fill = 0]
                  000067f0    00000010     sysbios.aem4f : BIOS.obj (.text:ti_sysbios_BIOS_getCpuFreq__E)
                  00006800    00000010                   : BIOS.obj (.text:ti_sysbios_BIOS_setThreadType__E)
                  00006810    00000010                   : BIOS.obj (.text:ti_sysbios_BIOS_start__E)
                  00006820    00000010                   : BIOS.obj (.text:ti_sysbios_family_arm_lm4_TimestampProvider_rolloverFunc__E)
                  00006830    00000010                   : m3_TaskSupport_asm.obj (.text:ti_sysbios_family_arm_m3_TaskSupport_glue)
                  00006840    00000010                   : BIOS.obj (.text:ti_sysbios_gates_GateMutex_Instance_finalize__E)
                  00006850    00000010                   : BIOS.obj (.text:ti_sysbios_knl_Semaphore_Instance_finalize__E)
                  00006860    00000010                   : BIOS.obj (.text:ti_sysbios_knl_Swi_disable__E)
                  00006870    00000010                   : BIOS.obj (.text:ti_sysbios_knl_Task_disable__E)
                  00006880    00000010     empty_pem4f.oem4f (.text:ti_uia_loggers_LoggerStopMode_Object__get__S)
                  00006890    00000010     ti.uia.loggers.aem4f : LoggerStopMode.oem4f (.text:ti_uia_loggers_LoggerStopMode_isEmpty__E)
                  000068a0    00000010     ti.targets.arm.rtsarm.aem4f : Gate.oem4f (.text:xdc_runtime_Gate_leaveSystem__E)
                  000068b0    00000010                                 : Memory.oem4f (.text:xdc_runtime_Memory_free__E)
                  000068c0    00000010                                 : SysMin.oem4f (.text:xdc_runtime_SysMin_ready__E)
                  000068d0    00000010                                 : System.oem4f (.text:xdc_runtime_System_vsnprintf__E)
                  000068e0    00000010     empty_pem4f.oem4f (.text:xdc_runtime_Text_visitRope__I)
                  000068f0    0000000e     driverlib.lib : timer.obj (.text:TimerEnable)
                  000068fe    0000000e     rtsv7M4_T_le_v4SPD16_eabi.lib : copy_decompress_none.obj (.text:decompress:none)
                  0000690c    00000004     --HOLE-- [fill = 0]
                  00006910    0000000e     sysbios.aem4f : BIOS.obj (.text:ti_sysbios_knl_Idle_loop__E)
                  0000691e    00000002     --HOLE-- [fill = 0]
                  00006920    0000000e                   : BIOS.obj (.text:ti_sysbios_knl_Queue_empty__E)
                  0000692e    00000002     --HOLE-- [fill = 0]
                  00006930    0000000c     empty_pem4f.oem4f (.text:.bootCodeSection:ti_catalog_arm_cortexm4_tiva_ce_Boot_init__I)
                  0000693c    0000000c     rtsv7M4_T_le_v4SPD16_eabi.lib : copy_zero_init.obj (.text:decompress:ZI)
                  00006948    0000000c     sysbios.aem4f : BIOS.obj (.text:ti_sysbios_family_arm_lm4_Timer_getMaxTicks__E)
                  00006954    00000004     --HOLE-- [fill = 0]
                  00006958    0000000c                   : BIOS.obj (.text:ti_sysbios_family_arm_lm4_TimestampProvider_startTimer__E)
                  00006964    00000004     --HOLE-- [fill = 0]
                  00006968    0000000c                   : BIOS.obj (.text:ti_sysbios_family_arm_m3_Hwi_disableFxn__E)
                  00006974    00000004     --HOLE-- [fill = 0]
                  00006978    0000000c                   : BIOS.obj (.text:ti_sysbios_family_arm_m3_TaskSupport_checkStack__E)
                  00006984    00000004     --HOLE-- [fill = 0]
                  00006988    0000000c                   : BIOS.obj (.text:ti_sysbios_family_arm_m3_TaskSupport_getStackAlignment__E)
                  00006994    00000004     --HOLE-- [fill = 0]
                  00006998    0000000c                   : BIOS.obj (.text:ti_sysbios_gates_GateHwi_enter__E)
                  000069a4    0000000c     empty_pem4f.oem4f (.text:ti_sysbios_knl_Queue_Object__get__S)
                  000069b0    0000000c     empty_pem4f.oem4f (.text:ti_sysbios_knl_Task_Params__init__S)
                  000069bc    00000004     --HOLE-- [fill = 0]
                  000069c0    0000000c     sysbios.aem4f : BIOS.obj (.text:ti_sysbios_utils_Load_taskRegHook__E)
                  000069cc    0000000c     ti.targets.arm.rtsarm.aem4f : Error.oem4f (.text:xdc_runtime_Error_init__E)
                  000069d8    0000000c                                 : Gate.oem4f (.text:xdc_runtime_Gate_enterSystem__E)
                  000069e4    0000000c                                 : Memory.oem4f (.text:xdc_runtime_Memory_calloc__E)
                  000069f0    0000000c                                 : Memory.oem4f (.text:xdc_runtime_Memory_getMaxDefaultTypeAlign__E)
                  000069fc    0000000a     empty_pem4f.oem4f (.text:xdc_runtime_IHeap_alloc)
                  00006a06    0000000a     empty_pem4f.oem4f (.text:xdc_runtime_IHeap_free)
                  00006a10    00000008     driverlib.lib : timer.obj (.text:TimerIntEnable)
                  00006a18    00000008     sysbios.aem4f : BIOS.obj (.text:ti_sysbios_family_arm_lm4_Timer_masterDisable__I)
                  00006a20    00000008                   : BIOS.obj (.text:ti_sysbios_family_arm_m3_Hwi_doSwiRestore__I)
                  00006a28    00000008                   : BIOS.obj (.text:ti_sysbios_family_arm_m3_Hwi_startup__E)
                  00006a30    00000006     Boot.aem4f : Boot_sysctl.oem4f (.text:ti_catalog_arm_cortexm4_tiva_ce_Boot_sysCtlDelayI__I)
                  00006a36    00000002     --HOLE-- [fill = 0]
                  00006a38    00000006     sysbios.aem4f : BIOS.obj (.text:ti_sysbios_family_arm_lm4_TimestampProvider_Module_startup__E)
                  00006a3e    00000002     --HOLE-- [fill = 0]
                  00006a40    00000006                   : BIOS.obj (.text:ti_sysbios_family_arm_m3_Hwi_restoreFxn__E)
                  00006a46    00000002     --HOLE-- [fill = 0]
                  00006a48    00000006                   : BIOS.obj (.text:ti_sysbios_gates_GateHwi_leave__E)
                  00006a4e    00000002     --HOLE-- [fill = 0]
                  00006a50    00000006                   : BIOS.obj (.text:ti_sysbios_heaps_HeapMem_isBlocking__E)
                  00006a56    00000002     --HOLE-- [fill = 0]
                  00006a58    00000006                   : BIOS.obj (.text:ti_sysbios_knl_Queue_Instance_init__E)
                  00006a5e    00000002     --HOLE-- [fill = 0]
                  00006a60    00000006                   : BIOS.obj (.text:ti_sysbios_knl_Swi_startup__E)
                  00006a66    00000006     ti.targets.arm.rtsarm.aem4f : System.oem4f (.text:xdc_runtime_System_Module_startup__E)
                  00006a6c    00000004     --HOLE-- [fill = 0]
                  00006a70    00000004     sysbios.aem4f : BIOS.obj (.text:ti_sysbios_family_arm_lm4_Timer_getPeriod__E)
                  00006a74    00000004     --HOLE-- [fill = 0]
                  00006a78    00000004                   : BIOS.obj (.text:ti_sysbios_gates_GateHwi_query__E)
                  00006a7c    00000004     --HOLE-- [fill = 0]
                  00006a80    00000004                   : BIOS.obj (.text:ti_sysbios_gates_GateMutex_query__E)
                  00006a84    00000004     --HOLE-- [fill = 0]
                  00006a88    00000004                   : BIOS.obj (.text:ti_sysbios_knl_Task_startup__E)
                  00006a8c    00000004     --HOLE-- [fill = 0]
                  00006a90    00000002                   : BIOS.obj (.text:ti_sysbios_gates_GateHwi_Instance_init__E)

.const     0    00006a94    0000277d     
                  00006a94    00001fb0     empty_pem4f.oem4f (.const:xdc_runtime_Text_charTab__A)
                  00008a44    00000104     empty_pem4f.oem4f (.const:xdc_runtime_Text_nodeTab__A)
                  00008b48    0000006c     driverlib.lib : sysctl.obj (.const:g_pui32Xtals)
                  00008bb4    00000060     empty_pem4f.oem4f (.const:ti_uia_loggers_LoggerStopMode_Module__FXNS__C)
                  00008c14    00000048     empty_pem4f.oem4f (.const:.string)
                  00008c5c    0000003c     empty_pem4f.oem4f (.const:ti_sysbios_knl_Task_Object__PARAMS__C)
                  00008c98    00000028     empty_pem4f.oem4f (.const:ti_sysbios_heaps_HeapMem_Module__FXNS__C)
                  00008cc0    00000028     empty_pem4f.oem4f (.const:ti_uia_loggers_LoggerStopMode_Object__PARAMS__C)
                  00008ce8    00000028     empty_pem4f.oem4f (.const:xdc_runtime_Startup_sfxnTab__A)
                  00008d10    00000024     empty_pem4f.oem4f (.const:ti_sysbios_gates_GateHwi_Module__FXNS__C)
                  00008d34    00000024     empty_pem4f.oem4f (.const:ti_sysbios_gates_GateMutex_Module__FXNS__C)
                  00008d58    00000024     empty_pem4f.oem4f (.const:ti_sysbios_heaps_HeapMem_Object__PARAMS__C)
                  00008d7c    00000024     empty_pem4f.oem4f (.const:ti_sysbios_knl_Semaphore_Object__PARAMS__C)
                  00008da0    00000020     empty_pem4f.oem4f (.const:ti_sysbios_gates_GateHwi_Object__DESC__C)
                  00008dc0    00000020     empty_pem4f.oem4f (.const:ti_sysbios_gates_GateMutex_Object__DESC__C)
                  00008de0    00000020     empty_pem4f.oem4f (.const:ti_sysbios_heaps_HeapMem_Object__DESC__C)
                  00008e00    00000020     empty_pem4f.oem4f (.const:ti_sysbios_knl_Queue_Object__DESC__C)
                  00008e20    00000020     empty_pem4f.oem4f (.const:ti_sysbios_knl_Semaphore_Object__DESC__C)
                  00008e40    00000020     empty_pem4f.oem4f (.const:ti_sysbios_knl_Task_Object__DESC__C)
                  00008e60    00000020     empty_pem4f.oem4f (.const:ti_uia_loggers_LoggerStopMode_Object__DESC__C)
                  00008e80    00000018     empty_pem4f.oem4f (.const:ti_sysbios_gates_GateHwi_Object__PARAMS__C)
                  00008e98    00000018     empty_pem4f.oem4f (.const:ti_sysbios_gates_GateMutex_Object__PARAMS__C)
                  00008eb0    00000018     empty_pem4f.oem4f (.const:ti_sysbios_knl_Queue_Object__PARAMS__C)
                  00008ec8    00000018     empty_pem4f.oem4f (.const:ti_sysbios_knl_Task_hooks__A)
                  00008ee0    00000014     empty_pem4f.oem4f (.const:xdc_runtime_Startup_firstFxns__A)
                  00008ef4    00000014     empty_pem4f.oem4f (.const:xdc_runtime_Startup_sfxnRts__A)
                  00008f08    00000008     empty_pem4f.oem4f (.const:ti_sysbios_family_arm_m3_Hwi_excHookFuncs__A)
                  00008f10    00000008     empty_pem4f.oem4f (.const:ti_sysbios_knl_Idle_funcList__A)
                  00008f18    00000008     empty_pem4f.oem4f (.const:ti_sysbios_knl_Idle_funcList__C)
                  00008f20    00000008     empty_pem4f.oem4f (.const:ti_sysbios_knl_Task_hooks__C)
                  00008f28    00000008     empty_pem4f.oem4f (.const:xdc_runtime_Startup_firstFxns__C)
                  00008f30    00000008     empty_pem4f.oem4f (.const:xdc_runtime_Startup_lastFxns__C)
                  00008f38    00000004     empty_pem4f.oem4f (.const:ti_catalog_arm_cortexm4_tiva_ce_Boot_A_mustUseEnhancedClockMode__C)
                  00008f3c    00000004     empty_pem4f.oem4f (.const:ti_catalog_arm_cortexm4_tiva_ce_Boot_Module__diagsEnabled__C)
                  00008f40    00000004     empty_pem4f.oem4f (.const:ti_catalog_arm_cortexm4_tiva_ce_Boot_Module__diagsIncluded__C)
                  00008f44    00000004     empty_pem4f.oem4f (.const:ti_catalog_arm_cortexm4_tiva_ce_Boot_Module__diagsMask__C)
                  00008f48    00000004     empty_pem4f.oem4f (.const:ti_sysbios_family_arm_lm4_Timer_enableFunc__C)
                  00008f4c    00000004     empty_pem4f.oem4f (.const:ti_sysbios_family_arm_lm4_Timer_numTimerDevices__C)
                  00008f50    00000004     empty_pem4f.oem4f (.const:ti_sysbios_family_arm_lm4_Timer_startupNeeded__C)
                  00008f54    00000004     empty_pem4f.oem4f (.const:ti_sysbios_family_arm_m3_Hwi_E_NMI__C)
                  00008f58    00000004     empty_pem4f.oem4f (.const:ti_sysbios_family_arm_m3_Hwi_E_busFault__C)
                  00008f5c    00000004     empty_pem4f.oem4f (.const:ti_sysbios_family_arm_m3_Hwi_E_debugMon__C)
                  00008f60    00000004     empty_pem4f.oem4f (.const:ti_sysbios_family_arm_m3_Hwi_E_hardFault__C)
                  00008f64    00000004     empty_pem4f.oem4f (.const:ti_sysbios_family_arm_m3_Hwi_E_memFault__C)
                  00008f68    00000004     empty_pem4f.oem4f (.const:ti_sysbios_family_arm_m3_Hwi_E_noIsr__C)
                  00008f6c    00000004     empty_pem4f.oem4f (.const:ti_sysbios_family_arm_m3_Hwi_E_reserved__C)
                  00008f70    00000004     empty_pem4f.oem4f (.const:ti_sysbios_family_arm_m3_Hwi_E_svCall__C)
                  00008f74    00000004     empty_pem4f.oem4f (.const:ti_sysbios_family_arm_m3_Hwi_E_usageFault__C)
                  00008f78    00000004     empty_pem4f.oem4f (.const:ti_sysbios_family_arm_m3_Hwi_LD_end__C)
                  00008f7c    00000004     empty_pem4f.oem4f (.const:ti_sysbios_family_arm_m3_Hwi_LM_begin__C)
                  00008f80    00000004     empty_pem4f.oem4f (.const:ti_sysbios_family_arm_m3_Hwi_Module__diagsEnabled__C)
                  00008f84    00000004     empty_pem4f.oem4f (.const:ti_sysbios_family_arm_m3_Hwi_Module__diagsIncluded__C)
                  00008f88    00000004     empty_pem4f.oem4f (.const:ti_sysbios_family_arm_m3_Hwi_Module__diagsMask__C)
                  00008f8c    00000004     empty_pem4f.oem4f (.const:ti_sysbios_family_arm_m3_Hwi_Module__loggerFxn1__C)
                  00008f90    00000004     empty_pem4f.oem4f (.const:ti_sysbios_family_arm_m3_Hwi_Module__loggerFxn8__C)
                  00008f94    00000004     empty_pem4f.oem4f (.const:ti_sysbios_family_arm_m3_Hwi_Module__loggerObj__C)
                  00008f98    00000004     empty_pem4f.oem4f (.const:ti_sysbios_family_arm_m3_Hwi_NUM_INTERRUPTS__C)
                  00008f9c    00000004     empty_pem4f.oem4f (.const:ti_sysbios_family_arm_m3_Hwi_Object__count__C)
                  00008fa0    00000004     empty_pem4f.oem4f (.const:ti_sysbios_family_arm_m3_Hwi_ccr__C)
                  00008fa4    00000004     empty_pem4f.oem4f (.const:ti_sysbios_family_arm_m3_Hwi_excHandlerFunc__C)
                  00008fa8    00000004     empty_pem4f.oem4f (.const:ti_sysbios_family_arm_m3_Hwi_excHookFuncs__C)
                  00008fac    00000004     empty_pem4f.oem4f (.const:ti_sysbios_family_arm_m3_Hwi_nullIsrFunc__C)
                  00008fb0    00000004     empty_pem4f.oem4f (.const:ti_sysbios_family_arm_m3_Hwi_priGroup__C)
                  00008fb4    00000004     empty_pem4f.oem4f (.const:ti_sysbios_family_arm_m3_TaskSupport_stackAlignment__C)
                  00008fb8    00000004     empty_pem4f.oem4f (.const:ti_sysbios_gates_GateMutex_A_badContext__C)
                  00008fbc    00000004     empty_pem4f.oem4f (.const:ti_sysbios_gates_GateMutex_Instance_State_sem__O)
                  00008fc0    00000004     empty_pem4f.oem4f (.const:ti_sysbios_gates_GateMutex_Module__diagsEnabled__C)
                  00008fc4    00000004     empty_pem4f.oem4f (.const:ti_sysbios_gates_GateMutex_Module__diagsIncluded__C)
                  00008fc8    00000004     empty_pem4f.oem4f (.const:ti_sysbios_gates_GateMutex_Module__diagsMask__C)
                  00008fcc    00000004     empty_pem4f.oem4f (.const:ti_sysbios_hal_Hwi_E_stackOverflow__C)
                  00008fd0    00000004     empty_pem4f.oem4f (.const:ti_sysbios_heaps_HeapMem_A_align__C)
                  00008fd4    00000004     empty_pem4f.oem4f (.const:ti_sysbios_heaps_HeapMem_A_heapSize__C)
                  00008fd8    00000004     empty_pem4f.oem4f (.const:ti_sysbios_heaps_HeapMem_A_invalidFree__C)
                  00008fdc    00000004     empty_pem4f.oem4f (.const:ti_sysbios_heaps_HeapMem_A_zeroBlock__C)
                  00008fe0    00000004     empty_pem4f.oem4f (.const:ti_sysbios_heaps_HeapMem_E_memory__C)
                  00008fe4    00000004     empty_pem4f.oem4f (.const:ti_sysbios_heaps_HeapMem_Module__diagsEnabled__C)
                  00008fe8    00000004     empty_pem4f.oem4f (.const:ti_sysbios_heaps_HeapMem_Module__diagsIncluded__C)
                  00008fec    00000004     empty_pem4f.oem4f (.const:ti_sysbios_heaps_HeapMem_Module__diagsMask__C)
                  00008ff0    00000004     empty_pem4f.oem4f (.const:ti_sysbios_heaps_HeapMem_Module__gateObj__C)
                  00008ff4    00000004     empty_pem4f.oem4f (.const:ti_sysbios_heaps_HeapMem_Object__count__C)
                  00008ff8    00000004     empty_pem4f.oem4f (.const:ti_sysbios_heaps_HeapMem_reqAlign__C)
                  00008ffc    00000004     empty_pem4f.oem4f (.const:ti_sysbios_knl_Clock_LM_begin__C)
                  00009000    00000004     empty_pem4f.oem4f (.const:ti_sysbios_knl_Clock_LM_tick__C)
                  00009004    00000004     empty_pem4f.oem4f (.const:ti_sysbios_knl_Clock_LW_delayed__C)
                  00009008    00000004     empty_pem4f.oem4f (.const:ti_sysbios_knl_Clock_Module_State_clockQ__O)
                  0000900c    00000004     empty_pem4f.oem4f (.const:ti_sysbios_knl_Clock_Module__diagsEnabled__C)
                  00009010    00000004     empty_pem4f.oem4f (.const:ti_sysbios_knl_Clock_Module__diagsIncluded__C)
                  00009014    00000004     empty_pem4f.oem4f (.const:ti_sysbios_knl_Clock_Module__diagsMask__C)
                  00009018    00000004     empty_pem4f.oem4f (.const:ti_sysbios_knl_Clock_Module__loggerFxn1__C)
                  0000901c    00000004     empty_pem4f.oem4f (.const:ti_sysbios_knl_Clock_Module__loggerFxn2__C)
                  00009020    00000004     empty_pem4f.oem4f (.const:ti_sysbios_knl_Clock_Module__loggerObj__C)
                  00009024    00000004     empty_pem4f.oem4f (.const:ti_sysbios_knl_Semaphore_A_badContext__C)
                  00009028    00000004     empty_pem4f.oem4f (.const:ti_sysbios_knl_Semaphore_A_noEvents__C)
                  0000902c    00000004     empty_pem4f.oem4f (.const:ti_sysbios_knl_Semaphore_A_overflow__C)
                  00009030    00000004     empty_pem4f.oem4f (.const:ti_sysbios_knl_Semaphore_A_pendTaskDisabled__C)
                  00009034    00000004     empty_pem4f.oem4f (.const:ti_sysbios_knl_Semaphore_Instance_State_pendQ__O)
                  00009038    00000004     empty_pem4f.oem4f (.const:ti_sysbios_knl_Semaphore_LM_pend__C)
                  0000903c    00000004     empty_pem4f.oem4f (.const:ti_sysbios_knl_Semaphore_LM_post__C)
                  00009040    00000004     empty_pem4f.oem4f (.const:ti_sysbios_knl_Semaphore_Module__diagsEnabled__C)
                  00009044    00000004     empty_pem4f.oem4f (.const:ti_sysbios_knl_Semaphore_Module__diagsIncluded__C)
                  00009048    00000004     empty_pem4f.oem4f (.const:ti_sysbios_knl_Semaphore_Module__diagsMask__C)
                  0000904c    00000004     empty_pem4f.oem4f (.const:ti_sysbios_knl_Semaphore_Module__loggerFxn2__C)
                  00009050    00000004     empty_pem4f.oem4f (.const:ti_sysbios_knl_Semaphore_Module__loggerFxn4__C)
                  00009054    00000004     empty_pem4f.oem4f (.const:ti_sysbios_knl_Semaphore_Module__loggerObj__C)
                  00009058    00000004     empty_pem4f.oem4f (.const:ti_sysbios_knl_Swi_LD_end__C)
                  0000905c    00000004     empty_pem4f.oem4f (.const:ti_sysbios_knl_Swi_LM_begin__C)
                  00009060    00000004     empty_pem4f.oem4f (.const:ti_sysbios_knl_Swi_LM_post__C)
                  00009064    00000004     empty_pem4f.oem4f (.const:ti_sysbios_knl_Swi_Module__diagsEnabled__C)
                  00009068    00000004     empty_pem4f.oem4f (.const:ti_sysbios_knl_Swi_Module__diagsIncluded__C)
                  0000906c    00000004     empty_pem4f.oem4f (.const:ti_sysbios_knl_Swi_Module__diagsMask__C)
                  00009070    00000004     empty_pem4f.oem4f (.const:ti_sysbios_knl_Swi_Module__loggerFxn1__C)
                  00009074    00000004     empty_pem4f.oem4f (.const:ti_sysbios_knl_Swi_Module__loggerFxn4__C)
                  00009078    00000004     empty_pem4f.oem4f (.const:ti_sysbios_knl_Swi_Module__loggerObj__C)
                  0000907c    00000004     empty_pem4f.oem4f (.const:ti_sysbios_knl_Swi_Object__count__C)
                  00009080    00000004     empty_pem4f.oem4f (.const:ti_sysbios_knl_Task_A_badPriority__C)
                  00009084    00000004     empty_pem4f.oem4f (.const:ti_sysbios_knl_Task_A_badTaskState__C)
                  00009088    00000004     empty_pem4f.oem4f (.const:ti_sysbios_knl_Task_A_badThreadType__C)
                  0000908c    00000004     empty_pem4f.oem4f (.const:ti_sysbios_knl_Task_A_noPendElem__C)
                  00009090    00000004     empty_pem4f.oem4f (.const:ti_sysbios_knl_Task_E_spOutOfBounds__C)
                  00009094    00000004     empty_pem4f.oem4f (.const:ti_sysbios_knl_Task_E_stackOverflow__C)
                  00009098    00000004     empty_pem4f.oem4f (.const:ti_sysbios_knl_Task_LD_block__C)
                  0000909c    00000004     empty_pem4f.oem4f (.const:ti_sysbios_knl_Task_LD_exit__C)
                  000090a0    00000004     empty_pem4f.oem4f (.const:ti_sysbios_knl_Task_LD_ready__C)
                  000090a4    00000004     empty_pem4f.oem4f (.const:ti_sysbios_knl_Task_LM_switch__C)
                  000090a8    00000004     empty_pem4f.oem4f (.const:ti_sysbios_knl_Task_Module_State_inactiveQ__O)
                  000090ac    00000004     empty_pem4f.oem4f (.const:ti_sysbios_knl_Task_Module__diagsEnabled__C)
                  000090b0    00000004     empty_pem4f.oem4f (.const:ti_sysbios_knl_Task_Module__diagsIncluded__C)
                  000090b4    00000004     empty_pem4f.oem4f (.const:ti_sysbios_knl_Task_Module__diagsMask__C)
                  000090b8    00000004     empty_pem4f.oem4f (.const:ti_sysbios_knl_Task_Module__loggerFxn2__C)
                  000090bc    00000004     empty_pem4f.oem4f (.const:ti_sysbios_knl_Task_Module__loggerFxn4__C)
                  000090c0    00000004     empty_pem4f.oem4f (.const:ti_sysbios_knl_Task_Module__loggerObj__C)
                  000090c4    00000004     empty_pem4f.oem4f (.const:ti_sysbios_knl_Task_Object__count__C)
                  000090c8    00000004     empty_pem4f.oem4f (.const:ti_sysbios_knl_Task_Object__heap__C)
                  000090cc    00000004     empty_pem4f.oem4f (.const:ti_sysbios_knl_Task_allBlockedFunc__C)
                  000090d0    00000004     empty_pem4f.oem4f (.const:ti_sysbios_knl_Task_defaultStackHeap__C)
                  000090d4    00000004     empty_pem4f.oem4f (.const:ti_sysbios_knl_Task_defaultStackSize__C)
                  000090d8    00000004     empty_pem4f.oem4f (.const:ti_sysbios_knl_Task_numConstructedTasks__C)
                  000090dc    00000004     empty_pem4f.oem4f (.const:ti_sysbios_utils_Load_LS_cpuLoad__C)
                  000090e0    00000004     empty_pem4f.oem4f (.const:ti_sysbios_utils_Load_LS_taskLoad__C)
                  000090e4    00000004     empty_pem4f.oem4f (.const:ti_sysbios_utils_Load_Module_State_taskList__O)
                  000090e8    00000004     empty_pem4f.oem4f (.const:ti_sysbios_utils_Load_Module__diagsEnabled__C)
                  000090ec    00000004     empty_pem4f.oem4f (.const:ti_sysbios_utils_Load_Module__diagsIncluded__C)
                  000090f0    00000004     empty_pem4f.oem4f (.const:ti_sysbios_utils_Load_Module__diagsMask__C)
                  000090f4    00000004     empty_pem4f.oem4f (.const:ti_sysbios_utils_Load_Module__loggerFxn1__C)
                  000090f8    00000004     empty_pem4f.oem4f (.const:ti_sysbios_utils_Load_Module__loggerFxn4__C)
                  000090fc    00000004     empty_pem4f.oem4f (.const:ti_sysbios_utils_Load_Module__loggerObj__C)
                  00009100    00000004     empty_pem4f.oem4f (.const:ti_sysbios_utils_Load_postUpdate__C)
                  00009104    00000004     empty_pem4f.oem4f (.const:ti_sysbios_utils_Load_windowInMs__C)
                  00009108    00000004     empty_pem4f.oem4f (.const:ti_uia_loggers_LoggerStopMode_Module__diagsEnabled__C)
                  0000910c    00000004     empty_pem4f.oem4f (.const:ti_uia_loggers_LoggerStopMode_Module__diagsIncluded__C)
                  00009110    00000004     empty_pem4f.oem4f (.const:ti_uia_loggers_LoggerStopMode_Module__diagsMask__C)
                  00009114    00000004     empty_pem4f.oem4f (.const:ti_uia_loggers_LoggerStopMode_Object__count__C)
                  00009118    00000004     empty_pem4f.oem4f (.const:ti_uia_runtime_ILoggerSnapshot_Interface__BASE__C)
                  0000911c    00000004     empty_pem4f.oem4f (.const:ti_uia_runtime_IUIATransfer_Interface__BASE__C)
                  00009120    00000004     empty_pem4f.oem4f (.const:xdc_runtime_Assert_E_assertFailed__C)
                  00009124    00000004     empty_pem4f.oem4f (.const:xdc_runtime_Core_A_initializedParams__C)
                  00009128    00000004     empty_pem4f.oem4f (.const:xdc_runtime_Core_Module__diagsEnabled__C)
                  0000912c    00000004     empty_pem4f.oem4f (.const:xdc_runtime_Core_Module__diagsIncluded__C)
                  00009130    00000004     empty_pem4f.oem4f (.const:xdc_runtime_Core_Module__diagsMask__C)
                  00009134    00000004     empty_pem4f.oem4f (.const:xdc_runtime_Error_E_memory__C)
                  00009138    00000004     empty_pem4f.oem4f (.const:xdc_runtime_Error_Module__diagsEnabled__C)
                  0000913c    00000004     empty_pem4f.oem4f (.const:xdc_runtime_Error_Module__diagsIncluded__C)
                  00009140    00000004     empty_pem4f.oem4f (.const:xdc_runtime_Error_Module__diagsMask__C)
                  00009144    00000004     empty_pem4f.oem4f (.const:xdc_runtime_Error_Module__loggerFxn8__C)
                  00009148    00000004     empty_pem4f.oem4f (.const:xdc_runtime_Error_Module__loggerObj__C)
                  0000914c    00000004     empty_pem4f.oem4f (.const:xdc_runtime_Error_policyFxn__C)
                  00009150    00000004     empty_pem4f.oem4f (.const:xdc_runtime_Error_raiseHook__C)
                  00009154    00000004     empty_pem4f.oem4f (.const:xdc_runtime_IFilterLogger_Interface__BASE__C)
                  00009158    00000004     empty_pem4f.oem4f (.const:xdc_runtime_IGateProvider_Interface__BASE__C)
                  0000915c    00000004     empty_pem4f.oem4f (.const:xdc_runtime_IHeap_Interface__BASE__C)
                  00009160    00000004     empty_pem4f.oem4f (.const:xdc_runtime_ILogger_Interface__BASE__C)
                  00009164    00000004     empty_pem4f.oem4f (.const:xdc_runtime_IModule_Interface__BASE__C)
                  00009168    00000004     empty_pem4f.oem4f (.const:xdc_runtime_Log_L_error__C)
                  0000916c    00000004     empty_pem4f.oem4f (.const:xdc_runtime_Log_L_info__C)
                  00009170    00000004     empty_pem4f.oem4f (.const:xdc_runtime_Main_Module__diagsEnabled__C)
                  00009174    00000004     empty_pem4f.oem4f (.const:xdc_runtime_Main_Module__diagsIncluded__C)
                  00009178    00000004     empty_pem4f.oem4f (.const:xdc_runtime_Main_Module__diagsMask__C)
                  0000917c    00000004     empty_pem4f.oem4f (.const:xdc_runtime_Main_Module__loggerFxn4__C)
                  00009180    00000004     empty_pem4f.oem4f (.const:xdc_runtime_Main_Module__loggerObj__C)
                  00009184    00000004     empty_pem4f.oem4f (.const:xdc_runtime_Memory_defaultHeapInstance__C)
                  00009188    00000004     empty_pem4f.oem4f (.const:xdc_runtime_Startup_execImpl__C)
                  0000918c    00000004     empty_pem4f.oem4f (.const:xdc_runtime_Startup_lastFxns__A)
                  00009190    00000004     empty_pem4f.oem4f (.const:xdc_runtime_Startup_maxPasses__C)
                  00009194    00000004     empty_pem4f.oem4f (.const:xdc_runtime_Startup_sfxnRts__C)
                  00009198    00000004     empty_pem4f.oem4f (.const:xdc_runtime_Startup_sfxnTab__C)
                  0000919c    00000004     empty_pem4f.oem4f (.const:xdc_runtime_SysMin_bufSize__C)
                  000091a0    00000004     empty_pem4f.oem4f (.const:xdc_runtime_SysMin_outputFunc__C)
                  000091a4    00000004     empty_pem4f.oem4f (.const:xdc_runtime_System_Module__gateObj__C)
                  000091a8    00000004     empty_pem4f.oem4f (.const:xdc_runtime_System_abortFxn__C)
                  000091ac    00000004     empty_pem4f.oem4f (.const:xdc_runtime_System_exitFxn__C)
                  000091b0    00000004     empty_pem4f.oem4f (.const:xdc_runtime_System_extendFxn__C)
                  000091b4    00000004     empty_pem4f.oem4f (.const:xdc_runtime_System_maxAtexitHandlers__C)
                  000091b8    00000004     empty_pem4f.oem4f (.const:xdc_runtime_Text_charTab__C)
                  000091bc    00000004     empty_pem4f.oem4f (.const:xdc_runtime_Text_nameEmpty__C)
                  000091c0    00000004     empty_pem4f.oem4f (.const:xdc_runtime_Text_nameStatic__C)
                  000091c4    00000004     empty_pem4f.oem4f (.const:xdc_runtime_Text_nameUnknown__C)
                  000091c8    00000004     empty_pem4f.oem4f (.const:xdc_runtime_Text_nodeTab__C)
                  000091cc    00000004     empty_pem4f.oem4f (.const:xdc_runtime_Text_visitRopeFxn__C)
                  000091d0    00000002     empty_pem4f.oem4f (.const:ti_catalog_arm_cortexm4_tiva_ce_Boot_Module__id__C)
                  000091d2    00000002     empty_pem4f.oem4f (.const:ti_sysbios_family_arm_lm4_TimestampProvider_useClockTimer__C)
                  000091d4    00000002     empty_pem4f.oem4f (.const:ti_sysbios_family_arm_m3_Hwi_Module__id__C)
                  000091d6    00000002     empty_pem4f.oem4f (.const:ti_sysbios_family_arm_m3_Hwi_Module__loggerDefined__C)
                  000091d8    00000002     empty_pem4f.oem4f (.const:ti_sysbios_gates_GateMutex_Module__id__C)
                  000091da    00000002     empty_pem4f.oem4f (.const:ti_sysbios_hal_Hwi_Module__id__C)
                  000091dc    00000002     empty_pem4f.oem4f (.const:ti_sysbios_heaps_HeapMem_Module__id__C)
                  000091de    00000002     empty_pem4f.oem4f (.const:ti_sysbios_knl_Clock_Module__id__C)
                  000091e0    00000002     empty_pem4f.oem4f (.const:ti_sysbios_knl_Clock_Module__loggerDefined__C)
                  000091e2    00000002     empty_pem4f.oem4f (.const:ti_sysbios_knl_Semaphore_Module__id__C)
                  000091e4    00000002     empty_pem4f.oem4f (.const:ti_sysbios_knl_Semaphore_Module__loggerDefined__C)
                  000091e6    00000002     empty_pem4f.oem4f (.const:ti_sysbios_knl_Swi_Module__id__C)
                  000091e8    00000002     empty_pem4f.oem4f (.const:ti_sysbios_knl_Swi_Module__loggerDefined__C)
                  000091ea    00000002     empty_pem4f.oem4f (.const:ti_sysbios_knl_Task_Module__id__C)
                  000091ec    00000002     empty_pem4f.oem4f (.const:ti_sysbios_knl_Task_Module__loggerDefined__C)
                  000091ee    00000002     empty_pem4f.oem4f (.const:ti_sysbios_utils_Load_Module__id__C)
                  000091f0    00000002     empty_pem4f.oem4f (.const:ti_sysbios_utils_Load_Module__loggerDefined__C)
                  000091f2    00000002     empty_pem4f.oem4f (.const:ti_sysbios_utils_Load_autoAddTasks__C)
                  000091f4    00000002     empty_pem4f.oem4f (.const:ti_sysbios_utils_Load_updateInIdle__C)
                  000091f6    00000002     empty_pem4f.oem4f (.const:ti_uia_loggers_LoggerStopMode_Module__id__C)
                  000091f8    00000002     empty_pem4f.oem4f (.const:ti_uia_loggers_LoggerStopMode_isTimestampEnabled__C)
                  000091fa    00000002     empty_pem4f.oem4f (.const:xdc_runtime_Core_Module__id__C)
                  000091fc    00000002     empty_pem4f.oem4f (.const:xdc_runtime_Error_Module__loggerDefined__C)
                  000091fe    00000002     empty_pem4f.oem4f (.const:xdc_runtime_Error_maxDepth__C)
                  00009200    00000002     empty_pem4f.oem4f (.const:xdc_runtime_Main_Module__id__C)
                  00009202    00000002     empty_pem4f.oem4f (.const:xdc_runtime_Main_Module__loggerDefined__C)
                  00009204    00000002     empty_pem4f.oem4f (.const:xdc_runtime_Memory_Module__id__C)
                  00009206    00000002     empty_pem4f.oem4f (.const:xdc_runtime_SysMin_flushAtExit__C)
                  00009208    00000002     empty_pem4f.oem4f (.const:xdc_runtime_Text_charCnt__C)
                  0000920a    00000002     empty_pem4f.oem4f (.const:xdc_runtime_Text_isLoaded__C)
                  0000920c    00000002     empty_pem4f.oem4f (.const:xdc_runtime_Text_registryModsLastId__C)
                  0000920e    00000002     empty_pem4f.oem4f (.const:xdc_runtime_Text_unnamedModsLastId__C)
                  00009210    00000001     empty_pem4f.oem4f (.const:xdc_runtime_Error_policy__C)

.cinit     0    00009218    00000278     
                  00009218    00000242     (.cinit..data.load) [load image, compression = lzss]
                  0000945a    00000002     --HOLE-- [fill = 0]
                  0000945c    0000000c     (__TI_handler_table)
                  00009468    00000008     (.cinit..bss.load) [load image, compression = zero_init]
                  00009470    00000008     (.cinit..vecs.load) [load image, compression = zero_init]
                  00009478    00000018     (__TI_cinit_table)

.vecs      0    20000000    00000360     UNINITIALIZED
                  20000000    00000360     empty_pem4f.oem4f (.vecs)

.bss       0    20000380    00002c30     UNINITIALIZED
                  20000380    00001000     (.common:ti_sysbios_heaps_HeapMem_Instance_State_0_buf__A)
                  20001380    00000800     empty_pem4f.oem4f (.bss:taskStackSection)
                  20001b80    00000400     (.common:ti_uia_loggers_LoggerStopMode_Instance_State_1_packetArray__A)
                  20001f80    00000400     (.common:ti_uia_loggers_LoggerStopMode_Instance_State_2_packetArray__A)
                  20002380    00000400     (.common:xdc_runtime_SysMin_Module_State_0_outbuf__A)
                  20002780    00000360     (.common:ti_sysbios_family_arm_m3_Hwi_dispatchTable)
                  20002ae0    00000008     (.common:parmbuf)
                  20002ae8    00000004     (.common:LEDSem)
                  20002aec    00000004     (.common:LedToggleTask)
                  20002af0    00000004     (.common:ti_sysbios_knl_Task_Instance_State_0_hookEnv__A)
                  20002af4    0000000c     --HOLE--
                  20002b00    00000200     (.common:ti_uia_loggers_LoggerStopMode_Instance_State_0_packetArray__A)
                  20002d00    00000120     rtsv7M4_T_le_v4SPD16_eabi.lib : trgmsg.obj (.bss:_CIOBUF_)
                  20002e20    00000060     --HOLE--
                  20002e80    00000030     (.common:ti_uia_loggers_LoggerStopMode_Instance_State_0_hdr__A)
                  20002eb0    00000050     --HOLE--
                  20002f00    00000030     (.common:ti_uia_loggers_LoggerStopMode_Instance_State_1_hdr__A)
                  20002f30    00000050     --HOLE--
                  20002f80    00000030     (.common:ti_uia_loggers_LoggerStopMode_Instance_State_2_hdr__A)

.data      0    20002fb0    000005f8     UNINITIALIZED
                  20002fb0    0000009c     empty_pem4f.oem4f (.data:ti_uia_loggers_LoggerStopMode_Object__table__V)
                  2000304c    00000098     empty_pem4f.oem4f (.data:ti_sysbios_utils_Load_Module__state__V)
                  200030e4    00000080     empty_pem4f.oem4f (.data:ti_sysbios_family_arm_lm4_Timer_Object__table__V)
                  20003164    00000080     empty_pem4f.oem4f (.data:ti_sysbios_knl_Swi_Module_State_0_readyQ__A)
                  200031e4    00000080     empty_pem4f.oem4f (.data:ti_sysbios_knl_Task_Module_State_0_readyQ__A)
                  20003264    00000050     empty_pem4f.oem4f (.data:ti_sysbios_knl_Task_Object__table__V)
                  200032b4    00000048     empty_pem4f.oem4f (.data:ti_sysbios_family_arm_m3_Hwi_Object__table__V)
                  200032fc    00000044     empty_pem4f.oem4f (.data:ti_sysbios_knl_Task_Module__state__V)
                  20003340    00000038     empty_pem4f.oem4f (.data:ti_sysbios_gates_GateMutex_Object__table__V)
                  20003378    00000034     empty_pem4f.oem4f (.data:ti_sysbios_family_arm_m3_Hwi_Module__state__V)
                  200033ac    00000030     empty_pem4f.oem4f (.data:ti_sysbios_family_arm_lm4_Timer_Module_State_0_device__A)
                  200033dc    00000030     empty_pem4f.oem4f (.data:ti_sysbios_knl_Swi_Object__table__V)
                  2000340c    0000002c     empty_pem4f.oem4f (.data:ti_sysbios_knl_Clock_Module__state__V)
                  20003438    00000024     empty_pem4f.oem4f (.data:ti_sysbios_BIOS_Module__state__V)
                  2000345c    00000020     empty_pem4f.oem4f (.data:xdc_runtime_System_Module_State_0_atexitHandlers__A)
                  2000347c    0000001c     empty_pem4f.oem4f (.data:ti_sysbios_knl_Swi_Module__state__V)
                  20003498    0000001c     empty_pem4f.oem4f (.data:ti_sysbios_utils_Load_Module_State_0_taskEnv__A)
                  200034b4    00000018     empty_pem4f.oem4f (.data:ti_sysbios_family_arm_lm4_Timer_Module_State_0_handles__A)
                  200034cc    00000018     empty_pem4f.oem4f (.data:ti_sysbios_heaps_HeapMem_Object__table__V)
                  200034e4    0000000c     rtsv7M4_T_le_v4SPD16_eabi.lib : exit.obj (.data:$O1$$)
                  200034f0    0000000c     empty_pem4f.oem4f (.data:ti_sysbios_family_arm_lm4_Timer_Module__state__V)
                  200034fc    0000000c     empty_pem4f.oem4f (.data:ti_sysbios_knl_Task_Module__root__V)
                  20003508    0000000c     empty_pem4f.oem4f (.data:ti_uia_runtime_QueueDescriptor_Module__state__V)
                  20003514    0000000c     empty_pem4f.oem4f (.data:xdc_runtime_SysMin_Module__state__V)
                  20003520    00000008     rtsv7M4_T_le_v4SPD16_eabi.lib : _lock.obj (.data:$O1$$)
                  20003528    00000008     ti.uia.runtime.aem4f : QueueDescriptor.oem4f (.data)
                  20003530    00000008     empty_pem4f.oem4f (.data:ti_sysbios_family_arm_lm4_TimestampProvider_Module__state__V)
                  20003538    00000008     empty_pem4f.oem4f (.data:ti_sysbios_gates_GateHwi_Module__root__V)
                  20003540    00000008     empty_pem4f.oem4f (.data:ti_sysbios_gates_GateMutex_Module__root__V)
                  20003548    00000008     empty_pem4f.oem4f (.data:ti_sysbios_heaps_HeapMem_Module__root__V)
                  20003550    00000008     empty_pem4f.oem4f (.data:ti_sysbios_knl_Queue_Module__root__V)
                  20003558    00000008     empty_pem4f.oem4f (.data:ti_sysbios_knl_Semaphore_Module__root__V)
                  20003560    00000008     empty_pem4f.oem4f (.data:ti_uia_loggers_LoggerStopMode_Module__root__V)
                  20003568    00000008     empty_pem4f.oem4f (.data:xdc_runtime_Registry_Module__state__V)
                  20003570    00000008     empty_pem4f.oem4f (.data:xdc_runtime_Startup_Module__state__V)
                  20003578    00000008     empty_pem4f.oem4f (.data:xdc_runtime_System_Module__state__V)
                  20003580    00000004     rtsv7M4_T_le_v4SPD16_eabi.lib : stkdepth_vars.obj (.data)
                  20003584    00000004     empty_pem4f.oem4f (.data:ti_sysbios_family_arm_m3_Hwi_Module_State_0_excContext__A)
                  20003588    00000004     empty_pem4f.oem4f (.data:ti_sysbios_family_arm_m3_Hwi_Module_State_0_excStack__A)
                  2000358c    00000004     empty_pem4f.oem4f (.data:ti_sysbios_gates_GateHwi_Object__table__V)
                  20003590    00000004     empty_pem4f.oem4f (.data:ti_sysbios_knl_Task_Module_State_0_idleTask__A)
                  20003594    00000004     empty_pem4f.oem4f (.data:ti_sysbios_utils_Load_Module_State_0_runningTask__A)
                  20003598    00000004     empty_pem4f.oem4f (.data:ti_sysbios_utils_Load_Module_State_0_taskStartTime__A)
                  2000359c    00000004     empty_pem4f.oem4f (.data:xdc_runtime_Memory_Module__state__V)
                  200035a0    00000002     main.obj (.data)
                  200035a2    00000002     empty_pem4f.oem4f (.data:ti_sysbios_family_arm_m3_Hwi_Module_State_0_excActive__A)
                  200035a4    00000002     empty_pem4f.oem4f (.data:xdc_runtime_Error_Module__state__V)
                  200035a6    00000002     empty_pem4f.oem4f (.data:xdc_runtime_Main_Module__root__V)

.stack     0    200035a8    00000400     UNINITIALIZED
                  200035a8    00000400     --HOLE--

.bootVecs 
*          0    00000000    00000008     DSECT
                  00000000    00000008     boot.aem4f : boot.oem4f (.bootVecs)

xdc.meta   0    00000000    000000cf     COPY SECTION
                  00000000    000000cf     empty_pem4f.oem4f (xdc.meta)

MODULE SUMMARY

       Module                     code    ro data   rw data
       ------                     ----    -------   -------
    .\
       main.obj                   446     0         10     
    +--+--------------------------+-------+---------+---------+
       Total:                     446     0         10     
                                                           
    C:\ccs7\blink_TM4C_MEM\Debug\configPkg\package\cfg\
       empty_pem4f.oem4f          3240    10061     13098  
    +--+--------------------------+-------+---------+---------+
       Total:                     3240    10061     13098  
                                                           
    C:/ti/tirtos_tivac_2_16_01_14/products/TivaWare_C_Series-2.1.1.71b/driverlib/ccs/Debug/driverlib.lib
       sysctl.obj                 566     108       0      
       gpio.obj                   382     0         0      
       timer.obj                  140     0         0      
    +--+--------------------------+-------+---------+---------+
       Total:                     1088    108       0      
                                                           
    C:\ccs7\blink_TM4C_MEM\src\sysbios\sysbios.aem4f
       BIOS.obj                   15410   0         0      
       m3_Hwi_asm.obj             314     0         0      
       m3_TaskSupport_asm.obj     180     0         0      
       m3_Hwi_asm_switch.obj      118     0         0      
    +--+--------------------------+-------+---------+---------+
       Total:                     16022   0         0      
                                                           
    C:\ti\ccsv7\tools\compiler\ti-cgt-arm_16.9.6.LTS\lib\rtsv7M4_T_le_v4SPD16_eabi.lib
       trgmsg.obj                 104     0         288    
       memcpy_t2.obj              156     0         0      
       memset_t2.obj              122     0         0      
       copy_decompress_lzss.obj   104     0         0      
       exit.obj                   84      0         12     
       hostwrite.obj              88      0         0      
       cpy_tbl.obj                76      0         0      
       u_divt2.obj                64      0         0      
       _lock.obj                  20      0         8      
       args_main.obj              24      0         0      
       strlen.obj                 20      0         0      
       copy_decompress_none.obj   14      0         0      
       copy_zero_init.obj         12      0         0      
       hostopen.obj               0       0         8      
       stkdepth_vars.obj          0       0         4      
       i_div0.obj                 2       0         0      
    +--+--------------------------+-------+---------+---------+
       Total:                     890     0         320    
                                                           
    C:\ti\tirtos_tivac_2_16_01_14\products\bios_6_45_02_31\packages\ti\catalog\arm\cortexm4\tiva\ce\lib\Boot.aem4f
       Boot_sysctl.oem4f          262     0         0      
       Boot.oem4f                 152     0         0      
    +--+--------------------------+-------+---------+---------+
       Total:                     414     0         0      
                                                           
    C:\ti\tirtos_tivac_2_16_01_14\products\bios_6_45_02_31\packages\ti\targets\arm\rtsarm\lib\auto_init.aem4f
       auto_init.oem4f            160     0         0      
    +--+--------------------------+-------+---------+---------+
       Total:                     160     0         0      
                                                           
    C:\ti\tirtos_tivac_2_16_01_14\products\bios_6_45_02_31\packages\ti\targets\arm\rtsarm\lib\boot.aem4f
       boot.oem4f                 88      0         0      
    +--+--------------------------+-------+---------+---------+
       Total:                     88      0         0      
                                                           
    C:\ti\tirtos_tivac_2_16_01_14\products\bios_6_45_02_31\packages\ti\targets\arm\rtsarm\lib\ti.targets.arm.rtsarm.aem4f
       System.oem4f               1255    0         0      
       Text.oem4f                 672     0         0      
       Error.oem4f                524     0         0      
       Core-mem.oem4f             358     0         0      
       Startup.oem4f              328     0         0      
       SysMin.oem4f               248     0         0      
       Core-smem.oem4f            204     0         0      
       Memory.oem4f               176     0         0      
       Assert.oem4f               84      0         0      
       Core-params.oem4f          70      0         0      
       Core-label.oem4f           52      0         0      
       Registry.oem4f             32      0         0      
       Gate.oem4f                 28      0         0      
    +--+--------------------------+-------+---------+---------+
       Total:                     4031    0         0      
                                                           
    C:\ti\tirtos_tivac_2_16_01_14\products\uia_2_00_05_50\packages\ti\uia\loggers\lib\release\ti.uia.loggers.aem4f
       LoggerStopMode.oem4f       552     0         0      
    +--+--------------------------+-------+---------+---------+
       Total:                     552     0         0      
                                                           
    C:\ti\tirtos_tivac_2_16_01_14\products\uia_2_00_05_50\packages\ti\uia\runtime\lib\release\ti.uia.runtime.aem4f
       QueueDescriptor.oem4f      116     0         8      
    +--+--------------------------+-------+---------+---------+
       Total:                     116     0         8      
                                                           
       Stack:                     0       0         1024   
       Linker Generated:          0       630       0      
    +--+--------------------------+-------+---------+---------+
       Grand Total:               27047   10799     14460  


LINKER GENERATED COPY TABLES

__TI_cinit_table @ 00009478 records: 3, size/record: 8, table size: 24
	.data: load addr=00009218, load size=00000242 bytes, run addr=20002fb0, run size=000005f8 bytes, compression=lzss
	.bss: load addr=00009468, load size=00000008 bytes, run addr=20000380, run size=00002c30 bytes, compression=zero_init
	.vecs: load addr=00009470, load size=00000008 bytes, run addr=20000000, run size=00000360 bytes, compression=zero_init


LINKER GENERATED HANDLER TABLE

__TI_handler_table @ 0000945c records: 3, size/record: 4, table size: 12
	index: 0, handler: __TI_decompress_lzss
	index: 1, handler: __TI_decompress_none
	index: 2, handler: __TI_zero_init


GLOBAL SYMBOLS: SORTED ALPHABETICALLY BY Name 

address   name                                                              
-------   ----                                                              
00005335  C$$EXIT                                                           
00004d5b  C$$IO$$                                                           
00006059  GPIODirModeSet                                                    
00002321  GPIOPadConfigSet                                                  
00004aa3  GPIOPinRead                                                       
000065d3  GPIOPinTypeGPIOOutput                                             
00005dbb  GPIOPinWrite                                                      
00005285  HOSTwrite                                                         
[...]
00008f9c  ti_sysbios_family_arm_m3_Hwi_Object__count__C                     
00008fa0  ti_sysbios_family_arm_m3_Hwi_ccr__C                               
00008fa4  ti_sysbios_family_arm_m3_Hwi_excHandlerFunc__C                    
00008fa8  ti_sysbios_family_arm_m3_Hwi_excHookFuncs__C                      
00008fac  ti_sysbios_family_arm_m3_Hwi_nullIsrFunc__C                       
00008fb0  ti_sysbios_family_arm_m3_Hwi_priGroup__C                          
00008fb4  ti_sysbios_family_arm_m3_TaskSupport_stackAlignment__C            
00008fb8  ti_sysbios_gates_GateMutex_A_badContext__C                        
00008fbc  ti_sysbios_gates_GateMutex_Instance_State_sem__O                  
00008fc0  ti_sysbios_gates_GateMutex_Module__diagsEnabled__C                
00008fc4  ti_sysbios_gates_GateMutex_Module__diagsIncluded__C               
00008fc8  ti_sysbios_gates_GateMutex_Module__diagsMask__C                   
00008fcc  ti_sysbios_hal_Hwi_E_stackOverflow__C                             
00008fd0  ti_sysbios_heaps_HeapMem_A_align__C                               
00008fd4  ti_sysbios_heaps_HeapMem_A_heapSize__C                            
00008fd8  ti_sysbios_heaps_HeapMem_A_invalidFree__C                         
00008fdc  ti_sysbios_heaps_HeapMem_A_zeroBlock__C                           
00008fe0  ti_sysbios_heaps_HeapMem_E_memory__C                              
00008fe4  ti_sysbios_heaps_HeapMem_Module__diagsEnabled__C                  
00008fe8  ti_sysbios_heaps_HeapMem_Module__diagsIncluded__C                 
00008fec  ti_sysbios_heaps_HeapMem_Module__diagsMask__C                     
00008ff0  ti_sysbios_heaps_HeapMem_Module__gateObj__C                       
00008ff4  ti_sysbios_heaps_HeapMem_Object__count__C                         
00008ff8  ti_sysbios_heaps_HeapMem_reqAlign__C                              
00008ffc  ti_sysbios_knl_Clock_LM_begin__C                                  
00009000  ti_sysbios_knl_Clock_LM_tick__C                                   
00009004  ti_sysbios_knl_Clock_LW_delayed__C                                
00009008  ti_sysbios_knl_Clock_Module_State_clockQ__O                       
0000900c  ti_sysbios_knl_Clock_Module__diagsEnabled__C                      
00009010  ti_sysbios_knl_Clock_Module__diagsIncluded__C                     
00009014  ti_sysbios_knl_Clock_Module__diagsMask__C                         
00009018  ti_sysbios_knl_Clock_Module__loggerFxn1__C                        
0000901c  ti_sysbios_knl_Clock_Module__loggerFxn2__C                        
00009020  ti_sysbios_knl_Clock_Module__loggerObj__C                         
00009024  ti_sysbios_knl_Semaphore_A_badContext__C                          
00009028  ti_sysbios_knl_Semaphore_A_noEvents__C                            
0000902c  ti_sysbios_knl_Semaphore_A_overflow__C                            
00009030  ti_sysbios_knl_Semaphore_A_pendTaskDisabled__C                    
00009034  ti_sysbios_knl_Semaphore_Instance_State_pendQ__O                  
00009038  ti_sysbios_knl_Semaphore_LM_pend__C                               
0000903c  ti_sysbios_knl_Semaphore_LM_post__C                               
00009040  ti_sysbios_knl_Semaphore_Module__diagsEnabled__C                  
00009044  ti_sysbios_knl_Semaphore_Module__diagsIncluded__C                 
00009048  ti_sysbios_knl_Semaphore_Module__diagsMask__C                     
0000904c  ti_sysbios_knl_Semaphore_Module__loggerFxn2__C                    
00009050  ti_sysbios_knl_Semaphore_Module__loggerFxn4__C                    
00009054  ti_sysbios_knl_Semaphore_Module__loggerObj__C                     
00009058  ti_sysbios_knl_Swi_LD_end__C                                      
0000905c  ti_sysbios_knl_Swi_LM_begin__C                                    
00009060  ti_sysbios_knl_Swi_LM_post__C                                     
00009064  ti_sysbios_knl_Swi_Module__diagsEnabled__C                        
00009068  ti_sysbios_knl_Swi_Module__diagsIncluded__C                       
0000906c  ti_sysbios_knl_Swi_Module__diagsMask__C                           
00009070  ti_sysbios_knl_Swi_Module__loggerFxn1__C                          
00009074  ti_sysbios_knl_Swi_Module__loggerFxn4__C                          
00009078  ti_sysbios_knl_Swi_Module__loggerObj__C                           
0000907c  ti_sysbios_knl_Swi_Object__count__C                               
00009080  ti_sysbios_knl_Task_A_badPriority__C                              
00009084  ti_sysbios_knl_Task_A_badTaskState__C                             
00009088  ti_sysbios_knl_Task_A_badThreadType__C                            
0000908c  ti_sysbios_knl_Task_A_noPendElem__C                               
00009090  ti_sysbios_knl_Task_E_spOutOfBounds__C                            
00009094  ti_sysbios_knl_Task_E_stackOverflow__C                            
00009098  ti_sysbios_knl_Task_LD_block__C                                   
0000909c  ti_sysbios_knl_Task_LD_exit__C                                    
000090a0  ti_sysbios_knl_Task_LD_ready__C                                   
000090a4  ti_sysbios_knl_Task_LM_switch__C                                  
000090a8  ti_sysbios_knl_Task_Module_State_inactiveQ__O                     
000090ac  ti_sysbios_knl_Task_Module__diagsEnabled__C                       
000090b0  ti_sysbios_knl_Task_Module__diagsIncluded__C                      
000090b4  ti_sysbios_knl_Task_Module__diagsMask__C                          
000090b8  ti_sysbios_knl_Task_Module__loggerFxn2__C                         
000090bc  ti_sysbios_knl_Task_Module__loggerFxn4__C                         
000090c0  ti_sysbios_knl_Task_Module__loggerObj__C                          
000090c4  ti_sysbios_knl_Task_Object__count__C                              
000090c8  ti_sysbios_knl_Task_Object__heap__C                               
000090cc  ti_sysbios_knl_Task_allBlockedFunc__C                             
000090d0  ti_sysbios_knl_Task_defaultStackHeap__C                           
000090d4  ti_sysbios_knl_Task_defaultStackSize__C                           
000090d8  ti_sysbios_knl_Task_numConstructedTasks__C                        
000090dc  ti_sysbios_utils_Load_LS_cpuLoad__C                               
000090e0  ti_sysbios_utils_Load_LS_taskLoad__C                              
000090e4  ti_sysbios_utils_Load_Module_State_taskList__O                    
000090e8  ti_sysbios_utils_Load_Module__diagsEnabled__C                     
000090ec  ti_sysbios_utils_Load_Module__diagsIncluded__C                    
000090f0  ti_sysbios_utils_Load_Module__diagsMask__C                        
000090f4  ti_sysbios_utils_Load_Module__loggerFxn1__C                       
000090f8  ti_sysbios_utils_Load_Module__loggerFxn4__C                       
000090fc  ti_sysbios_utils_Load_Module__loggerObj__C                        
00009100  ti_sysbios_utils_Load_postUpdate__C                               
00009104  ti_sysbios_utils_Load_windowInMs__C                               
00009108  ti_uia_loggers_LoggerStopMode_Module__diagsEnabled__C             
0000910c  ti_uia_loggers_LoggerStopMode_Module__diagsIncluded__C            
00009110  ti_uia_loggers_LoggerStopMode_Module__diagsMask__C                
00009114  ti_uia_loggers_LoggerStopMode_Object__count__C                    
00009118  ti_uia_runtime_ILoggerSnapshot_Interface__BASE__C                 
0000911c  ti_uia_runtime_IUIATransfer_Interface__BASE__C                    
00009120  xdc_runtime_Assert_E_assertFailed__C                              
00009124  xdc_runtime_Core_A_initializedParams__C                           
00009128  xdc_runtime_Core_Module__diagsEnabled__C                          
0000912c  xdc_runtime_Core_Module__diagsIncluded__C                         
00009130  xdc_runtime_Core_Module__diagsMask__C                             
00009134  xdc_runtime_Error_E_memory__C                                     
00009138  xdc_runtime_Error_Module__diagsEnabled__C                         
0000913c  xdc_runtime_Error_Module__diagsIncluded__C                        
00009140  xdc_runtime_Error_Module__diagsMask__C                            
00009144  xdc_runtime_Error_Module__loggerFxn8__C                           
00009148  xdc_runtime_Error_Module__loggerObj__C                            
0000914c  xdc_runtime_Error_policyFxn__C                                    
00009150  xdc_runtime_Error_raiseHook__C                                    
00009154  xdc_runtime_IFilterLogger_Interface__BASE__C                      
00009158  xdc_runtime_IGateProvider_Interface__BASE__C                      
0000915c  xdc_runtime_IHeap_Interface__BASE__C                              
00009160  xdc_runtime_ILogger_Interface__BASE__C                            
00009164  xdc_runtime_IModule_Interface__BASE__C                            
00009168  xdc_runtime_Log_L_error__C                                        
0000916c  xdc_runtime_Log_L_info__C                                         
00009170  xdc_runtime_Main_Module__diagsEnabled__C                          
00009174  xdc_runtime_Main_Module__diagsIncluded__C                         
00009178  xdc_runtime_Main_Module__diagsMask__C                             
0000917c  xdc_runtime_Main_Module__loggerFxn4__C                            
00009180  xdc_runtime_Main_Module__loggerObj__C                             
00009184  xdc_runtime_Memory_defaultHeapInstance__C                         
00009188  xdc_runtime_Startup_execImpl__C                                   
0000918c  xdc_runtime_Startup_lastFxns__A                                   
00009190  xdc_runtime_Startup_maxPasses__C                                  
00009194  xdc_runtime_Startup_sfxnRts__C                                    
00009198  xdc_runtime_Startup_sfxnTab__C                                    
0000919c  xdc_runtime_SysMin_bufSize__C                                     
000091a0  xdc_runtime_SysMin_outputFunc__C                                  
000091a4  xdc_runtime_System_Module__gateObj__C                             
000091a8  xdc_runtime_System_abortFxn__C                                    
000091ac  xdc_runtime_System_exitFxn__C                                     
000091b0  xdc_runtime_System_extendFxn__C                                   
000091b4  xdc_runtime_System_maxAtexitHandlers__C                           
000091b8  xdc_runtime_Text_charTab__C                                       
000091bc  xdc_runtime_Text_nameEmpty__C                                     
000091c0  xdc_runtime_Text_nameStatic__C                                    
000091c4  xdc_runtime_Text_nameUnknown__C                                   
000091c8  xdc_runtime_Text_nodeTab__C                                       
000091cc  xdc_runtime_Text_visitRopeFxn__C                                  
000091d0  ti_catalog_arm_cortexm4_tiva_ce_Boot_Module__id__C                
000091d2  ti_sysbios_family_arm_lm4_TimestampProvider_useClockTimer__C      
000091d4  ti_sysbios_family_arm_m3_Hwi_Module__id__C                        
000091d6  ti_sysbios_family_arm_m3_Hwi_Module__loggerDefined__C             
000091d8  ti_sysbios_gates_GateMutex_Module__id__C                          
000091da  ti_sysbios_hal_Hwi_Module__id__C                                  
000091dc  ti_sysbios_heaps_HeapMem_Module__id__C                            
000091de  ti_sysbios_knl_Clock_Module__id__C                                
000091e0  ti_sysbios_knl_Clock_Module__loggerDefined__C                     
000091e2  ti_sysbios_knl_Semaphore_Module__id__C                            
000091e4  ti_sysbios_knl_Semaphore_Module__loggerDefined__C                 
000091e6  ti_sysbios_knl_Swi_Module__id__C                                  
000091e8  ti_sysbios_knl_Swi_Module__loggerDefined__C                       
000091ea  ti_sysbios_knl_Task_Module__id__C                                 
000091ec  ti_sysbios_knl_Task_Module__loggerDefined__C                      
000091ee  ti_sysbios_utils_Load_Module__id__C                               
000091f0  ti_sysbios_utils_Load_Module__loggerDefined__C                    
000091f2  ti_sysbios_utils_Load_autoAddTasks__C                             
000091f4  ti_sysbios_utils_Load_updateInIdle__C                             
000091f6  ti_uia_loggers_LoggerStopMode_Module__id__C                       
000091f8  ti_uia_loggers_LoggerStopMode_isTimestampEnabled__C               
000091fa  xdc_runtime_Core_Module__id__C                                    
000091fc  xdc_runtime_Error_Module__loggerDefined__C                        
000091fe  xdc_runtime_Error_maxDepth__C                                     
00009200  xdc_runtime_Main_Module__id__C                                    
00009202  xdc_runtime_Main_Module__loggerDefined__C                         
00009204  xdc_runtime_Memory_Module__id__C                                  
00009206  xdc_runtime_SysMin_flushAtExit__C                                 
00009208  xdc_runtime_Text_charCnt__C                                       
0000920a  xdc_runtime_Text_isLoaded__C                                      
0000920c  xdc_runtime_Text_registryModsLastId__C                            
0000920e  xdc_runtime_Text_unnamedModsLastId__C                             
00009210  xdc_runtime_Error_policy__C                                       
00009218  __TI_static_base__                                                
0000945c  __TI_Handler_Table_Base                                           
00009468  __TI_Handler_Table_Limit                                          
00009478  __TI_CINIT_Base                                                   
00009490  __TI_CINIT_Limit                                                  
20000000  ti_sysbios_family_arm_m3_Hwi_ramVectors                           
20000380  ti_sysbios_heaps_HeapMem_Instance_State_0_buf__A                  
20001380  ti_sysbios_knl_Task_Instance_State_0_stack__A                     
20001b80  ti_uia_loggers_LoggerStopMode_Instance_State_1_packetArray__A     
20001f80  ti_uia_loggers_LoggerStopMode_Instance_State_2_packetArray__A     
20002380  xdc_runtime_SysMin_Module_State_0_outbuf__A                       
20002780  ti_sysbios_family_arm_m3_Hwi_dispatchTable                        
20002ae0  parmbuf                                                           
20002ae8  LEDSem                                                            
20002aec  LedToggleTask                                                     
20002af0  ti_sysbios_knl_Task_Instance_State_0_hookEnv__A                   
20002b00  ti_uia_loggers_LoggerStopMode_Instance_State_0_packetArray__A     
20002d00  __CIOBUF_                                                         
20002e80  ti_uia_loggers_LoggerStopMode_Instance_State_0_hdr__A             
20002f00  ti_uia_loggers_LoggerStopMode_Instance_State_1_hdr__A             
20002f80  ti_uia_loggers_LoggerStopMode_Instance_State_2_hdr__A             
20002fb0  ti_uia_loggers_LoggerStopMode_Object__table__V                    
2000304c  ti_sysbios_utils_Load_Module__state__V                            
200030e4  ti_sysbios_family_arm_lm4_Timer_Object__table__V                  
20003164  ti_sysbios_knl_Swi_Module_State_0_readyQ__A                       
200031e4  ti_sysbios_knl_Task_Module_State_0_readyQ__A                      
20003264  ti_sysbios_knl_Task_Object__table__V                              
200032b4  ti_sysbios_family_arm_m3_Hwi_Object__table__V                     
200032fc  ti_sysbios_knl_Task_Module__state__V                              
20003340  ti_sysbios_gates_GateMutex_Object__table__V                       
20003378  ti_sysbios_family_arm_m3_Hwi_Module__state__V                     
200033ac  ti_sysbios_family_arm_lm4_Timer_Module_State_0_device__A          
200033dc  ti_sysbios_knl_Swi_Object__table__V                               
2000340c  ti_sysbios_knl_Clock_Module__state__V                             
20003438  ti_sysbios_BIOS_Module__state__V                                  
2000345c  xdc_runtime_System_Module_State_0_atexitHandlers__A               
2000347c  ti_sysbios_knl_Swi_Module__state__V                               
20003498  ti_sysbios_utils_Load_Module_State_0_taskEnv__A                   
200034b4  ti_sysbios_family_arm_lm4_Timer_Module_State_0_handles__A         
200034cc  ti_sysbios_heaps_HeapMem_Object__table__V                         
200034e4  __TI_cleanup_ptr                                                  
200034e8  __TI_dtors_ptr                                                    
200034ec  __TI_enable_exit_profile_output                                   
200034f0  ti_sysbios_family_arm_lm4_Timer_Module__state__V                  
200034fc  ti_sysbios_knl_Task_Module__root__V                               
20003508  ti_uia_runtime_QueueDescriptor_Module__state__V                   
20003514  xdc_runtime_SysMin_Module__state__V                               
20003520  _lock                                                             
20003524  _unlock                                                           
20003528  ti_uia_runtime_QueueDescriptor_gPtrToFirstDescriptor              
2000352c  ti_uia_runtime_QueueDescriptor_gUpdateCount                       
20003530  ti_sysbios_family_arm_lm4_TimestampProvider_Module__state__V      
20003538  ti_sysbios_gates_GateHwi_Module__root__V                          
20003540  ti_sysbios_gates_GateMutex_Module__root__V                        
20003548  ti_sysbios_heaps_HeapMem_Module__root__V                          
20003550  ti_sysbios_knl_Queue_Module__root__V                              
20003558  ti_sysbios_knl_Semaphore_Module__root__V                          
20003560  ti_uia_loggers_LoggerStopMode_Module__root__V                     
20003568  xdc_runtime_Registry_Module__state__V                             
20003570  xdc_runtime_Startup_Module__state__V                              
20003578  xdc_runtime_System_Module__state__V                               
20003580  main_func_sp                                                      
20003584  ti_sysbios_family_arm_m3_Hwi_Module_State_0_excContext__A         
20003588  ti_sysbios_family_arm_m3_Hwi_Module_State_0_excStack__A           
2000358c  ti_sysbios_gates_GateHwi_Object__table__V                         
20003590  ti_sysbios_knl_Task_Module_State_0_idleTask__A                    
20003594  ti_sysbios_utils_Load_Module_State_0_runningTask__A               
20003598  ti_sysbios_utils_Load_Module_State_0_taskStartTime__A             
2000359c  xdc_runtime_Memory_Module__state__V                               
200035a0  i16ToggleCount                                                    
200035a2  ti_sysbios_family_arm_m3_Hwi_Module_State_0_excActive__A          
200035a4  xdc_runtime_Error_Module__state__V                                
200035a6  xdc_runtime_Main_Module__root__V                                  
200035a8  __stack                                                           
200036a8  __STACK_TOP                                                       
200039a8  __STACK_END                                                       
e000e000  ti_sysbios_family_arm_m3_Hwi_nvic                                 
ffffffff  __TI_pprof_out_hndl                                               
ffffffff  __TI_prof_data_size                                               
ffffffff  __TI_prof_data_start                                              
ffffffff  __binit__                                                         
ffffffff  __c_args__                                                        
ffffffff  binit                                                             
UNDEFED   SHT$$INIT_ARRAY$$Base                                             
UNDEFED   SHT$$INIT_ARRAY$$Limit                                            

[689 symbols]
